../DCCCctrl/Src/dccctrl_cmdi.c:51:9:cmd_estopa	8	static
../DCCCctrl/Src/dccctrl_cmdi.c:57:9:cmd_vdisp	112	static
../DCCCctrl/Src/dccctrl_cmdi.c:91:9:cmd_statusdisp	128	static
../DCCCctrl/Src/dccctrl_cmdi.c:125:9:cmd_andisp	96	static
../DCCCctrl/Src/dccctrl_cmdi.c:135:9:cmd_hbridge	16	static
../DCCCctrl/Src/dccctrl_cmdi.c:146:9:cmd_isenseconst	8	static
../DCCCctrl/Src/dccctrl_cmdi.c:154:9:cmd_mode	16	static
../DCCCctrl/Src/dccctrl_cmdi.c:174:9:cmd_ctrlif	8	static
../DCCCctrl/Src/dccctrl_cmdi.c:180:16:cmd_encctrl	8	static
../DCCCctrl/Src/dccctrl_cmdi.c:186:16:cmd_potctrl	8	static
../DCCCctrl/Src/dccctrl_cmdi.c:195:13:andisp	120	static
../DCCCctrl/Src/dccctrl_cmdi.c:203:16:cmd_aparms	8	static
../DCCCctrl/Src/dccctrl_cmdi.c:213:14:pgmode_check	8	static
../DCCCctrl/Src/dccctrl_cmdi.c:220:14:pgm_cmdstart	16	static
../DCCCctrl/Src/dccctrl_cmdi.c:238:14:pgm_verify_bit	16	static
../DCCCctrl/Src/dccctrl_cmdi.c:243:14:pgm_write_byte	16	static
../DCCCctrl/Src/dccctrl_cmdi.c:248:14:pgm_verify_byte	16	static
../DCCCctrl/Src/dccctrl_cmdi.c:253:13:cv_write	16	static
../DCCCctrl/Src/dccctrl_cmdi.c:279:16:cv_read	88	static
../DCCCctrl/Src/dccctrl_cmdi.c:310:13:cv_verify	16	static
../DCCCctrl/Src/dccctrl_cmdi.c:316:16:cv_readv	24	static
../DCCCctrl/Src/dccctrl_cmdi.c:327:16:cmd_cvrd	16	static
../DCCCctrl/Src/dccctrl_cmdi.c:335:16:cmd_cvrdm	16	static
../DCCCctrl/Src/dccctrl_cmdi.c:351:16:cmd_cvrda	8	static
../DCCCctrl/Src/dccctrl_cmdi.c:357:16:cmd_cvwr	16	static
../DCCCctrl/Src/dccctrl_cmdi.c:366:16:cmd_cvwra	16	static
../DCCCctrl/Src/dccctrl_cmdi.c:374:16:cmd_cvwrxa	16	static
../DCCCctrl/Src/dccctrl_cmdi.c:383:16:cmd_cvbwr	16	static
../DCCCctrl/Src/dccctrl_cmdi.c:393:16:cmd_cvvf	16	static
../DCCCctrl/Src/dccctrl_cmdi.c:402:16:cmd_cvwrv	8	static
../DCCCctrl/Src/dccctrl_cmdi.c:411:13:pom_cv_write	24	static
../DCCCctrl/Src/dccctrl_cmdi.c:427:16:cmd_pomcvwr	16	static
../DCCCctrl/Src/dccctrl_cmdi.c:444:16:cmd_addrdisp	72	static
../DCCCctrl/Src/dccctrl_cmdi.c:453:16:cmd_addr	8	static
../DCCCctrl/Src/dccctrl_cmdi.c:459:16:get_devidx	8	static
../DCCCctrl/Src/dccctrl_cmdi.c:464:13:devdisp	144	static
../DCCCctrl/Src/dccctrl_cmdi.c:474:16:cmd_devdisp	16	static
../DCCCctrl/Src/dccctrl_cmdi.c:482:16:cmd_devdef	16	static
../DCCCctrl/Src/dccctrl_cmdi.c:534:16:cmd_speedgroup	16	static
../DCCCctrl/Src/dccctrl_cmdi.c:546:16:cmd_devdelgroup	16	static
../DCCCctrl/Src/dccctrl_cmdi.c:559:16:cmd_devlist	16	static
../DCCCctrl/Src/dccctrl_cmdi.c:567:16:cmd_devoff	16	static
../DCCCctrl/Src/dccctrl_cmdi.c:585:16:cmd_funbitfield	32	static
../DCCCctrl/Src/dccctrl_cmdi.c:609:16:cmd_fun	24	static
../DCCCctrl/Src/dccctrl_cmdi.c:619:16:cmd_fun32	24	static
../DCCCctrl/Src/dccctrl_cmdi.c:629:16:cmd_fun64	24	static
../DCCCctrl/Src/dccctrl_cmdi.c:640:16:cmd_fdly	24	static
../DCCCctrl/Src/dccctrl_cmdi.c:662:16:cmd_ftoggle	24	static
../DCCCctrl/Src/dccctrl_cmdi.c:679:16:cmd_fx	24	static
../DCCCctrl/Src/dccctrl_cmdi.c:705:16:cmd_opmode	4	static
../DCCCctrl/Src/dccctrl_cmdi.c:711:16:cmd_pgmmode	4	static
../DCCCctrl/Src/dccctrl_cmdi.c:717:16:cmd_pktdump	8	static
../DCCCctrl/Src/dccctrl_cmdi.c:724:16:cmd_start	4	static
../DCCCctrl/Src/dccctrl_cmdi.c:730:16:cmd_stop	4	static
../DCCCctrl/Src/dccctrl_cmdi.c:734:16:cmd_bidi	8	static
../DCCCctrl/Src/dccctrl_cmdi.c:740:16:cmd_bemf	8	static
../DCCCctrl/Src/dccctrl_cmdi.c:747:16:cmd_dir	16	static
../DCCCctrl/Src/dccctrl_cmdi.c:755:16:cmd_estop	16	static
../DCCCctrl/Src/dccctrl_cmdi.c:768:16:cmd_fwd	16	static
../DCCCctrl/Src/dccctrl_cmdi.c:781:16:cmd_rev	16	static
../DCCCctrl/Src/dccctrl_cmdi.c:794:16:cmd_speed	16	static
../DCCCctrl/Src/dccctrl_cmdi.c:821:16:cmd_vol	16	static
../DCCCctrl/Src/dccctrl_cmdi.c:830:16:cmd_arctrl	8	static
../DCCCctrl/Src/dccctrl_cmdi.c:839:13:print_ar	128	static
../DCCCctrl/Src/dccctrl_cmdi.c:848:16:cmd_ardef	24	static
../DCCCctrl/Src/dccctrl_cmdi.c:870:16:cmd_arsave	4	static
../DCCCctrl/Src/dccctrl_cmdi.c:878:16:cmd_arshuttle	32	static
../DCCCctrl/Src/dccctrl_cmdi.c:908:16:cmd_arlist	48	static
../DCCCctrl/Src/dccctrl_cmdi.c:918:16:cmd_save	8	static
../DCCCctrl/Src/dccctrl_cmdi.c:924:16:cmd_rstcfg	8	static
../DCCCctrl/Src/dccctrl_cmdi.c:930:16:cmd_boot	8	static
../DCCCctrl/Src/dccctrl_cmdi.c:959:16:cmd_casesens	8	static
../DCCCctrl/Src/dccctrl_cmdi.c:966:16:cmd_help	8	static
../DCCCctrl/Src/dccctrl_cmdi.c:1099:7:cmd_lookup	40	static
../DCCCctrl/Src/dccctrl_cmdi.c:1124:6:cmd_repeat	8	static
../DCCCctrl/Src/dccctrl_cmdi.c:1134:6:display_prompt	8	static
../DCCCctrl/Src/dccctrl_cmdi.c:1141:6:display_signon	8	static
