Archive member included to satisfy reference by file (symbol)

c:/st/stm32cubeide_1.11.2/stm32cubeide/plugins/com.st.stm32cube.ide.mcu.externaltools.gnu-tools-for-stm32.10.3-2021.10.win32_1.0.100.202210260954/tools/bin/../lib/gcc/arm-none-eabi/10.3.1/../../../../arm-none-eabi/lib/thumb/v7e-m+fp/hard\libc_nano.a(lib_a-errno.o)
                              ./Core/Src/syscalls.o (__errno)
c:/st/stm32cubeide_1.11.2/stm32cubeide/plugins/com.st.stm32cube.ide.mcu.externaltools.gnu-tools-for-stm32.10.3-2021.10.win32_1.0.100.202210260954/tools/bin/../lib/gcc/arm-none-eabi/10.3.1/../../../../arm-none-eabi/lib/thumb/v7e-m+fp/hard\libc_nano.a(lib_a-exit.o)
                              c:/st/stm32cubeide_1.11.2/stm32cubeide/plugins/com.st.stm32cube.ide.mcu.externaltools.gnu-tools-for-stm32.10.3-2021.10.win32_1.0.100.202210260954/tools/bin/../lib/gcc/arm-none-eabi/10.3.1/../../../../arm-none-eabi/lib/thumb/v7e-m+fp/hard/crt0.o (exit)
c:/st/stm32cubeide_1.11.2/stm32cubeide/plugins/com.st.stm32cube.ide.mcu.externaltools.gnu-tools-for-stm32.10.3-2021.10.win32_1.0.100.202210260954/tools/bin/../lib/gcc/arm-none-eabi/10.3.1/../../../../arm-none-eabi/lib/thumb/v7e-m+fp/hard\libc_nano.a(lib_a-impure.o)
                              c:/st/stm32cubeide_1.11.2/stm32cubeide/plugins/com.st.stm32cube.ide.mcu.externaltools.gnu-tools-for-stm32.10.3-2021.10.win32_1.0.100.202210260954/tools/bin/../lib/gcc/arm-none-eabi/10.3.1/../../../../arm-none-eabi/lib/thumb/v7e-m+fp/hard\libc_nano.a(lib_a-exit.o) (_global_impure_ptr)
c:/st/stm32cubeide_1.11.2/stm32cubeide/plugins/com.st.stm32cube.ide.mcu.externaltools.gnu-tools-for-stm32.10.3-2021.10.win32_1.0.100.202210260954/tools/bin/../lib/gcc/arm-none-eabi/10.3.1/../../../../arm-none-eabi/lib/thumb/v7e-m+fp/hard\libc_nano.a(lib_a-init.o)
                              c:/st/stm32cubeide_1.11.2/stm32cubeide/plugins/com.st.stm32cube.ide.mcu.externaltools.gnu-tools-for-stm32.10.3-2021.10.win32_1.0.100.202210260954/tools/bin/../lib/gcc/arm-none-eabi/10.3.1/../../../../arm-none-eabi/lib/thumb/v7e-m+fp/hard/crt0.o (__libc_init_array)
c:/st/stm32cubeide_1.11.2/stm32cubeide/plugins/com.st.stm32cube.ide.mcu.externaltools.gnu-tools-for-stm32.10.3-2021.10.win32_1.0.100.202210260954/tools/bin/../lib/gcc/arm-none-eabi/10.3.1/../../../../arm-none-eabi/lib/thumb/v7e-m+fp/hard\libc_nano.a(lib_a-memcpy-stub.o)
                              ./Drivers/BSP/X-NUCLEO-53L0A1/X-NUCLEO-53L0A1.o (memcpy)
c:/st/stm32cubeide_1.11.2/stm32cubeide/plugins/com.st.stm32cube.ide.mcu.externaltools.gnu-tools-for-stm32.10.3-2021.10.win32_1.0.100.202210260954/tools/bin/../lib/gcc/arm-none-eabi/10.3.1/../../../../arm-none-eabi/lib/thumb/v7e-m+fp/hard\libc_nano.a(lib_a-memset.o)
                              c:/st/stm32cubeide_1.11.2/stm32cubeide/plugins/com.st.stm32cube.ide.mcu.externaltools.gnu-tools-for-stm32.10.3-2021.10.win32_1.0.100.202210260954/tools/bin/../lib/gcc/arm-none-eabi/10.3.1/../../../../arm-none-eabi/lib/thumb/v7e-m+fp/hard/crt0.o (memset)
c:/st/stm32cubeide_1.11.2/stm32cubeide/plugins/com.st.stm32cube.ide.mcu.externaltools.gnu-tools-for-stm32.10.3-2021.10.win32_1.0.100.202210260954/tools/bin/../lib/gcc/arm-none-eabi/10.3.1/../../../../arm-none-eabi/lib/thumb/v7e-m+fp/hard\libc_nano.a(lib_a-sprintf.o)
                              ./Core/Src/main.o (sprintf)
c:/st/stm32cubeide_1.11.2/stm32cubeide/plugins/com.st.stm32cube.ide.mcu.externaltools.gnu-tools-for-stm32.10.3-2021.10.win32_1.0.100.202210260954/tools/bin/../lib/gcc/arm-none-eabi/10.3.1/../../../../arm-none-eabi/lib/thumb/v7e-m+fp/hard\libc_nano.a(lib_a-strcpy.o)
                              ./Drivers/BSP/vl53l0x/vl53l0x_api_core.o (strcpy)
c:/st/stm32cubeide_1.11.2/stm32cubeide/plugins/com.st.stm32cube.ide.mcu.externaltools.gnu-tools-for-stm32.10.3-2021.10.win32_1.0.100.202210260954/tools/bin/../lib/gcc/arm-none-eabi/10.3.1/../../../../arm-none-eabi/lib/thumb/v7e-m+fp/hard\libc_nano.a(lib_a-vsnprintf.o)
                              ./Drivers/BSP/X-NUCLEO-53L0A1/uart_trace.o (vsnprintf)
c:/st/stm32cubeide_1.11.2/stm32cubeide/plugins/com.st.stm32cube.ide.mcu.externaltools.gnu-tools-for-stm32.10.3-2021.10.win32_1.0.100.202210260954/tools/bin/../lib/gcc/arm-none-eabi/10.3.1/../../../../arm-none-eabi/lib/thumb/v7e-m+fp/hard\libc_nano.a(lib_a-nano-svfprintf.o)
                              c:/st/stm32cubeide_1.11.2/stm32cubeide/plugins/com.st.stm32cube.ide.mcu.externaltools.gnu-tools-for-stm32.10.3-2021.10.win32_1.0.100.202210260954/tools/bin/../lib/gcc/arm-none-eabi/10.3.1/../../../../arm-none-eabi/lib/thumb/v7e-m+fp/hard\libc_nano.a(lib_a-sprintf.o) (_svfprintf_r)
c:/st/stm32cubeide_1.11.2/stm32cubeide/plugins/com.st.stm32cube.ide.mcu.externaltools.gnu-tools-for-stm32.10.3-2021.10.win32_1.0.100.202210260954/tools/bin/../lib/gcc/arm-none-eabi/10.3.1/../../../../arm-none-eabi/lib/thumb/v7e-m+fp/hard\libc_nano.a(lib_a-nano-vfprintf_i.o)
[...]
Memory Configuration

Name             Origin             Length             Attributes
RAM              0x0000000020000000 0x0000000000018000 xrw
FLASH            0x0000000008000000 0x0000000000080000 xr
*default*        0x0000000000000000 0xffffffffffffffff

Linker script and memory map

LOAD c:/st/stm32cubeide_1.11.2/stm32cubeide/plugins/com.st.stm32cube.ide.mcu.externaltools.gnu-tools-for-stm32.10.3-2021.10.win32_1.0.100.202210260954/tools/bin/../lib/gcc/arm-none-eabi/10.3.1/thumb/v7e-m+fp/hard/crti.o
LOAD c:/st/stm32cubeide_1.11.2/stm32cubeide/plugins/com.st.stm32cube.ide.mcu.externaltools.gnu-tools-for-stm32.10.3-2021.10.win32_1.0.100.202210260954/tools/bin/../lib/gcc/arm-none-eabi/10.3.1/thumb/v7e-m+fp/hard/crtbegin.o
LOAD c:/st/stm32cubeide_1.11.2/stm32cubeide/plugins/com.st.stm32cube.ide.mcu.externaltools.gnu-tools-for-stm32.10.3-2021.10.win32_1.0.100.202210260954/tools/bin/../lib/gcc/arm-none-eabi/10.3.1/../../../../arm-none-eabi/lib/thumb/v7e-m+fp/hard/crt0.o
LOAD ./Core/Src/auxilary.o
LOAD ./Core/Src/main.o
LOAD ./Core/Src/stm32f4xx_hal_msp.o
LOAD ./Core/Src/stm32f4xx_it.o
LOAD ./Core/Src/syscalls.o
LOAD ./Core/Src/sysmem.o
LOAD ./Core/Src/system_stm32f4xx.o
LOAD ./Core/Startup/startup_stm32f401retx.o
LOAD ./Drivers/BSP/X-NUCLEO-53L0A1/X-NUCLEO-53L0A1.o
LOAD ./Drivers/BSP/X-NUCLEO-53L0A1/uart_trace.o
LOAD ./Drivers/BSP/X-NUCLEO-53L0A1/vl53l0a1-l053msp.o
LOAD ./Drivers/BSP/X-NUCLEO-53L0A1/vl53l0a1-x4msp.o
LOAD ./Drivers/BSP/X-NUCLEO-53L0A1/vl53l0x_platform.o
LOAD ./Drivers/BSP/vl53l0x/vl53l0x_api.o
LOAD ./Drivers/BSP/vl53l0x/vl53l0x_api_calibration.o
LOAD ./Drivers/BSP/vl53l0x/vl53l0x_api_core.o
LOAD ./Drivers/BSP/vl53l0x/vl53l0x_api_ranging.o
LOAD ./Drivers/BSP/vl53l0x/vl53l0x_api_strings.o
LOAD ./Drivers/BSP/vl53l0x/vl53l0x_platform_log.o
LOAD ./Drivers/STM32F4xx_HAL_Driver/Src/stm32f4xx_hal.o
LOAD ./Drivers/STM32F4xx_HAL_Driver/Src/stm32f4xx_hal_cortex.o
LOAD ./Drivers/STM32F4xx_HAL_Driver/Src/stm32f4xx_hal_dma.o
LOAD ./Drivers/STM32F4xx_HAL_Driver/Src/stm32f4xx_hal_dma_ex.o
LOAD ./Drivers/STM32F4xx_HAL_Driver/Src/stm32f4xx_hal_exti.o
LOAD ./Drivers/STM32F4xx_HAL_Driver/Src/stm32f4xx_hal_flash.o
LOAD ./Drivers/STM32F4xx_HAL_Driver/Src/stm32f4xx_hal_flash_ex.o
LOAD ./Drivers/STM32F4xx_HAL_Driver/Src/stm32f4xx_hal_flash_ramfunc.o
LOAD ./Drivers/STM32F4xx_HAL_Driver/Src/stm32f4xx_hal_gpio.o
LOAD ./Drivers/STM32F4xx_HAL_Driver/Src/stm32f4xx_hal_i2c.o
LOAD ./Drivers/STM32F4xx_HAL_Driver/Src/stm32f4xx_hal_i2c_ex.o
LOAD ./Drivers/STM32F4xx_HAL_Driver/Src/stm32f4xx_hal_pwr.o
LOAD ./Drivers/STM32F4xx_HAL_Driver/Src/stm32f4xx_hal_pwr_ex.o
LOAD ./Drivers/STM32F4xx_HAL_Driver/Src/stm32f4xx_hal_rcc.o
LOAD ./Drivers/STM32F4xx_HAL_Driver/Src/stm32f4xx_hal_rcc_ex.o
LOAD ./Drivers/STM32F4xx_HAL_Driver/Src/stm32f4xx_hal_tim.o
LOAD ./Drivers/STM32F4xx_HAL_Driver/Src/stm32f4xx_hal_tim_ex.o
LOAD ./Drivers/STM32F4xx_HAL_Driver/Src/stm32f4xx_hal_uart.o
START GROUP
LOAD c:/st/stm32cubeide_1.11.2/stm32cubeide/plugins/com.st.stm32cube.ide.mcu.externaltools.gnu-tools-for-stm32.10.3-2021.10.win32_1.0.100.202210260954/tools/bin/../lib/gcc/arm-none-eabi/10.3.1/../../../../arm-none-eabi/lib/thumb/v7e-m+fp/hard\libc_nano.a
LOAD c:/st/stm32cubeide_1.11.2/stm32cubeide/plugins/com.st.stm32cube.ide.mcu.externaltools.gnu-tools-for-stm32.10.3-2021.10.win32_1.0.100.202210260954/tools/bin/../lib/gcc/arm-none-eabi/10.3.1/../../../../arm-none-eabi/lib/thumb/v7e-m+fp/hard\libm.a
END GROUP
START GROUP
LOAD c:/st/stm32cubeide_1.11.2/stm32cubeide/plugins/com.st.stm32cube.ide.mcu.externaltools.gnu-tools-for-stm32.10.3-2021.10.win32_1.0.100.202210260954/tools/bin/../lib/gcc/arm-none-eabi/10.3.1/thumb/v7e-m+fp/hard\libgcc.a
LOAD c:/st/stm32cubeide_1.11.2/stm32cubeide/plugins/com.st.stm32cube.ide.mcu.externaltools.gnu-tools-for-stm32.10.3-2021.10.win32_1.0.100.202210260954/tools/bin/../lib/gcc/arm-none-eabi/10.3.1/../../../../arm-none-eabi/lib/thumb/v7e-m+fp/hard\libc_nano.a
END GROUP
START GROUP
LOAD c:/st/stm32cubeide_1.11.2/stm32cubeide/plugins/com.st.stm32cube.ide.mcu.externaltools.gnu-tools-for-stm32.10.3-2021.10.win32_1.0.100.202210260954/tools/bin/../lib/gcc/arm-none-eabi/10.3.1/thumb/v7e-m+fp/hard\libgcc.a
LOAD c:/st/stm32cubeide_1.11.2/stm32cubeide/plugins/com.st.stm32cube.ide.mcu.externaltools.gnu-tools-for-stm32.10.3-2021.10.win32_1.0.100.202210260954/tools/bin/../lib/gcc/arm-none-eabi/10.3.1/../../../../arm-none-eabi/lib/thumb/v7e-m+fp/hard\libc_nano.a
LOAD c:/st/stm32cubeide_1.11.2/stm32cubeide/plugins/com.st.stm32cube.ide.mcu.externaltools.gnu-tools-for-stm32.10.3-2021.10.win32_1.0.100.202210260954/tools/bin/../lib/gcc/arm-none-eabi/10.3.1/../../../../arm-none-eabi/lib/thumb/v7e-m+fp/hard\libnosys.a
END GROUP
START GROUP
LOAD c:/st/stm32cubeide_1.11.2/stm32cubeide/plugins/com.st.stm32cube.ide.mcu.externaltools.gnu-tools-for-stm32.10.3-2021.10.win32_1.0.100.202210260954/tools/bin/../lib/gcc/arm-none-eabi/10.3.1/thumb/v7e-m+fp/hard\libgcc.a
LOAD c:/st/stm32cubeide_1.11.2/stm32cubeide/plugins/com.st.stm32cube.ide.mcu.externaltools.gnu-tools-for-stm32.10.3-2021.10.win32_1.0.100.202210260954/tools/bin/../lib/gcc/arm-none-eabi/10.3.1/../../../../arm-none-eabi/lib/thumb/v7e-m+fp/hard\libc_nano.a
LOAD c:/st/stm32cubeide_1.11.2/stm32cubeide/plugins/com.st.stm32cube.ide.mcu.externaltools.gnu-tools-for-stm32.10.3-2021.10.win32_1.0.100.202210260954/tools/bin/../lib/gcc/arm-none-eabi/10.3.1/../../../../arm-none-eabi/lib/thumb/v7e-m+fp/hard\libnosys.a
END GROUP
LOAD c:/st/stm32cubeide_1.11.2/stm32cubeide/plugins/com.st.stm32cube.ide.mcu.externaltools.gnu-tools-for-stm32.10.3-2021.10.win32_1.0.100.202210260954/tools/bin/../lib/gcc/arm-none-eabi/10.3.1/thumb/v7e-m+fp/hard/crtend.o
LOAD c:/st/stm32cubeide_1.11.2/stm32cubeide/plugins/com.st.stm32cube.ide.mcu.externaltools.gnu-tools-for-stm32.10.3-2021.10.win32_1.0.100.202210260954/tools/bin/../lib/gcc/arm-none-eabi/10.3.1/thumb/v7e-m+fp/hard/crtn.o
                0x0000000020018000                _estack = (ORIGIN (RAM) + LENGTH (RAM))
                0x0000000000000200                _Min_Heap_Size = 0x200
                0x0000000000000400                _Min_Stack_Size = 0x400

.isr_vector     0x0000000008000000      0x194
                0x0000000008000000                . = ALIGN (0x4)
 *(.isr_vector)
 .isr_vector    0x0000000008000000      0x194 ./Core/Startup/startup_stm32f401retx.o
                0x0000000008000000                g_pfnVectors
                0x0000000008000194                . = ALIGN (0x4)

.text           0x00000000080001a0     0xc3f4
                0x00000000080001a0                . = ALIGN (0x4)
 *(.text)
 .text          0x00000000080001a0       0x40 c:/st/stm32cubeide_1.11.2/stm32cubeide/plugins/com.st.stm32cube.ide.mcu.externaltools.gnu-tools-for-stm32.10.3-2021.10.win32_1.0.100.202210260954/tools/bin/../lib/gcc/arm-none-eabi/10.3.1/thumb/v7e-m+fp/hard/crtbegin.o
 .text          0x00000000080001e0       0xa0 c:/st/stm32cubeide_1.11.2/stm32cubeide/plugins/com.st.stm32cube.ide.mcu.externaltools.gnu-tools-for-stm32.10.3-2021.10.win32_1.0.100.202210260954/tools/bin/../lib/gcc/arm-none-eabi/10.3.1/../../../../arm-none-eabi/lib/thumb/v7e-m+fp/hard\libc_nano.a(lib_a-memchr.o)
                0x00000000080001e0                memchr
 .text          0x0000000008000280       0x30 c:/st/stm32cubeide_1.11.2/stm32cubeide/plugins/com.st.stm32cube.ide.mcu.externaltools.gnu-tools-for-stm32.10.3-2021.10.win32_1.0.100.202210260954/tools/bin/../lib/gcc/arm-none-eabi/10.3.1/thumb/v7e-m+fp/hard\libgcc.a(_aeabi_uldivmod.o)
                0x0000000008000280                __aeabi_uldivmod
 .text          0x00000000080002b0      0x2d0 c:/st/stm32cubeide_1.11.2/stm32cubeide/plugins/com.st.stm32cube.ide.mcu.externaltools.gnu-tools-for-stm32.10.3-2021.10.win32_1.0.100.202210260954/tools/bin/../lib/gcc/arm-none-eabi/10.3.1/thumb/v7e-m+fp/hard\libgcc.a(_udivmoddi4.o)
                0x00000000080002b0                __udivmoddi4
 .text          0x0000000008000580        0x4 c:/st/stm32cubeide_1.11.2/stm32cubeide/plugins/com.st.stm32cube.ide.mcu.externaltools.gnu-tools-for-stm32.10.3-2021.10.win32_1.0.100.202210260954/tools/bin/../lib/gcc/arm-none-eabi/10.3.1/thumb/v7e-m+fp/hard\libgcc.a(_dvmd_tls.o)
                0x0000000008000580                __aeabi_idiv0
                0x0000000008000580                __aeabi_ldiv0
 *(.text*)
 .text.TimeStamp_Get
                0x0000000008000584       0x18 ./Core/Src/main.o
                0x0000000008000584                TimeStamp_Get
 .text.HandleError
                0x000000000800059c       0x28 ./Core/Src/main.o
                0x000000000800059c                HandleError
 .text.SetupSingleShot
                0x00000000080005c4      0x2f0 ./Core/Src/main.o
                0x00000000080005c4                SetupSingleShot
 .text.Sensor_SetNewRange
                0x00000000080008b4       0x74 ./Core/Src/main.o
                0x00000000080008b4                Sensor_SetNewRange
 .text.RangeDemo
                0x0000000008000928      0x1b8 ./Core/Src/main.o
                0x0000000008000928                RangeDemo
 .text.ResetId  0x0000000008000ae0       0x44 ./Core/Src/main.o
 .text.main     0x0000000008000b24      0x244 ./Core/Src/main.o
                0x0000000008000b24                main
 .text.SystemClock_Config
                0x0000000008000d68       0xd8 ./Core/Src/main.o
                0x0000000008000d68                SystemClock_Config
 .text.MX_I2C1_Init
                0x0000000008000e40       0x5c ./Core/Src/main.o
 .text.MX_I2C3_Init
                0x0000000008000e9c       0x5c ./Core/Src/main.o
 .text.MX_TIM5_Init
                0x0000000008000ef8       0xb4 ./Core/Src/main.o
 .text.MX_TIM10_Init
                0x0000000008000fac       0x48 ./Core/Src/main.o
 .text.MX_USART2_UART_Init
                0x0000000008000ff4       0x54 ./Core/Src/main.o
 .text.MX_DMA_Init
                0x0000000008001048       0x40 ./Core/Src/main.o
 .text.MX_GPIO_Init
                0x0000000008001088      0x12c ./Core/Src/main.o
 .text.HAL_TIM_PeriodElapsedCallback
                0x00000000080011b4       0x2c ./Core/Src/main.o
                0x00000000080011b4                HAL_TIM_PeriodElapsedCallback
 .text.Error_Handler
                0x00000000080011e0        0xa ./Core/Src/main.o
                0x00000000080011e0                Error_Handler
 *fill*         0x00000000080011ea        0x2 
 .text.HAL_MspInit
                0x00000000080011ec       0x50 ./Core/Src/stm32f4xx_hal_msp.o
                0x00000000080011ec                HAL_MspInit
 .text.HAL_I2C_MspInit
                0x000000000800123c      0x140 ./Core/Src/stm32f4xx_hal_msp.o
                0x000000000800123c                HAL_I2C_MspInit
 .text.HAL_TIM_OC_MspInit
                0x000000000800137c       0x44 ./Core/Src/stm32f4xx_hal_msp.o
                0x000000000800137c                HAL_TIM_OC_MspInit
 .text.HAL_TIM_Base_MspInit
                0x00000000080013c0       0x50 ./Core/Src/stm32f4xx_hal_msp.o
                0x00000000080013c0                HAL_TIM_Base_MspInit
 .text.HAL_TIM_MspPostInit
                0x0000000008001410       0x74 ./Core/Src/stm32f4xx_hal_msp.o
                0x0000000008001410                HAL_TIM_MspPostInit
 .text.HAL_UART_MspInit
                0x0000000008001484      0x104 ./Core/Src/stm32f4xx_hal_msp.o
                0x0000000008001484                HAL_UART_MspInit
 .text.NMI_Handler
                0x0000000008001588        0x6 ./Core/Src/stm32f4xx_it.o
                0x0000000008001588                NMI_Handler
 .text.HardFault_Handler
                0x000000000800158e        0x6 ./Core/Src/stm32f4xx_it.o
                0x000000000800158e                HardFault_Handler
 .text.MemManage_Handler
                0x0000000008001594        0x6 ./Core/Src/stm32f4xx_it.o
                0x0000000008001594                MemManage_Handler
 .text.BusFault_Handler
                0x000000000800159a        0x6 ./Core/Src/stm32f4xx_it.o
                0x000000000800159a                BusFault_Handler
 .text.UsageFault_Handler
                0x00000000080015a0        0x6 ./Core/Src/stm32f4xx_it.o
                0x00000000080015a0                UsageFault_Handler
 .text.SVC_Handler
                0x00000000080015a6        0xe ./Core/Src/stm32f4xx_it.o
                0x00000000080015a6                SVC_Handler
 .text.DebugMon_Handler
                0x00000000080015b4        0xe ./Core/Src/stm32f4xx_it.o
                0x00000000080015b4                DebugMon_Handler
 .text.PendSV_Handler
                0x00000000080015c2        0xe ./Core/Src/stm32f4xx_it.o
                0x00000000080015c2                PendSV_Handler
 .text.SysTick_Handler
                0x00000000080015d0        0xc ./Core/Src/stm32f4xx_it.o
                0x00000000080015d0                SysTick_Handler
 .text.EXTI4_IRQHandler
                0x00000000080015dc        0xe ./Core/Src/stm32f4xx_it.o
                0x00000000080015dc                EXTI4_IRQHandler
 *fill*         0x00000000080015ea        0x2 
 .text.DMA1_Stream6_IRQHandler
                0x00000000080015ec       0x14 ./Core/Src/stm32f4xx_it.o
                0x00000000080015ec                DMA1_Stream6_IRQHandler
 .text.TIM1_UP_TIM10_IRQHandler
                0x0000000008001600       0x14 ./Core/Src/stm32f4xx_it.o
                0x0000000008001600                TIM1_UP_TIM10_IRQHandler
 .text.USART2_IRQHandler
                0x0000000008001614       0x14 ./Core/Src/stm32f4xx_it.o
                0x0000000008001614                USART2_IRQHandler
 .text._sbrk    0x0000000008001628       0x6c ./Core/Src/sysmem.o
                0x0000000008001628                _sbrk
 .text.SystemInit
                0x0000000008001694       0x24 ./Core/Src/system_stm32f4xx.o
                0x0000000008001694                SystemInit
 .text.Reset_Handler
                0x00000000080016b8       0x50 ./Core/Startup/startup_stm32f401retx.o
                0x00000000080016b8                Reset_Handler
 .text.Default_Handler
                0x0000000008001708        0x2 ./Core/Startup/startup_stm32f401retx.o
                0x0000000008001708                RTC_Alarm_IRQHandler
                0x0000000008001708                EXTI2_IRQHandler
                0x0000000008001708                SPI4_IRQHandler
                0x0000000008001708                TIM1_CC_IRQHandler
                0x0000000008001708                DMA2_Stream5_IRQHandler
                0x0000000008001708                DMA1_Stream5_IRQHandler
                0x0000000008001708                PVD_IRQHandler
                0x0000000008001708                SDIO_IRQHandler
                0x0000000008001708                TAMP_STAMP_IRQHandler
                0x0000000008001708                EXTI3_IRQHandler
                0x0000000008001708                I2C3_ER_IRQHandler
                0x0000000008001708                EXTI0_IRQHandler
                0x0000000008001708                I2C2_EV_IRQHandler
                0x0000000008001708                DMA1_Stream2_IRQHandler
                0x0000000008001708                FPU_IRQHandler
                0x0000000008001708                DMA2_Stream2_IRQHandler
                0x0000000008001708                SPI1_IRQHandler
                0x0000000008001708                TIM1_BRK_TIM9_IRQHandler
                0x0000000008001708                DMA2_Stream3_IRQHandler
                0x0000000008001708                USART6_IRQHandler
                0x0000000008001708                DMA2_Stream0_IRQHandler
                0x0000000008001708                TIM4_IRQHandler
                0x0000000008001708                I2C1_EV_IRQHandler
                0x0000000008001708                DMA1_Stream1_IRQHandler
                0x0000000008001708                TIM3_IRQHandler
                0x0000000008001708                RCC_IRQHandler
                0x0000000008001708                Default_Handler
                0x0000000008001708                ADC_IRQHandler
                0x0000000008001708                DMA1_Stream7_IRQHandler
                0x0000000008001708                TIM5_IRQHandler
                0x0000000008001708                DMA2_Stream7_IRQHandler
                0x0000000008001708                I2C3_EV_IRQHandler
                0x0000000008001708                RTC_WKUP_IRQHandler
                0x0000000008001708                SPI2_IRQHandler
                0x0000000008001708                DMA1_Stream0_IRQHandler
                0x0000000008001708                WWDG_IRQHandler
                0x0000000008001708                TIM2_IRQHandler
                0x0000000008001708                OTG_FS_WKUP_IRQHandler
                0x0000000008001708                TIM1_TRG_COM_TIM11_IRQHandler
                0x0000000008001708                EXTI1_IRQHandler
                0x0000000008001708                I2C2_ER_IRQHandler
                0x0000000008001708                DMA2_Stream1_IRQHandler
                0x0000000008001708                FLASH_IRQHandler
                0x0000000008001708                DMA2_Stream4_IRQHandler
                0x0000000008001708                USART1_IRQHandler
                0x0000000008001708                OTG_FS_IRQHandler
                0x0000000008001708                SPI3_IRQHandler
                0x0000000008001708                DMA1_Stream4_IRQHandler
                0x0000000008001708                I2C1_ER_IRQHandler
                0x0000000008001708                DMA2_Stream6_IRQHandler
                0x0000000008001708                DMA1_Stream3_IRQHandler
 *fill*         0x000000000800170a        0x2 
 .text._ExpandersSetAllIO
                0x000000000800170c       0x40 ./Drivers/BSP/X-NUCLEO-53L0A1/X-NUCLEO-53L0A1.o
 .text._ExpanderWR
                0x000000000800174c       0x50 ./Drivers/BSP/X-NUCLEO-53L0A1/X-NUCLEO-53L0A1.o
 .text.XNUCLEO53L0A1_SetDisplayString
                0x000000000800179c       0xd0 ./Drivers/BSP/X-NUCLEO-53L0A1/X-NUCLEO-53L0A1.o
                0x000000000800179c                XNUCLEO53L0A1_SetDisplayString
 .text.HAL_UART_TxCpltCallback
                0x000000000800186c       0x20 ./Drivers/BSP/X-NUCLEO-53L0A1/uart_trace.o
                0x000000000800186c                HAL_UART_TxCpltCallback
 .text.uart_vprintf
                0x000000000800188c       0x74 ./Drivers/BSP/X-NUCLEO-53L0A1/uart_trace.o
                0x000000000800188c                uart_vprintf
 .text.uart_printf
                0x0000000008001900       0x38 ./Drivers/BSP/X-NUCLEO-53L0A1/uart_trace.o
                0x0000000008001900                uart_printf
 .text.VL53L0A1_EXTI_Callback
                0x0000000008001938       0x16 ./Drivers/BSP/X-NUCLEO-53L0A1/vl53l0a1-l053msp.o
                0x0000000008001938                VL53L0A1_EXTI_Callback
 .text.HAL_GPIO_EXTI_Callback
                0x000000000800194e       0x50 ./Drivers/BSP/X-NUCLEO-53L0A1/vl53l0a1-x4msp.o
                0x000000000800194e                HAL_GPIO_EXTI_Callback
 .text.EXTI9_5_IRQHandler
                0x000000000800199e        0xe ./Drivers/BSP/X-NUCLEO-53L0A1/vl53l0a1-x4msp.o
                0x000000000800199e                EXTI9_5_IRQHandler
 .text.EXTI15_10_IRQHandler
                0x00000000080019ac       0x10 ./Drivers/BSP/X-NUCLEO-53L0A1/vl53l0a1-x4msp.o
                0x00000000080019ac                EXTI15_10_IRQHandler
 .text._I2CWrite
                0x00000000080019bc       0x3e ./Drivers/BSP/X-NUCLEO-53L0A1/vl53l0x_platform.o
                0x00000000080019bc                _I2CWrite
 .text._I2CRead
                0x00000000080019fa       0x44 ./Drivers/BSP/X-NUCLEO-53L0A1/vl53l0x_platform.o
                0x00000000080019fa                _I2CRead
 *fill*         0x0000000008001a3e        0x2 
 .text.VL53L0X_WriteMulti
                0x0000000008001a40       0x60 ./Drivers/BSP/X-NUCLEO-53L0A1/vl53l0x_platform.o
                0x0000000008001a40                VL53L0X_WriteMulti
 .text.VL53L0X_ReadMulti
                0x0000000008001aa0       0x56 ./Drivers/BSP/X-NUCLEO-53L0A1/vl53l0x_platform.o
                0x0000000008001aa0                VL53L0X_ReadMulti
 *fill*         0x0000000008001af6        0x2 
 .text.VL53L0X_WrByte
                0x0000000008001af8       0x48 ./Drivers/BSP/X-NUCLEO-53L0A1/vl53l0x_platform.o
                0x0000000008001af8                VL53L0X_WrByte
 .text.VL53L0X_WrWord
                0x0000000008001b40       0x54 ./Drivers/BSP/X-NUCLEO-53L0A1/vl53l0x_platform.o
                0x0000000008001b40                VL53L0X_WrWord
 .text.VL53L0X_UpdateByte
                0x0000000008001b94       0x68 ./Drivers/BSP/X-NUCLEO-53L0A1/vl53l0x_platform.o
                0x0000000008001b94                VL53L0X_UpdateByte
 .text.VL53L0X_RdByte
                0x0000000008001bfc       0x54 ./Drivers/BSP/X-NUCLEO-53L0A1/vl53l0x_platform.o
                0x0000000008001bfc                VL53L0X_RdByte
 .text.VL53L0X_RdWord
                0x0000000008001c50       0x70 ./Drivers/BSP/X-NUCLEO-53L0A1/vl53l0x_platform.o
                0x0000000008001c50                VL53L0X_RdWord
 .text.VL53L0X_RdDWord
                0x0000000008001cc0       0x78 ./Drivers/BSP/X-NUCLEO-53L0A1/vl53l0x_platform.o
                0x0000000008001cc0                VL53L0X_RdDWord
 .text.VL53L0X_PollingDelay
                0x0000000008001d38       0x50 ./Drivers/BSP/X-NUCLEO-53L0A1/vl53l0x_platform.o
                0x0000000008001d38                VL53L0X_PollingDelay
 .text.VL53L0X_GetOffsetCalibrationDataMicroMeter
                0x0000000008001d88       0x7c ./Drivers/BSP/vl53l0x/vl53l0x_api.o
                0x0000000008001d88                VL53L0X_GetOffsetCalibrationDataMicroMeter
 .text.VL53L0X_SetDeviceAddress
                0x0000000008001e04       0x88 ./Drivers/BSP/vl53l0x/vl53l0x_api.o
                0x0000000008001e04                VL53L0X_SetDeviceAddress
 .text.VL53L0X_DataInit
                0x0000000008001e8c      0x31c ./Drivers/BSP/vl53l0x/vl53l0x_api.o
                0x0000000008001e8c                VL53L0X_DataInit
 .text.VL53L0X_StaticInit
                0x00000000080021a8      0x364 ./Drivers/BSP/vl53l0x/vl53l0x_api.o
                0x00000000080021a8                VL53L0X_StaticInit
 .text.VL53L0X_GetDeviceParameters
                0x000000000800250c      0x178 ./Drivers/BSP/vl53l0x/vl53l0x_api.o
                0x000000000800250c                VL53L0X_GetDeviceParameters
 .text.VL53L0X_SetDeviceMode
                0x0000000008002684       0xac ./Drivers/BSP/vl53l0x/vl53l0x_api.o
                0x0000000008002684                VL53L0X_SetDeviceMode
 .text.VL53L0X_GetDeviceMode
                0x0000000008002730       0x78 ./Drivers/BSP/vl53l0x/vl53l0x_api.o
                0x0000000008002730                VL53L0X_GetDeviceMode
 .text.VL53L0X_GetFractionEnable
                0x00000000080027a8       0x94 ./Drivers/BSP/vl53l0x/vl53l0x_api.o
                0x00000000080027a8                VL53L0X_GetFractionEnable
 .text.VL53L0X_SetMeasurementTimingBudgetMicroSeconds
                0x000000000800283c       0x7c ./Drivers/BSP/vl53l0x/vl53l0x_api.o
                0x000000000800283c                VL53L0X_SetMeasurementTimingBudgetMicroSeconds
 .text.VL53L0X_GetMeasurementTimingBudgetMicroSeconds
                0x00000000080028b8       0x7c ./Drivers/BSP/vl53l0x/vl53l0x_api.o
                0x00000000080028b8                VL53L0X_GetMeasurementTimingBudgetMicroSeconds
 .text.VL53L0X_SetVcselPulsePeriod
                0x0000000008002934       0x88 ./Drivers/BSP/vl53l0x/vl53l0x_api.o
                0x0000000008002934                VL53L0X_SetVcselPulsePeriod
 .text.VL53L0X_GetVcselPulsePeriod
                0x00000000080029bc       0x84 ./Drivers/BSP/vl53l0x/vl53l0x_api.o
                0x00000000080029bc                VL53L0X_GetVcselPulsePeriod
 .text.VL53L0X_SetSequenceStepEnable
                0x0000000008002a40      0x19c ./Drivers/BSP/vl53l0x/vl53l0x_api.o
                0x0000000008002a40                VL53L0X_SetSequenceStepEnable
 .text.sequence_step_enabled
                0x0000000008002bdc       0xf8 ./Drivers/BSP/vl53l0x/vl53l0x_api.o
                0x0000000008002bdc                sequence_step_enabled
 .text.VL53L0X_GetSequenceStepEnables
                0x0000000008002cd4      0x108 ./Drivers/BSP/vl53l0x/vl53l0x_api.o
                0x0000000008002cd4                VL53L0X_GetSequenceStepEnables
 .text.VL53L0X_GetInterMeasurementPeriodMilliSeconds
                0x0000000008002ddc       0xc0 ./Drivers/BSP/vl53l0x/vl53l0x_api.o
                0x0000000008002ddc                VL53L0X_GetInterMeasurementPeriodMilliSeconds
 .text.VL53L0X_GetXTalkCompensationEnable
                0x0000000008002e9c       0x7c ./Drivers/BSP/vl53l0x/vl53l0x_api.o
                0x0000000008002e9c                VL53L0X_GetXTalkCompensationEnable
 .text.VL53L0X_GetXTalkCompensationRateMegaCps
                0x0000000008002f18       0xbc ./Drivers/BSP/vl53l0x/vl53l0x_api.o
                0x0000000008002f18                VL53L0X_GetXTalkCompensationRateMegaCps
 .text.VL53L0X_SetLimitCheckEnable
                0x0000000008002fd4      0x170 ./Drivers/BSP/vl53l0x/vl53l0x_api.o
                0x0000000008002fd4                VL53L0X_SetLimitCheckEnable
 .text.VL53L0X_GetLimitCheckEnable
                0x0000000008003144       0x98 ./Drivers/BSP/vl53l0x/vl53l0x_api.o
                0x0000000008003144                VL53L0X_GetLimitCheckEnable
 .text.VL53L0X_SetLimitCheckValue
                0x00000000080031dc      0x118 ./Drivers/BSP/vl53l0x/vl53l0x_api.o
                0x00000000080031dc                VL53L0X_SetLimitCheckValue
 .text.VL53L0X_GetLimitCheckValue
                0x00000000080032f4      0x170 ./Drivers/BSP/vl53l0x/vl53l0x_api.o
                0x00000000080032f4                VL53L0X_GetLimitCheckValue
 .text.VL53L0X_GetWrapAroundCheckEnable
                0x0000000008003464       0xbc ./Drivers/BSP/vl53l0x/vl53l0x_api.o
                0x0000000008003464                VL53L0X_GetWrapAroundCheckEnable
 .text.VL53L0X_PerformSingleMeasurement
                0x0000000008003520       0xc0 ./Drivers/BSP/vl53l0x/vl53l0x_api.o
                0x0000000008003520                VL53L0X_PerformSingleMeasurement
 .text.VL53L0X_PerformRefCalibration
                0x00000000080035e0       0x84 ./Drivers/BSP/vl53l0x/vl53l0x_api.o
                0x00000000080035e0                VL53L0X_PerformRefCalibration
 .text.VL53L0X_CheckAndLoadInterruptSettings
                0x0000000008003664       0xcc ./Drivers/BSP/vl53l0x/vl53l0x_api.o
                0x0000000008003664                VL53L0X_CheckAndLoadInterruptSettings
 .text.VL53L0X_StartMeasurement
                0x0000000008003730      0x1dc ./Drivers/BSP/vl53l0x/vl53l0x_api.o
                0x0000000008003730                VL53L0X_StartMeasurement
 .text.VL53L0X_GetMeasurementDataReady
                0x000000000800390c       0xd8 ./Drivers/BSP/vl53l0x/vl53l0x_api.o
                0x000000000800390c                VL53L0X_GetMeasurementDataReady
 .text.VL53L0X_GetRangingMeasurementData
                0x00000000080039e4      0x2a0 ./Drivers/BSP/vl53l0x/vl53l0x_api.o
                0x00000000080039e4                VL53L0X_GetRangingMeasurementData
 .text.VL53L0X_PerformSingleRangingMeasurement
                0x0000000008003c84       0xb8 ./Drivers/BSP/vl53l0x/vl53l0x_api.o
                0x0000000008003c84                VL53L0X_PerformSingleRangingMeasurement
 .text.VL53L0X_SetGpioConfig
                0x0000000008003d3c      0x2a4 ./Drivers/BSP/vl53l0x/vl53l0x_api.o
                0x0000000008003d3c                VL53L0X_SetGpioConfig
 .text.VL53L0X_GetInterruptThresholds
                0x0000000008003fe0       0xc4 ./Drivers/BSP/vl53l0x/vl53l0x_api.o
                0x0000000008003fe0                VL53L0X_GetInterruptThresholds
 .text.VL53L0X_ClearInterruptMask
                0x00000000080040a4       0xd8 ./Drivers/BSP/vl53l0x/vl53l0x_api.o
                0x00000000080040a4                VL53L0X_ClearInterruptMask
 .text.VL53L0X_GetInterruptMaskStatus
                0x000000000800417c       0x9c ./Drivers/BSP/vl53l0x/vl53l0x_api.o
                0x000000000800417c                VL53L0X_GetInterruptMaskStatus
 .text.VL53L0X_PerformRefSpadManagement
                0x0000000008004218       0x80 ./Drivers/BSP/vl53l0x/vl53l0x_api.o
                0x0000000008004218                VL53L0X_PerformRefSpadManagement
 .text.VL53L0X_get_offset_calibration_data_micro_meter
                0x0000000008004298       0x7e ./Drivers/BSP/vl53l0x/vl53l0x_api_calibration.o
                0x0000000008004298                VL53L0X_get_offset_calibration_data_micro_meter
 .text.get_next_good_spad
                0x0000000008004316       0xbc ./Drivers/BSP/vl53l0x/vl53l0x_api_calibration.o
                0x0000000008004316                get_next_good_spad
 *fill*         0x00000000080043d2        0x2 
 .text.is_aperture
                0x00000000080043d4       0x34 ./Drivers/BSP/vl53l0x/vl53l0x_api_calibration.o
                0x00000000080043d4                is_aperture
 .text.enable_spad_bit
                0x0000000008004408       0x70 ./Drivers/BSP/vl53l0x/vl53l0x_api_calibration.o
                0x0000000008004408                enable_spad_bit
 .text.set_ref_spad_map
                0x0000000008004478       0x26 ./Drivers/BSP/vl53l0x/vl53l0x_api_calibration.o
                0x0000000008004478                set_ref_spad_map
 .text.get_ref_spad_map
                0x000000000800449e       0x26 ./Drivers/BSP/vl53l0x/vl53l0x_api_calibration.o
                0x000000000800449e                get_ref_spad_map
 .text.enable_ref_spads
                0x00000000080044c4       0xf8 ./Drivers/BSP/vl53l0x/vl53l0x_api_calibration.o
                0x00000000080044c4                enable_ref_spads
 .text.perform_ref_signal_measurement
                0x00000000080045bc       0xd4 ./Drivers/BSP/vl53l0x/vl53l0x_api_calibration.o
                0x00000000080045bc                perform_ref_signal_measurement
 .text.VL53L0X_perform_ref_spad_management
                0x0000000008004690      0x418 ./Drivers/BSP/vl53l0x/vl53l0x_api_calibration.o
                0x0000000008004690                VL53L0X_perform_ref_spad_management
 .text.VL53L0X_set_reference_spads
                0x0000000008004aa8      0x14a ./Drivers/BSP/vl53l0x/vl53l0x_api_calibration.o
                0x0000000008004aa8                VL53L0X_set_reference_spads
 .text.VL53L0X_perform_single_ref_calibration
                0x0000000008004bf2       0x76 ./Drivers/BSP/vl53l0x/vl53l0x_api_calibration.o
                0x0000000008004bf2                VL53L0X_perform_single_ref_calibration
 .text.VL53L0X_ref_calibration_io
                0x0000000008004c68      0x132 ./Drivers/BSP/vl53l0x/vl53l0x_api_calibration.o
                0x0000000008004c68                VL53L0X_ref_calibration_io
 .text.VL53L0X_perform_vhv_calibration
                0x0000000008004d9a       0xce ./Drivers/BSP/vl53l0x/vl53l0x_api_calibration.o
                0x0000000008004d9a                VL53L0X_perform_vhv_calibration
 .text.VL53L0X_perform_phase_calibration
                0x0000000008004e68       0xca ./Drivers/BSP/vl53l0x/vl53l0x_api_calibration.o
                0x0000000008004e68                VL53L0X_perform_phase_calibration
 .text.VL53L0X_perform_ref_calibration
                0x0000000008004f32       0x7a ./Drivers/BSP/vl53l0x/vl53l0x_api_calibration.o
                0x0000000008004f32                VL53L0X_perform_ref_calibration
 .text.VL53L0X_measurement_poll_for_completion
                0x0000000008004fac       0xb8 ./Drivers/BSP/vl53l0x/vl53l0x_api_core.o
                0x0000000008004fac                VL53L0X_measurement_poll_for_completion
 .text.VL53L0X_decode_vcsel_period
                0x0000000008005064       0x26 ./Drivers/BSP/vl53l0x/vl53l0x_api_core.o
                0x0000000008005064                VL53L0X_decode_vcsel_period
 .text.VL53L0X_encode_vcsel_period
                0x000000000800508a       0x26 ./Drivers/BSP/vl53l0x/vl53l0x_api_core.o
                0x000000000800508a                VL53L0X_encode_vcsel_period
 .text.VL53L0X_isqrt
                0x00000000080050b0       0x68 ./Drivers/BSP/vl53l0x/vl53l0x_api_core.o
                0x00000000080050b0                VL53L0X_isqrt
 .text.VL53L0X_device_read_strobe
                0x0000000008005118       0xdc ./Drivers/BSP/vl53l0x/vl53l0x_api_core.o
                0x0000000008005118                VL53L0X_device_read_strobe
 .text.VL53L0X_get_info_from_device
                0x00000000080051f4      0x9fc ./Drivers/BSP/vl53l0x/vl53l0x_api_core.o
                0x00000000080051f4                VL53L0X_get_info_from_device
 .text.VL53L0X_calc_macro_period_ps
                0x0000000008005bf0       0x90 ./Drivers/BSP/vl53l0x/vl53l0x_api_core.o
                0x0000000008005bf0                VL53L0X_calc_macro_period_ps
 .text.VL53L0X_encode_timeout
                0x0000000008005c80       0x58 ./Drivers/BSP/vl53l0x/vl53l0x_api_core.o
                0x0000000008005c80                VL53L0X_encode_timeout
 .text.VL53L0X_decode_timeout
                0x0000000008005cd8       0x2c ./Drivers/BSP/vl53l0x/vl53l0x_api_core.o
                0x0000000008005cd8                VL53L0X_decode_timeout
 .text.VL53L0X_calc_timeout_mclks
                0x0000000008005d04       0x54 ./Drivers/BSP/vl53l0x/vl53l0x_api_core.o
                0x0000000008005d04                VL53L0X_calc_timeout_mclks
 .text.VL53L0X_calc_timeout_us
                0x0000000008005d58       0x54 ./Drivers/BSP/vl53l0x/vl53l0x_api_core.o
                0x0000000008005d58                VL53L0X_calc_timeout_us
 .text.get_sequence_step_timeout
                0x0000000008005dac      0x1c2 ./Drivers/BSP/vl53l0x/vl53l0x_api_core.o
                0x0000000008005dac                get_sequence_step_timeout
 .text.set_sequence_step_timeout
                0x0000000008005f6e      0x1e4 ./Drivers/BSP/vl53l0x/vl53l0x_api_core.o
                0x0000000008005f6e                set_sequence_step_timeout
 .text.VL53L0X_set_vcsel_pulse_period
                0x0000000008006152      0x512 ./Drivers/BSP/vl53l0x/vl53l0x_api_core.o
                0x0000000008006152                VL53L0X_set_vcsel_pulse_period
 .text.VL53L0X_get_vcsel_pulse_period
                0x0000000008006664       0x6e ./Drivers/BSP/vl53l0x/vl53l0x_api_core.o
                0x0000000008006664                VL53L0X_get_vcsel_pulse_period
 *fill*         0x00000000080066d2        0x2 
 .text.VL53L0X_set_measurement_timing_budget_micro_seconds
                0x00000000080066d4      0x264 ./Drivers/BSP/vl53l0x/vl53l0x_api_core.o
                0x00000000080066d4                VL53L0X_set_measurement_timing_budget_micro_seconds
 .text.VL53L0X_get_measurement_timing_budget_micro_seconds
                0x0000000008006938      0x1e0 ./Drivers/BSP/vl53l0x/vl53l0x_api_core.o
                0x0000000008006938                VL53L0X_get_measurement_timing_budget_micro_seconds
 .text.VL53L0X_load_tuning_settings
                0x0000000008006b18      0x21c ./Drivers/BSP/vl53l0x/vl53l0x_api_core.o
                0x0000000008006b18                VL53L0X_load_tuning_settings
 .text.VL53L0X_get_total_xtalk_rate
                0x0000000008006d34       0x5e ./Drivers/BSP/vl53l0x/vl53l0x_api_core.o
                0x0000000008006d34                VL53L0X_get_total_xtalk_rate
 *fill*         0x0000000008006d92        0x2 
 .text.VL53L0X_get_total_signal_rate
                0x0000000008006d94       0x78 ./Drivers/BSP/vl53l0x/vl53l0x_api_core.o
                0x0000000008006d94                VL53L0X_get_total_signal_rate
 .text.VL53L0X_calc_dmax
                0x0000000008006e0c      0x294 ./Drivers/BSP/vl53l0x/vl53l0x_api_core.o
                0x0000000008006e0c                VL53L0X_calc_dmax
 .text.VL53L0X_calc_sigma_estimate
                0x00000000080070a0      0x51c ./Drivers/BSP/vl53l0x/vl53l0x_api_core.o
                0x00000000080070a0                VL53L0X_calc_sigma_estimate
 .text.VL53L0X_get_pal_range_status
                0x00000000080075bc      0x418 ./Drivers/BSP/vl53l0x/vl53l0x_api_core.o
                0x00000000080075bc                VL53L0X_get_pal_range_status
 .text.VL53L0X_trace_config
                0x00000000080079d4       0x40 ./Drivers/BSP/vl53l0x/vl53l0x_platform_log.o
                0x00000000080079d4                VL53L0X_trace_config
 .text.trace_print_module_function
                0x0000000008007a14       0x58 ./Drivers/BSP/vl53l0x/vl53l0x_platform_log.o
                0x0000000008007a14                trace_print_module_function
 .text.HAL_Init
                0x0000000008007a6c       0x44 ./Drivers/STM32F4xx_HAL_Driver/Src/stm32f4xx_hal.o
                0x0000000008007a6c                HAL_Init
 .text.HAL_InitTick
                0x0000000008007ab0       0x60 ./Drivers/STM32F4xx_HAL_Driver/Src/stm32f4xx_hal.o
                0x0000000008007ab0                HAL_InitTick
 .text.HAL_IncTick
                0x0000000008007b10       0x28 ./Drivers/STM32F4xx_HAL_Driver/Src/stm32f4xx_hal.o
                0x0000000008007b10                HAL_IncTick
 .text.HAL_GetTick
                0x0000000008007b38       0x18 ./Drivers/STM32F4xx_HAL_Driver/Src/stm32f4xx_hal.o
                0x0000000008007b38                HAL_GetTick
 .text.HAL_Delay
                0x0000000008007b50       0x48 ./Drivers/STM32F4xx_HAL_Driver/Src/stm32f4xx_hal.o
                0x0000000008007b50                HAL_Delay
 .text.__NVIC_SetPriorityGrouping
                0x0000000008007b98       0x48 ./Drivers/STM32F4xx_HAL_Driver/Src/stm32f4xx_hal_cortex.o
 .text.__NVIC_GetPriorityGrouping
                0x0000000008007be0       0x1c ./Drivers/STM32F4xx_HAL_Driver/Src/stm32f4xx_hal_cortex.o
 .text.__NVIC_EnableIRQ
                0x0000000008007bfc       0x3c ./Drivers/STM32F4xx_HAL_Driver/Src/stm32f4xx_hal_cortex.o
 .text.__NVIC_SetPriority
                0x0000000008007c38       0x54 ./Drivers/STM32F4xx_HAL_Driver/Src/stm32f4xx_hal_cortex.o
 .text.NVIC_EncodePriority
                0x0000000008007c8c       0x66 ./Drivers/STM32F4xx_HAL_Driver/Src/stm32f4xx_hal_cortex.o
 *fill*         0x0000000008007cf2        0x2 
 .text.SysTick_Config
                0x0000000008007cf4       0x44 ./Drivers/STM32F4xx_HAL_Driver/Src/stm32f4xx_hal_cortex.o
 .text.HAL_NVIC_SetPriorityGrouping
                0x0000000008007d38       0x16 ./Drivers/STM32F4xx_HAL_Driver/Src/stm32f4xx_hal_cortex.o
                0x0000000008007d38                HAL_NVIC_SetPriorityGrouping
 .text.HAL_NVIC_SetPriority
                0x0000000008007d4e       0x38 ./Drivers/STM32F4xx_HAL_Driver/Src/stm32f4xx_hal_cortex.o
                0x0000000008007d4e                HAL_NVIC_SetPriority
 .text.HAL_NVIC_EnableIRQ
                0x0000000008007d86       0x1c ./Drivers/STM32F4xx_HAL_Driver/Src/stm32f4xx_hal_cortex.o
                0x0000000008007d86                HAL_NVIC_EnableIRQ
 .text.HAL_SYSTICK_Config
                0x0000000008007da2       0x18 ./Drivers/STM32F4xx_HAL_Driver/Src/stm32f4xx_hal_cortex.o
                0x0000000008007da2                HAL_SYSTICK_Config
 *fill*         0x0000000008007dba        0x2 
 .text.HAL_DMA_Init
                0x0000000008007dbc      0x15c ./Drivers/STM32F4xx_HAL_Driver/Src/stm32f4xx_hal_dma.o
                0x0000000008007dbc                HAL_DMA_Init
 .text.HAL_DMA_Start_IT
                0x0000000008007f18       0xb0 ./Drivers/STM32F4xx_HAL_Driver/Src/stm32f4xx_hal_dma.o
                0x0000000008007f18                HAL_DMA_Start_IT
 .text.HAL_DMA_Abort
                0x0000000008007fc8       0xe0 ./Drivers/STM32F4xx_HAL_Driver/Src/stm32f4xx_hal_dma.o
                0x0000000008007fc8                HAL_DMA_Abort
 .text.HAL_DMA_Abort_IT
                0x00000000080080a8       0x44 ./Drivers/STM32F4xx_HAL_Driver/Src/stm32f4xx_hal_dma.o
                0x00000000080080a8                HAL_DMA_Abort_IT
 .text.HAL_DMA_IRQHandler
                0x00000000080080ec      0x314 ./Drivers/STM32F4xx_HAL_Driver/Src/stm32f4xx_hal_dma.o
                0x00000000080080ec                HAL_DMA_IRQHandler
 .text.DMA_SetConfig
                0x0000000008008400       0x5c ./Drivers/STM32F4xx_HAL_Driver/Src/stm32f4xx_hal_dma.o
 .text.DMA_CalcBaseAndBitshift
                0x000000000800845c       0x6c ./Drivers/STM32F4xx_HAL_Driver/Src/stm32f4xx_hal_dma.o
 .text.DMA_CheckFifoParam
                0x00000000080084c8       0xf8 ./Drivers/STM32F4xx_HAL_Driver/Src/stm32f4xx_hal_dma.o
 .text.HAL_GPIO_Init
                0x00000000080085c0      0x308 ./Drivers/STM32F4xx_HAL_Driver/Src/stm32f4xx_hal_gpio.o
                0x00000000080085c0                HAL_GPIO_Init
 .text.HAL_GPIO_WritePin
                0x00000000080088c8       0x32 ./Drivers/STM32F4xx_HAL_Driver/Src/stm32f4xx_hal_gpio.o
                0x00000000080088c8                HAL_GPIO_WritePin
 *fill*         0x00000000080088fa        0x2 
 .text.HAL_GPIO_EXTI_IRQHandler
                0x00000000080088fc       0x30 ./Drivers/STM32F4xx_HAL_Driver/Src/stm32f4xx_hal_gpio.o
                0x00000000080088fc                HAL_GPIO_EXTI_IRQHandler
 .text.HAL_I2C_Init
                0x000000000800892c      0x288 ./Drivers/STM32F4xx_HAL_Driver/Src/stm32f4xx_hal_i2c.o
                0x000000000800892c                HAL_I2C_Init
 .text.HAL_I2C_Master_Transmit
                0x0000000008008bb4      0x1fc ./Drivers/STM32F4xx_HAL_Driver/Src/stm32f4xx_hal_i2c.o
                0x0000000008008bb4                HAL_I2C_Master_Transmit
 .text.HAL_I2C_Master_Receive
                0x0000000008008db0      0x44c ./Drivers/STM32F4xx_HAL_Driver/Src/stm32f4xx_hal_i2c.o
                0x0000000008008db0                HAL_I2C_Master_Receive
 .text.I2C_MasterRequestWrite
                0x00000000080091fc      0x104 ./Drivers/STM32F4xx_HAL_Driver/Src/stm32f4xx_hal_i2c.o
 .text.I2C_MasterRequestRead
                0x0000000008009300      0x19c ./Drivers/STM32F4xx_HAL_Driver/Src/stm32f4xx_hal_i2c.o
 .text.I2C_WaitOnFlagUntilTimeout
                0x000000000800949c       0xae ./Drivers/STM32F4xx_HAL_Driver/Src/stm32f4xx_hal_i2c.o
 .text.I2C_WaitOnMasterAddressFlagUntilTimeout
                0x000000000800954a       0xfe ./Drivers/STM32F4xx_HAL_Driver/Src/stm32f4xx_hal_i2c.o
 .text.I2C_WaitOnTXEFlagUntilTimeout
                0x0000000008009648       0x82 ./Drivers/STM32F4xx_HAL_Driver/Src/stm32f4xx_hal_i2c.o
 .text.I2C_WaitOnBTFFlagUntilTimeout
                0x00000000080096ca       0x82 ./Drivers/STM32F4xx_HAL_Driver/Src/stm32f4xx_hal_i2c.o
 .text.I2C_WaitOnRXNEFlagUntilTimeout
                0x000000000800974c       0xac ./Drivers/STM32F4xx_HAL_Driver/Src/stm32f4xx_hal_i2c.o
 .text.I2C_IsAcknowledgeFailed
                0x00000000080097f8       0x5e ./Drivers/STM32F4xx_HAL_Driver/Src/stm32f4xx_hal_i2c.o
 *fill*         0x0000000008009856        0x2 
 .text.HAL_RCC_OscConfig
                0x0000000008009858      0x4f0 ./Drivers/STM32F4xx_HAL_Driver/Src/stm32f4xx_hal_rcc.o
                0x0000000008009858                HAL_RCC_OscConfig
 .text.HAL_RCC_ClockConfig
                0x0000000008009d48      0x1cc ./Drivers/STM32F4xx_HAL_Driver/Src/stm32f4xx_hal_rcc.o
                0x0000000008009d48                HAL_RCC_ClockConfig
 .text.HAL_RCC_GetSysClockFreq
                0x0000000008009f14      0x20c ./Drivers/STM32F4xx_HAL_Driver/Src/stm32f4xx_hal_rcc.o
                0x0000000008009f14                HAL_RCC_GetSysClockFreq
 .text.HAL_RCC_GetHCLKFreq
                0x000000000800a120       0x18 ./Drivers/STM32F4xx_HAL_Driver/Src/stm32f4xx_hal_rcc.o
                0x000000000800a120                HAL_RCC_GetHCLKFreq
 .text.HAL_RCC_GetPCLK1Freq
                0x000000000800a138       0x28 ./Drivers/STM32F4xx_HAL_Driver/Src/stm32f4xx_hal_rcc.o
                0x000000000800a138                HAL_RCC_GetPCLK1Freq
 .text.HAL_RCC_GetPCLK2Freq
                0x000000000800a160       0x28 ./Drivers/STM32F4xx_HAL_Driver/Src/stm32f4xx_hal_rcc.o
                0x000000000800a160                HAL_RCC_GetPCLK2Freq
 .text.HAL_TIM_Base_Init
                0x000000000800a188       0x9e ./Drivers/STM32F4xx_HAL_Driver/Src/stm32f4xx_hal_tim.o
                0x000000000800a188                HAL_TIM_Base_Init
 .text.HAL_TIM_OC_Init
                0x000000000800a226       0x9e ./Drivers/STM32F4xx_HAL_Driver/Src/stm32f4xx_hal_tim.o
                0x000000000800a226                HAL_TIM_OC_Init
 .text.HAL_TIM_IRQHandler
                0x000000000800a2c4      0x210 ./Drivers/STM32F4xx_HAL_Driver/Src/stm32f4xx_hal_tim.o
                0x000000000800a2c4                HAL_TIM_IRQHandler
 .text.HAL_TIM_OC_ConfigChannel
                0x000000000800a4d4       0xb8 ./Drivers/STM32F4xx_HAL_Driver/Src/stm32f4xx_hal_tim.o
                0x000000000800a4d4                HAL_TIM_OC_ConfigChannel
 .text.HAL_TIM_OC_DelayElapsedCallback
                0x000000000800a58c       0x14 ./Drivers/STM32F4xx_HAL_Driver/Src/stm32f4xx_hal_tim.o
                0x000000000800a58c                HAL_TIM_OC_DelayElapsedCallback
 .text.HAL_TIM_IC_CaptureCallback
                0x000000000800a5a0       0x14 ./Drivers/STM32F4xx_HAL_Driver/Src/stm32f4xx_hal_tim.o
                0x000000000800a5a0                HAL_TIM_IC_CaptureCallback
 .text.HAL_TIM_PWM_PulseFinishedCallback
                0x000000000800a5b4       0x14 ./Drivers/STM32F4xx_HAL_Driver/Src/stm32f4xx_hal_tim.o
                0x000000000800a5b4                HAL_TIM_PWM_PulseFinishedCallback
 .text.HAL_TIM_TriggerCallback
                0x000000000800a5c8       0x14 ./Drivers/STM32F4xx_HAL_Driver/Src/stm32f4xx_hal_tim.o
                0x000000000800a5c8                HAL_TIM_TriggerCallback
 .text.TIM_Base_SetConfig
                0x000000000800a5dc      0x100 ./Drivers/STM32F4xx_HAL_Driver/Src/stm32f4xx_hal_tim.o
                0x000000000800a5dc                TIM_Base_SetConfig
 .text.TIM_OC1_SetConfig
                0x000000000800a6dc       0xcc ./Drivers/STM32F4xx_HAL_Driver/Src/stm32f4xx_hal_tim.o
 .text.TIM_OC2_SetConfig
                0x000000000800a7a8       0xd8 ./Drivers/STM32F4xx_HAL_Driver/Src/stm32f4xx_hal_tim.o
                0x000000000800a7a8                TIM_OC2_SetConfig
 .text.TIM_OC3_SetConfig
                0x000000000800a880       0xd4 ./Drivers/STM32F4xx_HAL_Driver/Src/stm32f4xx_hal_tim.o
 .text.TIM_OC4_SetConfig
                0x000000000800a954       0xa0 ./Drivers/STM32F4xx_HAL_Driver/Src/stm32f4xx_hal_tim.o
 .text.HAL_TIMEx_MasterConfigSynchronization
                0x000000000800a9f4       0xdc ./Drivers/STM32F4xx_HAL_Driver/Src/stm32f4xx_hal_tim_ex.o
                0x000000000800a9f4                HAL_TIMEx_MasterConfigSynchronization
 .text.HAL_TIMEx_CommutCallback
                0x000000000800aad0       0x14 ./Drivers/STM32F4xx_HAL_Driver/Src/stm32f4xx_hal_tim_ex.o
                0x000000000800aad0                HAL_TIMEx_CommutCallback
 .text.HAL_TIMEx_BreakCallback
                0x000000000800aae4       0x14 ./Drivers/STM32F4xx_HAL_Driver/Src/stm32f4xx_hal_tim_ex.o
                0x000000000800aae4                HAL_TIMEx_BreakCallback
 .text.HAL_UART_Init
                0x000000000800aaf8       0x9a ./Drivers/STM32F4xx_HAL_Driver/Src/stm32f4xx_hal_uart.o
                0x000000000800aaf8                HAL_UART_Init
 *fill*         0x000000000800ab92        0x2 
 .text.HAL_UART_Transmit_DMA
                0x000000000800ab94       0xfc ./Drivers/STM32F4xx_HAL_Driver/Src/stm32f4xx_hal_uart.o
                0x000000000800ab94                HAL_UART_Transmit_DMA
 .text.HAL_UART_IRQHandler
                0x000000000800ac90      0x51c ./Drivers/STM32F4xx_HAL_Driver/Src/stm32f4xx_hal_uart.o
                0x000000000800ac90                HAL_UART_IRQHandler
 .text.HAL_UART_TxHalfCpltCallback
                0x000000000800b1ac       0x14 ./Drivers/STM32F4xx_HAL_Driver/Src/stm32f4xx_hal_uart.o
                0x000000000800b1ac                HAL_UART_TxHalfCpltCallback
 .text.HAL_UART_RxCpltCallback
                0x000000000800b1c0       0x14 ./Drivers/STM32F4xx_HAL_Driver/Src/stm32f4xx_hal_uart.o
                0x000000000800b1c0                HAL_UART_RxCpltCallback
 .text.HAL_UART_ErrorCallback
                0x000000000800b1d4       0x14 ./Drivers/STM32F4xx_HAL_Driver/Src/stm32f4xx_hal_uart.o
                0x000000000800b1d4                HAL_UART_ErrorCallback
 .text.HAL_UARTEx_RxEventCallback
                0x000000000800b1e8       0x18 ./Drivers/STM32F4xx_HAL_Driver/Src/stm32f4xx_hal_uart.o
                0x000000000800b1e8                HAL_UARTEx_RxEventCallback
 .text.UART_DMATransmitCplt
                0x000000000800b200       0x9a ./Drivers/STM32F4xx_HAL_Driver/Src/stm32f4xx_hal_uart.o
 .text.UART_DMATxHalfCplt
                0x000000000800b29a       0x1c ./Drivers/STM32F4xx_HAL_Driver/Src/stm32f4xx_hal_uart.o
 .text.UART_DMAError
                0x000000000800b2b6       0x94 ./Drivers/STM32F4xx_HAL_Driver/Src/stm32f4xx_hal_uart.o
 .text.UART_EndTxTransfer
                0x000000000800b34a       0x50 ./Drivers/STM32F4xx_HAL_Driver/Src/stm32f4xx_hal_uart.o
 .text.UART_EndRxTransfer
                0x000000000800b39a       0xc6 ./Drivers/STM32F4xx_HAL_Driver/Src/stm32f4xx_hal_uart.o
 .text.UART_DMAAbortOnError
                0x000000000800b460       0x28 ./Drivers/STM32F4xx_HAL_Driver/Src/stm32f4xx_hal_uart.o
 .text.UART_Transmit_IT
                0x000000000800b488       0xa0 ./Drivers/STM32F4xx_HAL_Driver/Src/stm32f4xx_hal_uart.o
 .text.UART_EndTransmit_IT
                0x000000000800b528       0x30 ./Drivers/STM32F4xx_HAL_Driver/Src/stm32f4xx_hal_uart.o
 .text.UART_Receive_IT
                0x000000000800b558      0x176 ./Drivers/STM32F4xx_HAL_Driver/Src/stm32f4xx_hal_uart.o
 *fill*         0x000000000800b6ce        0x2 
 .text.UART_SetConfig
                0x000000000800b6d0      0x4e8 ./Drivers/STM32F4xx_HAL_Driver/Src/stm32f4xx_hal_uart.o
 .text.__errno  0x000000000800bbb8        0xc c:/st/stm32cubeide_1.11.2/stm32cubeide/plugins/com.st.stm32cube.ide.mcu.externaltools.gnu-tools-for-stm32.10.3-2021.10.win32_1.0.100.202210260954/tools/bin/../lib/gcc/arm-none-eabi/10.3.1/../../../../arm-none-eabi/lib/thumb/v7e-m+fp/hard\libc_nano.a(lib_a-errno.o)
                0x000000000800bbb8                __errno
 .text.__libc_init_array
                0x000000000800bbc4       0x48 c:/st/stm32cubeide_1.11.2/stm32cubeide/plugins/com.st.stm32cube.ide.mcu.externaltools.gnu-tools-for-stm32.10.3-2021.10.win32_1.0.100.202210260954/tools/bin/../lib/gcc/arm-none-eabi/10.3.1/../../../../arm-none-eabi/lib/thumb/v7e-m+fp/hard\libc_nano.a(lib_a-init.o)
                0x000000000800bbc4                __libc_init_array
 .text.memcpy   0x000000000800bc0c       0x1c c:/st/stm32cubeide_1.11.2/stm32cubeide/plugins/com.st.stm32cube.ide.mcu.externaltools.gnu-tools-for-stm32.10.3-2021.10.win32_1.0.100.202210260954/tools/bin/../lib/gcc/arm-none-eabi/10.3.1/../../../../arm-none-eabi/lib/thumb/v7e-m+fp/hard\libc_nano.a(lib_a-memcpy-stub.o)
                0x000000000800bc0c                memcpy
 .text.memset   0x000000000800bc28       0x10 c:/st/stm32cubeide_1.11.2/stm32cubeide/plugins/com.st.stm32cube.ide.mcu.externaltools.gnu-tools-for-stm32.10.3-2021.10.win32_1.0.100.202210260954/tools/bin/../lib/gcc/arm-none-eabi/10.3.1/../../../../arm-none-eabi/lib/thumb/v7e-m+fp/hard\libc_nano.a(lib_a-memset.o)
                0x000000000800bc28                memset
 .text.sprintf  0x000000000800bc38       0x40 c:/st/stm32cubeide_1.11.2/stm32cubeide/plugins/com.st.stm32cube.ide.mcu.externaltools.gnu-tools-for-stm32.10.3-2021.10.win32_1.0.100.202210260954/tools/bin/../lib/gcc/arm-none-eabi/10.3.1/../../../../arm-none-eabi/lib/thumb/v7e-m+fp/hard\libc_nano.a(lib_a-sprintf.o)
                0x000000000800bc38                siprintf
                0x000000000800bc38                sprintf
 .text.strcpy   0x000000000800bc78       0x10 c:/st/stm32cubeide_1.11.2/stm32cubeide/plugins/com.st.stm32cube.ide.mcu.externaltools.gnu-tools-for-stm32.10.3-2021.10.win32_1.0.100.202210260954/tools/bin/../lib/gcc/arm-none-eabi/10.3.1/../../../../arm-none-eabi/lib/thumb/v7e-m+fp/hard\libc_nano.a(lib_a-strcpy.o)
                0x000000000800bc78                strcpy
 .text._vsnprintf_r
                0x000000000800bc88       0x56 c:/st/stm32cubeide_1.11.2/stm32cubeide/plugins/com.st.stm32cube.ide.mcu.externaltools.gnu-tools-for-stm32.10.3-2021.10.win32_1.0.100.202210260954/tools/bin/../lib/gcc/arm-none-eabi/10.3.1/../../../../arm-none-eabi/lib/thumb/v7e-m+fp/hard\libc_nano.a(lib_a-vsnprintf.o)
                0x000000000800bc88                _vsniprintf_r
                0x000000000800bc88                _vsnprintf_r
 *fill*         0x000000000800bcde        0x2 
 .text.vsnprintf
                0x000000000800bce0       0x1c c:/st/stm32cubeide_1.11.2/stm32cubeide/plugins/com.st.stm32cube.ide.mcu.externaltools.gnu-tools-for-stm32.10.3-2021.10.win32_1.0.100.202210260954/tools/bin/../lib/gcc/arm-none-eabi/10.3.1/../../../../arm-none-eabi/lib/thumb/v7e-m+fp/hard\libc_nano.a(lib_a-vsnprintf.o)
                0x000000000800bce0                vsniprintf
                0x000000000800bce0                vsnprintf
 .text.__ssputs_r
                0x000000000800bcfc       0xb6 c:/st/stm32cubeide_1.11.2/stm32cubeide/plugins/com.st.stm32cube.ide.mcu.externaltools.gnu-tools-for-stm32.10.3-2021.10.win32_1.0.100.202210260954/tools/bin/../lib/gcc/arm-none-eabi/10.3.1/../../../../arm-none-eabi/lib/thumb/v7e-m+fp/hard\libc_nano.a(lib_a-nano-svfprintf.o)
                0x000000000800bcfc                __ssputs_r
 *fill*         0x000000000800bdb2        0x2 
 .text._svfprintf_r
                0x000000000800bdb4      0x200 c:/st/stm32cubeide_1.11.2/stm32cubeide/plugins/com.st.stm32cube.ide.mcu.externaltools.gnu-tools-for-stm32.10.3-2021.10.win32_1.0.100.202210260954/tools/bin/../lib/gcc/arm-none-eabi/10.3.1/../../../../arm-none-eabi/lib/thumb/v7e-m+fp/hard\libc_nano.a(lib_a-nano-svfprintf.o)
                0x000000000800bdb4                _svfiprintf_r
                0x000000000800bdb4                _svfprintf_r
 .text._printf_common
                0x000000000800bfb4       0xda c:/st/stm32cubeide_1.11.2/stm32cubeide/plugins/com.st.stm32cube.ide.mcu.externaltools.gnu-tools-for-stm32.10.3-2021.10.win32_1.0.100.202210260954/tools/bin/../lib/gcc/arm-none-eabi/10.3.1/../../../../arm-none-eabi/lib/thumb/v7e-m+fp/hard\libc_nano.a(lib_a-nano-vfprintf_i.o)
                0x000000000800bfb4                _printf_common
 *fill*         0x000000000800c08e        0x2 
 .text._printf_i
                0x000000000800c090      0x24c c:/st/stm32cubeide_1.11.2/stm32cubeide/plugins/com.st.stm32cube.ide.mcu.externaltools.gnu-tools-for-stm32.10.3-2021.10.win32_1.0.100.202210260954/tools/bin/../lib/gcc/arm-none-eabi/10.3.1/../../../../arm-none-eabi/lib/thumb/v7e-m+fp/hard\libc_nano.a(lib_a-nano-vfprintf_i.o)
                0x000000000800c090                _printf_i
 .text.memmove  0x000000000800c2dc       0x34 c:/st/stm32cubeide_1.11.2/stm32cubeide/plugins/com.st.stm32cube.ide.mcu.externaltools.gnu-tools-for-stm32.10.3-2021.10.win32_1.0.100.202210260954/tools/bin/../lib/gcc/arm-none-eabi/10.3.1/../../../../arm-none-eabi/lib/thumb/v7e-m+fp/hard\libc_nano.a(lib_a-memmove.o)
                0x000000000800c2dc                memmove
 .text._free_r  0x000000000800c310       0x98 c:/st/stm32cubeide_1.11.2/stm32cubeide/plugins/com.st.stm32cube.ide.mcu.externaltools.gnu-tools-for-stm32.10.3-2021.10.win32_1.0.100.202210260954/tools/bin/../lib/gcc/arm-none-eabi/10.3.1/../../../../arm-none-eabi/lib/thumb/v7e-m+fp/hard\libc_nano.a(lib_a-nano-freer.o)
                0x000000000800c310                _free_r
 .text.sbrk_aligned
                0x000000000800c3a8       0x40 c:/st/stm32cubeide_1.11.2/stm32cubeide/plugins/com.st.stm32cube.ide.mcu.externaltools.gnu-tools-for-stm32.10.3-2021.10.win32_1.0.100.202210260954/tools/bin/../lib/gcc/arm-none-eabi/10.3.1/../../../../arm-none-eabi/lib/thumb/v7e-m+fp/hard\libc_nano.a(lib_a-nano-mallocr.o)
 .text._malloc_r
                0x000000000800c3e8       0xe8 c:/st/stm32cubeide_1.11.2/stm32cubeide/plugins/com.st.stm32cube.ide.mcu.externaltools.gnu-tools-for-stm32.10.3-2021.10.win32_1.0.100.202210260954/tools/bin/../lib/gcc/arm-none-eabi/10.3.1/../../../../arm-none-eabi/lib/thumb/v7e-m+fp/hard\libc_nano.a(lib_a-nano-mallocr.o)
                0x000000000800c3e8                _malloc_r
 .text._realloc_r
                0x000000000800c4d0       0x5e c:/st/stm32cubeide_1.11.2/stm32cubeide/plugins/com.st.stm32cube.ide.mcu.externaltools.gnu-tools-for-stm32.10.3-2021.10.win32_1.0.100.202210260954/tools/bin/../lib/gcc/arm-none-eabi/10.3.1/../../../../arm-none-eabi/lib/thumb/v7e-m+fp/hard\libc_nano.a(lib_a-nano-reallocr.o)
                0x000000000800c4d0                _realloc_r
 *fill*         0x000000000800c52e        0x2 
 .text._sbrk_r  0x000000000800c530       0x20 c:/st/stm32cubeide_1.11.2/stm32cubeide/plugins/com.st.stm32cube.ide.mcu.externaltools.gnu-tools-for-stm32.10.3-2021.10.win32_1.0.100.202210260954/tools/bin/../lib/gcc/arm-none-eabi/10.3.1/../../../../arm-none-eabi/lib/thumb/v7e-m+fp/hard\libc_nano.a(lib_a-sbrkr.o)
                0x000000000800c530                _sbrk_r
 .text.__malloc_lock
                0x000000000800c550        0xc c:/st/stm32cubeide_1.11.2/stm32cubeide/plugins/com.st.stm32cube.ide.mcu.externaltools.gnu-tools-for-stm32.10.3-2021.10.win32_1.0.100.202210260954/tools/bin/../lib/gcc/arm-none-eabi/10.3.1/../../../../arm-none-eabi/lib/thumb/v7e-m+fp/hard\libc_nano.a(lib_a-mlock.o)
                0x000000000800c550                __malloc_lock
 .text.__malloc_unlock
                0x000000000800c55c        0xc c:/st/stm32cubeide_1.11.2/stm32cubeide/plugins/com.st.stm32cube.ide.mcu.externaltools.gnu-tools-for-stm32.10.3-2021.10.win32_1.0.100.202210260954/tools/bin/../lib/gcc/arm-none-eabi/10.3.1/../../../../arm-none-eabi/lib/thumb/v7e-m+fp/hard\libc_nano.a(lib_a-mlock.o)
                0x000000000800c55c                __malloc_unlock
 .text._malloc_usable_size_r
                0x000000000800c568       0x10 c:/st/stm32cubeide_1.11.2/stm32cubeide/plugins/com.st.stm32cube.ide.mcu.externaltools.gnu-tools-for-stm32.10.3-2021.10.win32_1.0.100.202210260954/tools/bin/../lib/gcc/arm-none-eabi/10.3.1/../../../../arm-none-eabi/lib/thumb/v7e-m+fp/hard\libc_nano.a(lib_a-nano-msizer.o)
                0x000000000800c568                _malloc_usable_size_r
 .text.__retarget_lock_acquire_recursive
                0x000000000800c578        0x2 c:/st/stm32cubeide_1.11.2/stm32cubeide/plugins/com.st.stm32cube.ide.mcu.externaltools.gnu-tools-for-stm32.10.3-2021.10.win32_1.0.100.202210260954/tools/bin/../lib/gcc/arm-none-eabi/10.3.1/../../../../arm-none-eabi/lib/thumb/v7e-m+fp/hard\libc_nano.a(lib_a-lock.o)
                0x000000000800c578                __retarget_lock_acquire_recursive
 .text.__retarget_lock_release_recursive
                0x000000000800c57a        0x2 c:/st/stm32cubeide_1.11.2/stm32cubeide/plugins/com.st.stm32cube.ide.mcu.externaltools.gnu-tools-for-stm32.10.3-2021.10.win32_1.0.100.202210260954/tools/bin/../lib/gcc/arm-none-eabi/10.3.1/../../../../arm-none-eabi/lib/thumb/v7e-m+fp/hard\libc_nano.a(lib_a-lock.o)
                0x000000000800c57a                __retarget_lock_release_recursive
 *(.glue_7)
 .glue_7        0x000000000800c57c        0x0 linker stubs
 *(.glue_7t)
 .glue_7t       0x000000000800c57c        0x0 linker stubs
 *(.eh_frame)
 .eh_frame      0x000000000800c57c        0x0 c:/st/stm32cubeide_1.11.2/stm32cubeide/plugins/com.st.stm32cube.ide.mcu.externaltools.gnu-tools-for-stm32.10.3-2021.10.win32_1.0.100.202210260954/tools/bin/../lib/gcc/arm-none-eabi/10.3.1/thumb/v7e-m+fp/hard/crtbegin.o
 *(.init)
 .init          0x000000000800c57c        0x4 c:/st/stm32cubeide_1.11.2/stm32cubeide/plugins/com.st.stm32cube.ide.mcu.externaltools.gnu-tools-for-stm32.10.3-2021.10.win32_1.0.100.202210260954/tools/bin/../lib/gcc/arm-none-eabi/10.3.1/thumb/v7e-m+fp/hard/crti.o
                0x000000000800c57c                _init
 .init          0x000000000800c580        0x8 c:/st/stm32cubeide_1.11.2/stm32cubeide/plugins/com.st.stm32cube.ide.mcu.externaltools.gnu-tools-for-stm32.10.3-2021.10.win32_1.0.100.202210260954/tools/bin/../lib/gcc/arm-none-eabi/10.3.1/thumb/v7e-m+fp/hard/crtn.o
 *(.fini)
 .fini          0x000000000800c588        0x4 c:/st/stm32cubeide_1.11.2/stm32cubeide/plugins/com.st.stm32cube.ide.mcu.externaltools.gnu-tools-for-stm32.10.3-2021.10.win32_1.0.100.202210260954/tools/bin/../lib/gcc/arm-none-eabi/10.3.1/thumb/v7e-m+fp/hard/crti.o
                0x000000000800c588                _fini
 .fini          0x000000000800c58c        0x8 c:/st/stm32cubeide_1.11.2/stm32cubeide/plugins/com.st.stm32cube.ide.mcu.externaltools.gnu-tools-for-stm32.10.3-2021.10.win32_1.0.100.202210260954/tools/bin/../lib/gcc/arm-none-eabi/10.3.1/thumb/v7e-m+fp/hard/crtn.o
                0x000000000800c594                . = ALIGN (0x4)
                0x000000000800c594                _etext = .

.vfp11_veneer   0x000000000800c594        0x0
 .vfp11_veneer  0x000000000800c594        0x0 linker stubs

.v4_bx          0x000000000800c594        0x0
 .v4_bx         0x000000000800c594        0x0 linker stubs

.iplt           0x000000000800c594        0x0
 .iplt          0x000000000800c594        0x0 c:/st/stm32cubeide_1.11.2/stm32cubeide/plugins/com.st.stm32cube.ide.mcu.externaltools.gnu-tools-for-stm32.10.3-2021.10.win32_1.0.100.202210260954/tools/bin/../lib/gcc/arm-none-eabi/10.3.1/thumb/v7e-m+fp/hard/crtbegin.o

.rodata         0x000000000800c594      0xa54
                0x000000000800c594                . = ALIGN (0x4)
 *(.rodata)
 .rodata        0x000000000800c594      0x234 ./Core/Src/main.o
 .rodata        0x000000000800c7c8       0x94 ./Drivers/BSP/X-NUCLEO-53L0A1/X-NUCLEO-53L0A1.o
 .rodata        0x000000000800c85c       0x37 ./Drivers/BSP/vl53l0x/vl53l0x_api.o
 *fill*         0x000000000800c893        0x1 
 .rodata        0x000000000800c894       0x25 ./Drivers/BSP/vl53l0x/vl53l0x_api_core.o
 *(.rodata*)
 *fill*         0x000000000800c8b9        0x3 
 .rodata.AHBPrescTable
                0x000000000800c8bc       0x10 ./Core/Src/system_stm32f4xx.o
                0x000000000800c8bc                AHBPrescTable
 .rodata.APBPrescTable
                0x000000000800c8cc        0x8 ./Core/Src/system_stm32f4xx.o
                0x000000000800c8cc                APBPrescTable
 .rodata.ascii_to_display_lut
                0x000000000800c8d4      0x100 ./Drivers/BSP/X-NUCLEO-53L0A1/X-NUCLEO-53L0A1.o
 .rodata.__func__.0
                0x000000000800c9d4       0x1f ./Drivers/BSP/X-NUCLEO-53L0A1/X-NUCLEO-53L0A1.o
 *fill*         0x000000000800c9f3        0x1 
 .rodata.__FUNCTION__.84
                0x000000000800c9f4       0x2b ./Drivers/BSP/vl53l0x/vl53l0x_api.o
 *fill*         0x000000000800ca1f        0x1 
 .rodata.__FUNCTION__.78
                0x000000000800ca20       0x19 ./Drivers/BSP/vl53l0x/vl53l0x_api.o
 *fill*         0x000000000800ca39        0x3 
 .rodata.__FUNCTION__.77
                0x000000000800ca3c       0x11 ./Drivers/BSP/vl53l0x/vl53l0x_api.o
 *fill*         0x000000000800ca4d        0x3 
 .rodata.__FUNCTION__.74
                0x000000000800ca50       0x13 ./Drivers/BSP/vl53l0x/vl53l0x_api.o
 *fill*         0x000000000800ca63        0x1 
 .rodata.__FUNCTION__.70
                0x000000000800ca64       0x1c ./Drivers/BSP/vl53l0x/vl53l0x_api.o
 .rodata.__FUNCTION__.69
                0x000000000800ca80       0x16 ./Drivers/BSP/vl53l0x/vl53l0x_api.o
 *fill*         0x000000000800ca96        0x2 
 .rodata.__FUNCTION__.68
                0x000000000800ca98       0x16 ./Drivers/BSP/vl53l0x/vl53l0x_api.o
 *fill*         0x000000000800caae        0x2 
 .rodata.__FUNCTION__.66
                0x000000000800cab0       0x1a ./Drivers/BSP/vl53l0x/vl53l0x_api.o
 *fill*         0x000000000800caca        0x2 
 .rodata.__FUNCTION__.63
                0x000000000800cacc       0x2f ./Drivers/BSP/vl53l0x/vl53l0x_api.o
 *fill*         0x000000000800cafb        0x1 
 .rodata.__FUNCTION__.62
                0x000000000800cafc       0x2f ./Drivers/BSP/vl53l0x/vl53l0x_api.o
 *fill*         0x000000000800cb2b        0x1 
 .rodata.__FUNCTION__.61
                0x000000000800cb2c       0x1c ./Drivers/BSP/vl53l0x/vl53l0x_api.o
 .rodata.__FUNCTION__.60
                0x000000000800cb48       0x1c ./Drivers/BSP/vl53l0x/vl53l0x_api.o
 .rodata.__FUNCTION__.59
                0x000000000800cb64       0x1e ./Drivers/BSP/vl53l0x/vl53l0x_api.o
 *fill*         0x000000000800cb82        0x2 
 .rodata.__FUNCTION__.58
                0x000000000800cb84       0x16 ./Drivers/BSP/vl53l0x/vl53l0x_api.o
 *fill*         0x000000000800cb9a        0x2 
 .rodata.__FUNCTION__.56
                0x000000000800cb9c       0x1f ./Drivers/BSP/vl53l0x/vl53l0x_api.o
 *fill*         0x000000000800cbbb        0x1 
 .rodata.__FUNCTION__.50
                0x000000000800cbbc       0x2e ./Drivers/BSP/vl53l0x/vl53l0x_api.o
 *fill*         0x000000000800cbea        0x2 
 .rodata.__FUNCTION__.48
                0x000000000800cbec       0x23 ./Drivers/BSP/vl53l0x/vl53l0x_api.o
 *fill*         0x000000000800cc0f        0x1 
 .rodata.__FUNCTION__.46
                0x000000000800cc10       0x28 ./Drivers/BSP/vl53l0x/vl53l0x_api.o
 .rodata.__FUNCTION__.40
                0x000000000800cc38       0x1c ./Drivers/BSP/vl53l0x/vl53l0x_api.o
 .rodata.__FUNCTION__.39
                0x000000000800cc54       0x1c ./Drivers/BSP/vl53l0x/vl53l0x_api.o
 .rodata.__FUNCTION__.38
                0x000000000800cc70       0x1b ./Drivers/BSP/vl53l0x/vl53l0x_api.o
 *fill*         0x000000000800cc8b        0x1 
 .rodata.__FUNCTION__.37
                0x000000000800cc8c       0x1b ./Drivers/BSP/vl53l0x/vl53l0x_api.o
 *fill*         0x000000000800cca7        0x1 
 .rodata.__FUNCTION__.34
                0x000000000800cca8       0x21 ./Drivers/BSP/vl53l0x/vl53l0x_api.o
 *fill*         0x000000000800ccc9        0x3 
 .rodata.__FUNCTION__.31
                0x000000000800cccc       0x21 ./Drivers/BSP/vl53l0x/vl53l0x_api.o
 *fill*         0x000000000800cced        0x3 
 .rodata.__FUNCTION__.29
                0x000000000800ccf0       0x1e ./Drivers/BSP/vl53l0x/vl53l0x_api.o
 *fill*         0x000000000800cd0e        0x2 
 .rodata.__FUNCTION__.25
                0x000000000800cd10       0x19 ./Drivers/BSP/vl53l0x/vl53l0x_api.o
 *fill*         0x000000000800cd29        0x3 
 .rodata.__FUNCTION__.23
                0x000000000800cd2c       0x20 ./Drivers/BSP/vl53l0x/vl53l0x_api.o
 .rodata.__FUNCTION__.21
                0x000000000800cd4c       0x22 ./Drivers/BSP/vl53l0x/vl53l0x_api.o
 *fill*         0x000000000800cd6e        0x2 
 .rodata.__FUNCTION__.18
                0x000000000800cd70       0x28 ./Drivers/BSP/vl53l0x/vl53l0x_api.o
 .rodata.__FUNCTION__.14
                0x000000000800cd98       0x16 ./Drivers/BSP/vl53l0x/vl53l0x_api.o
 *fill*         0x000000000800cdae        0x2 
 .rodata.__FUNCTION__.11
                0x000000000800cdb0       0x1f ./Drivers/BSP/vl53l0x/vl53l0x_api.o
 *fill*         0x000000000800cdcf        0x1 
 .rodata.__FUNCTION__.9
                0x000000000800cdd0       0x1b ./Drivers/BSP/vl53l0x/vl53l0x_api.o
 *fill*         0x000000000800cdeb        0x1 
 .rodata.__FUNCTION__.8
                0x000000000800cdec       0x1f ./Drivers/BSP/vl53l0x/vl53l0x_api.o
 *fill*         0x000000000800ce0b        0x1 
 .rodata.__FUNCTION__.0
                0x000000000800ce0c       0x21 ./Drivers/BSP/vl53l0x/vl53l0x_api.o
 *fill*         0x000000000800ce2d        0x3 
 .rodata.__FUNCTION__.10
                0x000000000800ce30       0x28 ./Drivers/BSP/vl53l0x/vl53l0x_api_core.o
 .rodata.__FUNCTION__.9
                0x000000000800ce58       0x1b ./Drivers/BSP/vl53l0x/vl53l0x_api_core.o
 *fill*         0x000000000800ce73        0x1 
 .rodata.__FUNCTION__.8
                0x000000000800ce74       0x1d ./Drivers/BSP/vl53l0x/vl53l0x_api_core.o
 *fill*         0x000000000800ce91        0x3 
 .rodata.__FUNCTION__.7
                0x000000000800ce94       0x1d ./Drivers/BSP/vl53l0x/vl53l0x_api_core.o
 *fill*         0x000000000800ceb1        0x3 
 .rodata.__FUNCTION__.6
                0x000000000800ceb4       0x34 ./Drivers/BSP/vl53l0x/vl53l0x_api_core.o
 .rodata.__FUNCTION__.5
                0x000000000800cee8       0x34 ./Drivers/BSP/vl53l0x/vl53l0x_api_core.o
 .rodata.__FUNCTION__.4
                0x000000000800cf1c       0x1d ./Drivers/BSP/vl53l0x/vl53l0x_api_core.o
 *fill*         0x000000000800cf39        0x3 
 .rodata.__FUNCTION__.3
                0x000000000800cf3c       0x1e ./Drivers/BSP/vl53l0x/vl53l0x_api_core.o
 *fill*         0x000000000800cf5a        0x2 
 .rodata.__FUNCTION__.2
                0x000000000800cf5c       0x12 ./Drivers/BSP/vl53l0x/vl53l0x_api_core.o
 *fill*         0x000000000800cf6e        0x2 
 .rodata.__FUNCTION__.1
                0x000000000800cf70       0x1c ./Drivers/BSP/vl53l0x/vl53l0x_api_core.o
 .rodata.__FUNCTION__.0
                0x000000000800cf8c       0x1d ./Drivers/BSP/vl53l0x/vl53l0x_api_core.o
 *fill*         0x000000000800cfa9        0x3 
 .rodata.flagBitshiftOffset.0
                0x000000000800cfac        0x8 ./Drivers/STM32F4xx_HAL_Driver/Src/stm32f4xx_hal_dma.o
 .rodata._svfprintf_r.str1.1
                0x000000000800cfb4       0x11 c:/st/stm32cubeide_1.11.2/stm32cubeide/plugins/com.st.stm32cube.ide.mcu.externaltools.gnu-tools-for-stm32.10.3-2021.10.win32_1.0.100.202210260954/tools/bin/../lib/gcc/arm-none-eabi/10.3.1/../../../../arm-none-eabi/lib/thumb/v7e-m+fp/hard\libc_nano.a(lib_a-nano-svfprintf.o)
 .rodata._printf_i.str1.1
                0x000000000800cfc5       0x22 c:/st/stm32cubeide_1.11.2/stm32cubeide/plugins/com.st.stm32cube.ide.mcu.externaltools.gnu-tools-for-stm32.10.3-2021.10.win32_1.0.100.202210260954/tools/bin/../lib/gcc/arm-none-eabi/10.3.1/../../../../arm-none-eabi/lib/thumb/v7e-m+fp/hard\libc_nano.a(lib_a-nano-vfprintf_i.o)
                0x000000000800cfe8                . = ALIGN (0x4)
 *fill*         0x000000000800cfe7        0x1 

.ARM.extab      0x000000000800cfe8        0x0
                0x000000000800cfe8                . = ALIGN (0x4)
 *(.ARM.extab* .gnu.linkonce.armextab.*)
                0x000000000800cfe8                . = ALIGN (0x4)

.ARM            0x000000000800cfe8        0x8
                0x000000000800cfe8                . = ALIGN (0x4)
                0x000000000800cfe8                __exidx_start = .
 *(.ARM.exidx*)
 .ARM.exidx     0x000000000800cfe8        0x8 c:/st/stm32cubeide_1.11.2/stm32cubeide/plugins/com.st.stm32cube.ide.mcu.externaltools.gnu-tools-for-stm32.10.3-2021.10.win32_1.0.100.202210260954/tools/bin/../lib/gcc/arm-none-eabi/10.3.1/thumb/v7e-m+fp/hard\libgcc.a(_udivmoddi4.o)
                0x000000000800cff0                __exidx_end = .
                0x000000000800cff0                . = ALIGN (0x4)

.rel.dyn        0x000000000800cff0        0x0
 .rel.iplt      0x000000000800cff0        0x0 c:/st/stm32cubeide_1.11.2/stm32cubeide/plugins/com.st.stm32cube.ide.mcu.externaltools.gnu-tools-for-stm32.10.3-2021.10.win32_1.0.100.202210260954/tools/bin/../lib/gcc/arm-none-eabi/10.3.1/thumb/v7e-m+fp/hard/crtbegin.o

.preinit_array  0x000000000800cff0        0x0
                0x000000000800cff0                . = ALIGN (0x4)
                0x000000000800cff0                PROVIDE (__preinit_array_start = .)
 *(.preinit_array*)
                0x000000000800cff0                PROVIDE (__preinit_array_end = .)
                0x000000000800cff0                . = ALIGN (0x4)

.init_array     0x000000000800cff0        0x4
                0x000000000800cff0                . = ALIGN (0x4)
                0x000000000800cff0                PROVIDE (__init_array_start = .)
 *(SORT_BY_NAME(.init_array.*))
 *(.init_array*)
 .init_array    0x000000000800cff0        0x4 c:/st/stm32cubeide_1.11.2/stm32cubeide/plugins/com.st.stm32cube.ide.mcu.externaltools.gnu-tools-for-stm32.10.3-2021.10.win32_1.0.100.202210260954/tools/bin/../lib/gcc/arm-none-eabi/10.3.1/thumb/v7e-m+fp/hard/crtbegin.o
                0x000000000800cff4                PROVIDE (__init_array_end = .)
                0x000000000800cff4                . = ALIGN (0x4)

.fini_array     0x000000000800cff4        0x4
                0x000000000800cff4                . = ALIGN (0x4)
                [!provide]                        PROVIDE (__fini_array_start = .)
 *(SORT_BY_NAME(.fini_array.*))
 *(.fini_array*)
 .fini_array    0x000000000800cff4        0x4 c:/st/stm32cubeide_1.11.2/stm32cubeide/plugins/com.st.stm32cube.ide.mcu.externaltools.gnu-tools-for-stm32.10.3-2021.10.win32_1.0.100.202210260954/tools/bin/../lib/gcc/arm-none-eabi/10.3.1/thumb/v7e-m+fp/hard/crtbegin.o
                [!provide]                        PROVIDE (__fini_array_end = .)
                0x000000000800cff8                . = ALIGN (0x4)
                0x000000000800cff8                _sidata = LOADADDR (.data)

.data           0x0000000020000000      0x824 load address 0x000000000800cff8
                0x0000000020000000                . = ALIGN (0x4)
                0x0000000020000000                _sdata = .
 *(.data)
 *(.data*)
 .data.UseSensorsMask
                0x0000000020000000        0x4 ./Core/Src/main.o
                0x0000000020000000                UseSensorsMask
 .data.LeakyFactorFix8
                0x0000000020000004        0x4 ./Core/Src/main.o
                0x0000000020000004                LeakyFactorFix8
 .data.VL53L0XDevs
                0x0000000020000008      0x4b0 ./Core/Src/main.o
                0x0000000020000008                VL53L0XDevs
 .data.WelcomeMsg
                0x00000000200004b8       0x29 ./Core/Src/main.o
                0x00000000200004b8                WelcomeMsg
 *fill*         0x00000000200004e1        0x3 
 .data.SystemCoreClock
                0x00000000200004e4        0x4 ./Core/Src/system_stm32f4xx.o
                0x00000000200004e4                SystemCoreClock
 .data.DisplayBitPos
                0x00000000200004e8       0x10 ./Drivers/BSP/X-NUCLEO-53L0A1/X-NUCLEO-53L0A1.o
 .data.DefaultTuningSettings
                0x00000000200004f8       0xf3 ./Drivers/BSP/vl53l0x/vl53l0x_api.o
                0x00000000200004f8                DefaultTuningSettings
 *fill*         0x00000000200005eb        0x1 
 .data.InterruptThresholdSettings
                0x00000000200005ec      0x1b6 ./Drivers/BSP/vl53l0x/vl53l0x_api.o
                0x00000000200005ec                InterruptThresholdSettings
 *fill*         0x00000000200007a2        0x2 
 .data.refArrayQuadrants
                0x00000000200007a4       0x10 ./Drivers/BSP/vl53l0x/vl53l0x_api_calibration.o
                0x00000000200007a4                refArrayQuadrants
 .data._trace_level
                0x00000000200007b4        0x4 ./Drivers/BSP/vl53l0x/vl53l0x_platform_log.o
                0x00000000200007b4                _trace_level
 .data.uwTickPrio
                0x00000000200007b8        0x4 ./Drivers/STM32F4xx_HAL_Driver/Src/stm32f4xx_hal.o
                0x00000000200007b8                uwTickPrio
 .data.uwTickFreq
                0x00000000200007bc        0x1 ./Drivers/STM32F4xx_HAL_Driver/Src/stm32f4xx_hal.o
                0x00000000200007bc                uwTickFreq
 *fill*         0x00000000200007bd        0x3 
 .data._impure_ptr
                0x00000000200007c0        0x4 c:/st/stm32cubeide_1.11.2/stm32cubeide/plugins/com.st.stm32cube.ide.mcu.externaltools.gnu-tools-for-stm32.10.3-2021.10.win32_1.0.100.202210260954/tools/bin/../lib/gcc/arm-none-eabi/10.3.1/../../../../arm-none-eabi/lib/thumb/v7e-m+fp/hard\libc_nano.a(lib_a-impure.o)
                0x00000000200007c0                _impure_ptr
 .data.impure_data
                0x00000000200007c4       0x60 c:/st/stm32cubeide_1.11.2/stm32cubeide/plugins/com.st.stm32cube.ide.mcu.externaltools.gnu-tools-for-stm32.10.3-2021.10.win32_1.0.100.202210260954/tools/bin/../lib/gcc/arm-none-eabi/10.3.1/../../../../arm-none-eabi/lib/thumb/v7e-m+fp/hard\libc_nano.a(lib_a-impure.o)
 *(.RamFunc)
 *(.RamFunc*)
                0x0000000020000824                . = ALIGN (0x4)
                0x0000000020000824                _edata = .

.igot.plt       0x0000000020000824        0x0 load address 0x000000000800d81c
 .igot.plt      0x0000000020000824        0x0 c:/st/stm32cubeide_1.11.2/stm32cubeide/plugins/com.st.stm32cube.ide.mcu.externaltools.gnu-tools-for-stm32.10.3-2021.10.win32_1.0.100.202210260954/tools/bin/../lib/gcc/arm-none-eabi/10.3.1/thumb/v7e-m+fp/hard/crtbegin.o
                0x0000000020000824                . = ALIGN (0x4)

.bss            0x0000000020000824      0x3dc load address 0x000000000800d81c
                0x0000000020000824                _sbss = .
                0x0000000020000824                __bss_start__ = _sbss
 *(.bss)
 .bss           0x0000000020000824       0x1c c:/st/stm32cubeide_1.11.2/stm32cubeide/plugins/com.st.stm32cube.ide.mcu.externaltools.gnu-tools-for-stm32.10.3-2021.10.win32_1.0.100.202210260954/tools/bin/../lib/gcc/arm-none-eabi/10.3.1/thumb/v7e-m+fp/hard/crtbegin.o
 *(.bss*)
 .bss.hi2c1     0x0000000020000840       0x54 ./Core/Src/main.o
                0x0000000020000840                hi2c1
 .bss.hi2c3     0x0000000020000894       0x54 ./Core/Src/main.o
                0x0000000020000894                hi2c3
 .bss.htim5     0x00000000200008e8       0x48 ./Core/Src/main.o
                0x00000000200008e8                htim5
 .bss.htim10    0x0000000020000930       0x48 ./Core/Src/main.o
                0x0000000020000930                htim10
 .bss.huart2    0x0000000020000978       0x44 ./Core/Src/main.o
                0x0000000020000978                huart2
 .bss.hdma_usart2_tx
                0x00000000200009bc       0x60 ./Core/Src/main.o
                0x00000000200009bc                hdma_usart2_tx
 .bss.RangingMeasurementData
                0x0000000020000a1c       0x1c ./Core/Src/main.o
                0x0000000020000a1c                RangingMeasurementData
 .bss.nDevPresent
                0x0000000020000a38        0x4 ./Core/Src/main.o
                0x0000000020000a38                nDevPresent
 .bss.nDevMask  0x0000000020000a3c        0x4 ./Core/Src/main.o
                0x0000000020000a3c                nDevMask
 .bss.__sbrk_heap_end
                0x0000000020000a40        0x4 ./Core/Src/sysmem.o
 .bss.XNUCLEO53L0A1_hi2c
                0x0000000020000a44       0x54 ./Drivers/BSP/X-NUCLEO-53L0A1/X-NUCLEO-53L0A1.o
                0x0000000020000a44                XNUCLEO53L0A1_hi2c
 .bss.CurIOVal  0x0000000020000a98        0x4 ./Drivers/BSP/X-NUCLEO-53L0A1/X-NUCLEO-53L0A1.o
 .bss.InUsed    0x0000000020000a9c        0x4 ./Drivers/BSP/X-NUCLEO-53L0A1/uart_trace.o
 .bss.uart_buffer
                0x0000000020000aa0      0x100 ./Drivers/BSP/X-NUCLEO-53L0A1/uart_trace.o
 .bss.UartErrCnt
                0x0000000020000ba0        0x4 ./Drivers/BSP/X-NUCLEO-53L0A1/uart_trace.o
 .bss._I2CBuffer
                0x0000000020000ba4       0x40 ./Drivers/BSP/X-NUCLEO-53L0A1/vl53l0x_platform.o
                0x0000000020000ba4                _I2CBuffer
 .bss._trace_modules
                0x0000000020000be4        0x4 ./Drivers/BSP/vl53l0x/vl53l0x_platform_log.o
                0x0000000020000be4                _trace_modules
 .bss._trace_functions
                0x0000000020000be8        0x4 ./Drivers/BSP/vl53l0x/vl53l0x_platform_log.o
                0x0000000020000be8                _trace_functions
 .bss.uwTick    0x0000000020000bec        0x4 ./Drivers/STM32F4xx_HAL_Driver/Src/stm32f4xx_hal.o
                0x0000000020000bec                uwTick
 .bss.__malloc_free_list
                0x0000000020000bf0        0x4 c:/st/stm32cubeide_1.11.2/stm32cubeide/plugins/com.st.stm32cube.ide.mcu.externaltools.gnu-tools-for-stm32.10.3-2021.10.win32_1.0.100.202210260954/tools/bin/../lib/gcc/arm-none-eabi/10.3.1/../../../../arm-none-eabi/lib/thumb/v7e-m+fp/hard\libc_nano.a(lib_a-nano-mallocr.o)
                0x0000000020000bf0                __malloc_free_list
 .bss.__malloc_sbrk_start
                0x0000000020000bf4        0x4 c:/st/stm32cubeide_1.11.2/stm32cubeide/plugins/com.st.stm32cube.ide.mcu.externaltools.gnu-tools-for-stm32.10.3-2021.10.win32_1.0.100.202210260954/tools/bin/../lib/gcc/arm-none-eabi/10.3.1/../../../../arm-none-eabi/lib/thumb/v7e-m+fp/hard\libc_nano.a(lib_a-nano-mallocr.o)
                0x0000000020000bf4                __malloc_sbrk_start
 .bss.errno     0x0000000020000bf8        0x4 c:/st/stm32cubeide_1.11.2/stm32cubeide/plugins/com.st.stm32cube.ide.mcu.externaltools.gnu-tools-for-stm32.10.3-2021.10.win32_1.0.100.202210260954/tools/bin/../lib/gcc/arm-none-eabi/10.3.1/../../../../arm-none-eabi/lib/thumb/v7e-m+fp/hard\libc_nano.a(lib_a-reent.o)
                0x0000000020000bf8                errno
 .bss.__lock___malloc_recursive_mutex
                0x0000000020000bfc        0x1 c:/st/stm32cubeide_1.11.2/stm32cubeide/plugins/com.st.stm32cube.ide.mcu.externaltools.gnu-tools-for-stm32.10.3-2021.10.win32_1.0.100.202210260954/tools/bin/../lib/gcc/arm-none-eabi/10.3.1/../../../../arm-none-eabi/lib/thumb/v7e-m+fp/hard\libc_nano.a(lib_a-lock.o)
                0x0000000020000bfc                __lock___malloc_recursive_mutex
 *(COMMON)
                0x0000000020000c00                . = ALIGN (0x4)
 *fill*         0x0000000020000bfd        0x3 
                0x0000000020000c00                _ebss = .
                0x0000000020000c00                __bss_end__ = _ebss

._user_heap_stack
                0x0000000020000c00      0x600 load address 0x000000000800d81c
                0x0000000020000c00                . = ALIGN (0x8)
                [!provide]                        PROVIDE (end = .)
                0x0000000020000c00                PROVIDE (_end = .)
                0x0000000020000e00                . = (. + _Min_Heap_Size)
 *fill*         0x0000000020000c00      0x200 
                0x0000000020001200                . = (. + _Min_Stack_Size)
 *fill*         0x0000000020000e00      0x400 
                0x0000000020001200                . = ALIGN (0x8)

/DISCARD/
 libc.a(*)
 libm.a(*)
 libgcc.a(*)

.ARM.attributes
                0x0000000000000000       0x30
 *(.ARM.attributes)
 .ARM.attributes
                0x0000000000000000       0x1e c:/st/stm32cubeide_1.11.2/stm32cubeide/plugins/com.st.stm32cube.ide.mcu.externaltools.gnu-tools-for-stm32.10.3-2021.10.win32_1.0.100.202210260954/tools/bin/../lib/gcc/arm-none-eabi/10.3.1/thumb/v7e-m+fp/hard/crti.o
 .ARM.attributes
                0x000000000000001e       0x34 c:/st/stm32cubeide_1.11.2/stm32cubeide/plugins/com.st.stm32cube.ide.mcu.externaltools.gnu-tools-for-stm32.10.3-2021.10.win32_1.0.100.202210260954/tools/bin/../lib/gcc/arm-none-eabi/10.3.1/thumb/v7e-m+fp/hard/crtbegin.o
 .ARM.attributes
                0x0000000000000052       0x34 ./Core/Src/main.o
 .ARM.attributes
                0x0000000000000086       0x34 ./Core/Src/stm32f4xx_hal_msp.o
 .ARM.attributes
                0x00000000000000ba       0x34 ./Core/Src/stm32f4xx_it.o
 .ARM.attributes
                0x00000000000000ee       0x34 ./Core/Src/sysmem.o
 .ARM.attributes
                0x0000000000000122       0x34 ./Core/Src/system_stm32f4xx.o
 .ARM.attributes
                0x0000000000000156       0x21 ./Core/Startup/startup_stm32f401retx.o
 .ARM.attributes
                0x0000000000000177       0x34 ./Drivers/BSP/X-NUCLEO-53L0A1/X-NUCLEO-53L0A1.o
 .ARM.attributes
                0x00000000000001ab       0x34 ./Drivers/BSP/X-NUCLEO-53L0A1/uart_trace.o
 .ARM.attributes
                0x00000000000001df       0x34 ./Drivers/BSP/X-NUCLEO-53L0A1/vl53l0a1-l053msp.o
 .ARM.attributes
                0x0000000000000213       0x34 ./Drivers/BSP/X-NUCLEO-53L0A1/vl53l0a1-x4msp.o
 .ARM.attributes
                0x0000000000000247       0x34 ./Drivers/BSP/X-NUCLEO-53L0A1/vl53l0x_platform.o
 .ARM.attributes
                0x000000000000027b       0x34 ./Drivers/BSP/vl53l0x/vl53l0x_api.o
 .ARM.attributes
                0x00000000000002af       0x34 ./Drivers/BSP/vl53l0x/vl53l0x_api_calibration.o
 .ARM.attributes
                0x00000000000002e3       0x34 ./Drivers/BSP/vl53l0x/vl53l0x_api_core.o
 .ARM.attributes
                0x0000000000000317       0x34 ./Drivers/BSP/vl53l0x/vl53l0x_platform_log.o
 .ARM.attributes
                0x000000000000034b       0x34 ./Drivers/STM32F4xx_HAL_Driver/Src/stm32f4xx_hal.o
 .ARM.attributes
                0x000000000000037f       0x34 ./Drivers/STM32F4xx_HAL_Driver/Src/stm32f4xx_hal_cortex.o
 .ARM.attributes
                0x00000000000003b3       0x34 ./Drivers/STM32F4xx_HAL_Driver/Src/stm32f4xx_hal_dma.o
 .ARM.attributes
                0x00000000000003e7       0x34 ./Drivers/STM32F4xx_HAL_Driver/Src/stm32f4xx_hal_gpio.o
 .ARM.attributes
                0x000000000000041b       0x34 ./Drivers/STM32F4xx_HAL_Driver/Src/stm32f4xx_hal_i2c.o
 .ARM.attributes
                0x000000000000044f       0x34 ./Drivers/STM32F4xx_HAL_Driver/Src/stm32f4xx_hal_rcc.o
 .ARM.attributes
                0x0000000000000483       0x34 ./Drivers/STM32F4xx_HAL_Driver/Src/stm32f4xx_hal_tim.o
 .ARM.attributes
                0x00000000000004b7       0x34 ./Drivers/STM32F4xx_HAL_Driver/Src/stm32f4xx_hal_tim_ex.o
 .ARM.attributes
                0x00000000000004eb       0x34 ./Drivers/STM32F4xx_HAL_Driver/Src/stm32f4xx_hal_uart.o
 .ARM.attributes
                0x000000000000051f       0x34 c:/st/stm32cubeide_1.11.2/stm32cubeide/plugins/com.st.stm32cube.ide.mcu.externaltools.gnu-tools-for-stm32.10.3-2021.10.win32_1.0.100.202210260954/tools/bin/../lib/gcc/arm-none-eabi/10.3.1/../../../../arm-none-eabi/lib/thumb/v7e-m+fp/hard\libc_nano.a(lib_a-errno.o)
 .ARM.attributes
                0x0000000000000553       0x34 c:/st/stm32cubeide_1.11.2/stm32cubeide/plugins/com.st.stm32cube.ide.mcu.externaltools.gnu-tools-for-stm32.10.3-2021.10.win32_1.0.100.202210260954/tools/bin/../lib/gcc/arm-none-eabi/10.3.1/../../../../arm-none-eabi/lib/thumb/v7e-m+fp/hard\libc_nano.a(lib_a-impure.o)
 .ARM.attributes
                0x0000000000000587       0x34 c:/st/stm32cubeide_1.11.2/stm32cubeide/plugins/com.st.stm32cube.ide.mcu.externaltools.gnu-tools-for-stm32.10.3-2021.10.win32_1.0.100.202210260954/tools/bin/../lib/gcc/arm-none-eabi/10.3.1/../../../../arm-none-eabi/lib/thumb/v7e-m+fp/hard\libc_nano.a(lib_a-init.o)
 .ARM.attributes
                0x00000000000005bb       0x34 c:/st/stm32cubeide_1.11.2/stm32cubeide/plugins/com.st.stm32cube.ide.mcu.externaltools.gnu-tools-for-stm32.10.3-2021.10.win32_1.0.100.202210260954/tools/bin/../lib/gcc/arm-none-eabi/10.3.1/../../../../arm-none-eabi/lib/thumb/v7e-m+fp/hard\libc_nano.a(lib_a-memcpy-stub.o)
 .ARM.attributes
                0x00000000000005ef       0x34 c:/st/stm32cubeide_1.11.2/stm32cubeide/plugins/com.st.stm32cube.ide.mcu.externaltools.gnu-tools-for-stm32.10.3-2021.10.win32_1.0.100.202210260954/tools/bin/../lib/gcc/arm-none-eabi/10.3.1/../../../../arm-none-eabi/lib/thumb/v7e-m+fp/hard\libc_nano.a(lib_a-memset.o)
 .ARM.attributes
                0x0000000000000623       0x34 c:/st/stm32cubeide_1.11.2/stm32cubeide/plugins/com.st.stm32cube.ide.mcu.externaltools.gnu-tools-for-stm32.10.3-2021.10.win32_1.0.100.202210260954/tools/bin/../lib/gcc/arm-none-eabi/10.3.1/../../../../arm-none-eabi/lib/thumb/v7e-m+fp/hard\libc_nano.a(lib_a-sprintf.o)
 .ARM.attributes
                0x0000000000000657       0x34 c:/st/stm32cubeide_1.11.2/stm32cubeide/plugins/com.st.stm32cube.ide.mcu.externaltools.gnu-tools-for-stm32.10.3-2021.10.win32_1.0.100.202210260954/tools/bin/../lib/gcc/arm-none-eabi/10.3.1/../../../../arm-none-eabi/lib/thumb/v7e-m+fp/hard\libc_nano.a(lib_a-strcpy.o)
 .ARM.attributes
                0x000000000000068b       0x34 c:/st/stm32cubeide_1.11.2/stm32cubeide/plugins/com.st.stm32cube.ide.mcu.externaltools.gnu-tools-for-stm32.10.3-2021.10.win32_1.0.100.202210260954/tools/bin/../lib/gcc/arm-none-eabi/10.3.1/../../../../arm-none-eabi/lib/thumb/v7e-m+fp/hard\libc_nano.a(lib_a-vsnprintf.o)
 .ARM.attributes
                0x00000000000006bf       0x34 c:/st/stm32cubeide_1.11.2/stm32cubeide/plugins/com.st.stm32cube.ide.mcu.externaltools.gnu-tools-for-stm32.10.3-2021.10.win32_1.0.100.202210260954/tools/bin/../lib/gcc/arm-none-eabi/10.3.1/../../../../arm-none-eabi/lib/thumb/v7e-m+fp/hard\libc_nano.a(lib_a-nano-svfprintf.o)
 .ARM.attributes
                0x00000000000006f3       0x34 c:/st/stm32cubeide_1.11.2/stm32cubeide/plugins/com.st.stm32cube.ide.mcu.externaltools.gnu-tools-for-stm32.10.3-2021.10.win32_1.0.100.202210260954/tools/bin/../lib/gcc/arm-none-eabi/10.3.1/../../../../arm-none-eabi/lib/thumb/v7e-m+fp/hard\libc_nano.a(lib_a-nano-vfprintf_i.o)
 .ARM.attributes
                0x0000000000000727       0x1c c:/st/stm32cubeide_1.11.2/stm32cubeide/plugins/com.st.stm32cube.ide.mcu.externaltools.gnu-tools-for-stm32.10.3-2021.10.win32_1.0.100.202210260954/tools/bin/../lib/gcc/arm-none-eabi/10.3.1/../../../../arm-none-eabi/lib/thumb/v7e-m+fp/hard\libc_nano.a(lib_a-memchr.o)
 .ARM.attributes
                0x0000000000000743       0x34 c:/st/stm32cubeide_1.11.2/stm32cubeide/plugins/com.st.stm32cube.ide.mcu.externaltools.gnu-tools-for-stm32.10.3-2021.10.win32_1.0.100.202210260954/tools/bin/../lib/gcc/arm-none-eabi/10.3.1/../../../../arm-none-eabi/lib/thumb/v7e-m+fp/hard\libc_nano.a(lib_a-memmove.o)
 .ARM.attributes
                0x0000000000000777       0x34 c:/st/stm32cubeide_1.11.2/stm32cubeide/plugins/com.st.stm32cube.ide.mcu.externaltools.gnu-tools-for-stm32.10.3-2021.10.win32_1.0.100.202210260954/tools/bin/../lib/gcc/arm-none-eabi/10.3.1/../../../../arm-none-eabi/lib/thumb/v7e-m+fp/hard\libc_nano.a(lib_a-nano-freer.o)
 .ARM.attributes
                0x00000000000007ab       0x34 c:/st/stm32cubeide_1.11.2/stm32cubeide/plugins/com.st.stm32cube.ide.mcu.externaltools.gnu-tools-for-stm32.10.3-2021.10.win32_1.0.100.202210260954/tools/bin/../lib/gcc/arm-none-eabi/10.3.1/../../../../arm-none-eabi/lib/thumb/v7e-m+fp/hard\libc_nano.a(lib_a-nano-mallocr.o)
 .ARM.attributes
                0x00000000000007df       0x34 c:/st/stm32cubeide_1.11.2/stm32cubeide/plugins/com.st.stm32cube.ide.mcu.externaltools.gnu-tools-for-stm32.10.3-2021.10.win32_1.0.100.202210260954/tools/bin/../lib/gcc/arm-none-eabi/10.3.1/../../../../arm-none-eabi/lib/thumb/v7e-m+fp/hard\libc_nano.a(lib_a-nano-reallocr.o)
 .ARM.attributes
                0x0000000000000813       0x34 c:/st/stm32cubeide_1.11.2/stm32cubeide/plugins/com.st.stm32cube.ide.mcu.externaltools.gnu-tools-for-stm32.10.3-2021.10.win32_1.0.100.202210260954/tools/bin/../lib/gcc/arm-none-eabi/10.3.1/../../../../arm-none-eabi/lib/thumb/v7e-m+fp/hard\libc_nano.a(lib_a-sbrkr.o)
 .ARM.attributes
                0x0000000000000847       0x34 c:/st/stm32cubeide_1.11.2/stm32cubeide/plugins/com.st.stm32cube.ide.mcu.externaltools.gnu-tools-for-stm32.10.3-2021.10.win32_1.0.100.202210260954/tools/bin/../lib/gcc/arm-none-eabi/10.3.1/../../../../arm-none-eabi/lib/thumb/v7e-m+fp/hard\libc_nano.a(lib_a-mlock.o)
 .ARM.attributes
                0x000000000000087b       0x34 c:/st/stm32cubeide_1.11.2/stm32cubeide/plugins/com.st.stm32cube.ide.mcu.externaltools.gnu-tools-for-stm32.10.3-2021.10.win32_1.0.100.202210260954/tools/bin/../lib/gcc/arm-none-eabi/10.3.1/../../../../arm-none-eabi/lib/thumb/v7e-m+fp/hard\libc_nano.a(lib_a-nano-msizer.o)
 .ARM.attributes
                0x00000000000008af       0x34 c:/st/stm32cubeide_1.11.2/stm32cubeide/plugins/com.st.stm32cube.ide.mcu.externaltools.gnu-tools-for-stm32.10.3-2021.10.win32_1.0.100.202210260954/tools/bin/../lib/gcc/arm-none-eabi/10.3.1/../../../../arm-none-eabi/lib/thumb/v7e-m+fp/hard\libc_nano.a(lib_a-reent.o)
 .ARM.attributes
                0x00000000000008e3       0x34 c:/st/stm32cubeide_1.11.2/stm32cubeide/plugins/com.st.stm32cube.ide.mcu.externaltools.gnu-tools-for-stm32.10.3-2021.10.win32_1.0.100.202210260954/tools/bin/../lib/gcc/arm-none-eabi/10.3.1/../../../../arm-none-eabi/lib/thumb/v7e-m+fp/hard\libc_nano.a(lib_a-lock.o)
 .ARM.attributes
                0x0000000000000917       0x1e c:/st/stm32cubeide_1.11.2/stm32cubeide/plugins/com.st.stm32cube.ide.mcu.externaltools.gnu-tools-for-stm32.10.3-2021.10.win32_1.0.100.202210260954/tools/bin/../lib/gcc/arm-none-eabi/10.3.1/thumb/v7e-m+fp/hard\libgcc.a(_aeabi_uldivmod.o)
 .ARM.attributes
                0x0000000000000935       0x34 c:/st/stm32cubeide_1.11.2/stm32cubeide/plugins/com.st.stm32cube.ide.mcu.externaltools.gnu-tools-for-stm32.10.3-2021.10.win32_1.0.100.202210260954/tools/bin/../lib/gcc/arm-none-eabi/10.3.1/thumb/v7e-m+fp/hard\libgcc.a(_udivmoddi4.o)
 .ARM.attributes
                0x0000000000000969       0x1e c:/st/stm32cubeide_1.11.2/stm32cubeide/plugins/com.st.stm32cube.ide.mcu.externaltools.gnu-tools-for-stm32.10.3-2021.10.win32_1.0.100.202210260954/tools/bin/../lib/gcc/arm-none-eabi/10.3.1/thumb/v7e-m+fp/hard\libgcc.a(_dvmd_tls.o)
 .ARM.attributes
                0x0000000000000987       0x1e c:/st/stm32cubeide_1.11.2/stm32cubeide/plugins/com.st.stm32cube.ide.mcu.externaltools.gnu-tools-for-stm32.10.3-2021.10.win32_1.0.100.202210260954/tools/bin/../lib/gcc/arm-none-eabi/10.3.1/thumb/v7e-m+fp/hard/crtn.o
OUTPUT(STM32F401Nucleo-VL6180X.elf elf32-littlearm)
LOAD linker stubs
LOAD c:/st/stm32cubeide_1.11.2/stm32cubeide/plugins/com.st.stm32cube.ide.mcu.externaltools.gnu-tools-for-stm32.10.3-2021.10.win32_1.0.100.202210260954/tools/bin/../lib/gcc/arm-none-eabi/10.3.1/../../../../arm-none-eabi/lib/thumb/v7e-m+fp/hard\libc.a
LOAD c:/st/stm32cubeide_1.11.2/stm32cubeide/plugins/com.st.stm32cube.ide.mcu.externaltools.gnu-tools-for-stm32.10.3-2021.10.win32_1.0.100.202210260954/tools/bin/../lib/gcc/arm-none-eabi/10.3.1/../../../../arm-none-eabi/lib/thumb/v7e-m+fp/hard\libm.a
LOAD c:/st/stm32cubeide_1.11.2/stm32cubeide/plugins/com.st.stm32cube.ide.mcu.externaltools.gnu-tools-for-stm32.10.3-2021.10.win32_1.0.100.202210260954/tools/bin/../lib/gcc/arm-none-eabi/10.3.1/thumb/v7e-m+fp/hard\libgcc.a

.debug_info     0x0000000000000000    0x1d72e
 .debug_info    0x0000000000000000     0x26c6 ./Core/Src/main.o
 .debug_info    0x00000000000026c6     0x1405 ./Core/Src/stm32f4xx_hal_msp.o
 .debug_info    0x0000000000003acb      0xa2d ./Core/Src/stm32f4xx_it.o
 .debug_info    0x00000000000044f8      0x171 ./Core/Src/sysmem.o
 .debug_info    0x0000000000004669      0x54f ./Core/Src/system_stm32f4xx.o
 .debug_info    0x0000000000004bb8       0x22 ./Core/Startup/startup_stm32f401retx.o
 .debug_info    0x0000000000004bda     0x1427 ./Drivers/BSP/X-NUCLEO-53L0A1/X-NUCLEO-53L0A1.o