Archive member included to satisfy reference by file (symbol)

c:/st/stm32cubeide_1.11.2/stm32cubeide/plugins/com.st.stm32cube.ide.mcu.externaltools.gnu-tools-for-stm32.10.3-2021.10.win32_1.0.100.202210260954/tools/bin/../lib/gcc/arm-none-eabi/10.3.1/../../../../arm-none-eabi/lib/thumb/v7e-m+fp/hard\libc_nano.a(lib_a-errno.o)
                              ./Core/Src/syscalls.o (__errno)
c:/st/stm32cubeide_1.11.2/stm32cubeide/plugins/com.st.stm32cube.ide.mcu.externaltools.gnu-tools-for-stm32.10.3-2021.10.win32_1.0.100.202210260954/tools/bin/../lib/gcc/arm-none-eabi/10.3.1/../../../../arm-none-eabi/lib/thumb/v7e-m+fp/hard\libc_nano.a(lib_a-exit.o)
                              c:/st/stm32cubeide_1.11.2/stm32cubeide/plugins/com.st.stm32cube.ide.mcu.externaltools.gnu-tools-for-stm32.10.3-2021.10.win32_1.0.100.202210260954/tools/bin/../lib/gcc/arm-none-eabi/10.3.1/../../../../arm-none-eabi/lib/thumb/v7e-m+fp/hard/crt0.o (exit)
c:/st/stm32cubeide_1.11.2/stm32cubeide/plugins/com.st.stm32cube.ide.mcu.externaltools.gnu-tools-for-stm32.10.3-2021.10.win32_1.0.100.202210260954/tools/bin/../lib/gcc/arm-none-eabi/10.3.1/../../../../arm-none-eabi/lib/thumb/v7e-m+fp/hard\libc_nano.a(lib_a-impure.o)
                              c:/st/stm32cubeide_1.11.2/stm32cubeide/plugins/com.st.stm32cube.ide.mcu.externaltools.gnu-tools-for-stm32.10.3-2021.10.win32_1.0.100.202210260954/tools/bin/../lib/gcc/arm-none-eabi/10.3.1/../../../../arm-none-eabi/lib/thumb/v7e-m+fp/hard\libc_nano.a(lib_a-exit.o) (_global_impure_ptr)
c:/st/stm32cubeide_1.11.2/stm32cubeide/plugins/com.st.stm32cube.ide.mcu.externaltools.gnu-tools-for-stm32.10.3-2021.10.win32_1.0.100.202210260954/tools/bin/../lib/gcc/arm-none-eabi/10.3.1/../../../../arm-none-eabi/lib/thumb/v7e-m+fp/hard\libc_nano.a(lib_a-init.o)
                              c:/st/stm32cubeide_1.11.2/stm32cubeide/plugins/com.st.stm32cube.ide.mcu.externaltools.gnu-tools-for-stm32.10.3-2021.10.win32_1.0.100.202210260954/tools/bin/../lib/gcc/arm-none-eabi/10.3.1/../../../../arm-none-eabi/lib/thumb/v7e-m+fp/hard/crt0.o (__libc_init_array)
c:/st/stm32cubeide_1.11.2/stm32cubeide/plugins/com.st.stm32cube.ide.mcu.externaltools.gnu-tools-for-stm32.10.3-2021.10.win32_1.0.100.202210260954/tools/bin/../lib/gcc/arm-none-eabi/10.3.1/../../../../arm-none-eabi/lib/thumb/v7e-m+fp/hard\libc_nano.a(lib_a-memcpy-stub.o)
                              ./DCCCctrl/Src/dcc_tx.o (memcpy)
c:/st/stm32cubeide_1.11.2/stm32cubeide/plugins/com.st.stm32cube.ide.mcu.externaltools.gnu-tools-for-stm32.10.3-2021.10.win32_1.0.100.202210260954/tools/bin/../lib/gcc/arm-none-eabi/10.3.1/../../../../arm-none-eabi/lib/thumb/v7e-m+fp/hard\libc_nano.a(lib_a-memmove.o)
                              ./Blocks/Src/cmdedit.o (memmove)
c:/st/stm32cubeide_1.11.2/stm32cubeide/plugins/com.st.stm32cube.ide.mcu.externaltools.gnu-tools-for-stm32.10.3-2021.10.win32_1.0.100.202210260954/tools/bin/../lib/gcc/arm-none-eabi/10.3.1/../../../../arm-none-eabi/lib/thumb/v7e-m+fp/hard\libc_nano.a(lib_a-memset.o)
                              c:/st/stm32cubeide_1.11.2/stm32cubeide/plugins/com.st.stm32cube.ide.mcu.externaltools.gnu-tools-for-stm32.10.3-2021.10.win32_1.0.100.202210260954/tools/bin/../lib/gcc/arm-none-eabi/10.3.1/../../../../arm-none-eabi/lib/thumb/v7e-m+fp/hard/crt0.o (memset)
c:/st/stm32cubeide_1.11.2/stm32cubeide/plugins/com.st.stm32cube.ide.mcu.externaltools.gnu-tools-for-stm32.10.3-2021.10.win32_1.0.100.202210260954/tools/bin/../lib/gcc/arm-none-eabi/10.3.1/../../../../arm-none-eabi/lib/thumb/v7e-m+fp/hard\libc_nano.a(lib_a-sprintf.o)
                              ./Blocks/Src/cmdedit.o (sprintf)
c:/st/stm32cubeide_1.11.2/stm32cubeide/plugins/com.st.stm32cube.ide.mcu.externaltools.gnu-tools-for-stm32.10.3-2021.10.win32_1.0.100.202210260954/tools/bin/../lib/gcc/arm-none-eabi/10.3.1/../../../../arm-none-eabi/lib/thumb/v7e-m+fp/hard\libc_nano.a(lib_a-strcmp.o)
                              ./Blocks/Src/cmdedit.o (strcmp)
c:/st/stm32cubeide_1.11.2/stm32cubeide/plugins/com.st.stm32cube.ide.mcu.externaltools.gnu-tools-for-stm32.10.3-2021.10.win32_1.0.100.202210260954/tools/bin/../lib/gcc/arm-none-eabi/10.3.1/../../../../arm-none-eabi/lib/thumb/v7e-m+fp/hard\libc_nano.a(lib_a-strcpy.o)
                              ./Blocks/Src/cmdedit.o (strcpy)
c:/st/stm32cubeide_1.11.2/stm32cubeide/plugins/com.st.stm32cube.ide.mcu.externaltools.gnu-tools-for-stm32.10.3-2021.10.win32_1.0.100.202210260954/tools/bin/../lib/gcc/arm-none-eabi/10.3.1/../../../../arm-none-eabi/lib/thumb/v7e-m+fp/hard\libc_nano.a(lib_a-strlen.o)
                              ./Blocks/Src/cmdedit.o (strlen)
c:/st/stm32cubeide_1.11.2/stm32cubeide/plugins/com.st.stm32cube.ide.mcu.externaltools.gnu-tools-for-stm32.10.3-2021.10.win32_1.0.100.202210260954/tools/bin/../lib/gcc/arm-none-eabi/10.3.1/../../../../arm-none-eabi/lib/thumb/v7e-m+fp/hard\libc_nano.a(lib_a-vsnprintf.o)
                              ./Drivers/BSP/X-NUCLEO-53L0A1/uart_trace.o (vsnprintf)
[...]
Memory Configuration

Name             Origin             Length             Attributes
RAM              0x0000000020000000 0x0000000000018000 xrw
FLASH            0x0000000008000000 0x0000000000080000 xr
*default*        0x0000000000000000 0xffffffffffffffff

Linker script and memory map

LOAD c:/st/stm32cubeide_1.11.2/stm32cubeide/plugins/com.st.stm32cube.ide.mcu.externaltools.gnu-tools-for-stm32.10.3-2021.10.win32_1.0.100.202210260954/tools/bin/../lib/gcc/arm-none-eabi/10.3.1/thumb/v7e-m+fp/hard/crti.o
LOAD c:/st/stm32cubeide_1.11.2/stm32cubeide/plugins/com.st.stm32cube.ide.mcu.externaltools.gnu-tools-for-stm32.10.3-2021.10.win32_1.0.100.202210260954/tools/bin/../lib/gcc/arm-none-eabi/10.3.1/thumb/v7e-m+fp/hard/crtbegin.o
LOAD c:/st/stm32cubeide_1.11.2/stm32cubeide/plugins/com.st.stm32cube.ide.mcu.externaltools.gnu-tools-for-stm32.10.3-2021.10.win32_1.0.100.202210260954/tools/bin/../lib/gcc/arm-none-eabi/10.3.1/../../../../arm-none-eabi/lib/thumb/v7e-m+fp/hard/crt0.o
LOAD ./Blocks/Src/cmdedit.o
LOAD ./Blocks/Src/cmdparse.o
LOAD ./Blocks/Src/cmdproc.o
LOAD ./Core/Src/algorithm.o
LOAD ./Core/Src/auxilary.o
LOAD ./Core/Src/flash.o
LOAD ./Core/Src/main.o
LOAD ./Core/Src/sensor.o
LOAD ./Core/Src/stm32f4xx_hal_msp.o
LOAD ./Core/Src/stm32f4xx_it.o
LOAD ./Core/Src/syscalls.o
LOAD ./Core/Src/sysmem.o
LOAD ./Core/Src/system_stm32f4xx.o
LOAD ./Core/Startup/startup_stm32f401retx.o
LOAD ./DCCCctrl/Src/dcc_auto.o
LOAD ./DCCCctrl/Src/dcc_tx.o
LOAD ./DCCCctrl/Src/dcc_tx_hw.o
LOAD ./DCCCctrl/Src/dccctrl_cmdi.o
LOAD ./DCCCctrl/Src/dccctrl_config.o
LOAD ./DCCCctrl/Src/dccctrl_timing.o
LOAD ./DCCCctrl/Src/sx_tx.o
LOAD ./Drivers/BSP/X-NUCLEO-53L0A1/X-NUCLEO-53L0A1.o
LOAD ./Drivers/BSP/X-NUCLEO-53L0A1/uart_trace.o
LOAD ./Drivers/BSP/X-NUCLEO-53L0A1/vl53l0a1-l053msp.o
LOAD ./Drivers/BSP/X-NUCLEO-53L0A1/vl53l0a1-x4msp.o
LOAD ./Drivers/BSP/X-NUCLEO-53L0A1/vl53l0x_platform.o
LOAD ./Drivers/BSP/vl53l0x/vl53l0x_api.o
LOAD ./Drivers/BSP/vl53l0x/vl53l0x_api_calibration.o
LOAD ./Drivers/BSP/vl53l0x/vl53l0x_api_core.o
LOAD ./Drivers/BSP/vl53l0x/vl53l0x_api_ranging.o
LOAD ./Drivers/BSP/vl53l0x/vl53l0x_api_strings.o
LOAD ./Drivers/BSP/vl53l0x/vl53l0x_platform_log.o
LOAD ./Drivers/STM32F4xx_HAL_Driver/Src/stm32f4xx_hal.o
LOAD ./Drivers/STM32F4xx_HAL_Driver/Src/stm32f4xx_hal_cortex.o
LOAD ./Drivers/STM32F4xx_HAL_Driver/Src/stm32f4xx_hal_dma.o
LOAD ./Drivers/STM32F4xx_HAL_Driver/Src/stm32f4xx_hal_dma_ex.o
LOAD ./Drivers/STM32F4xx_HAL_Driver/Src/stm32f4xx_hal_exti.o
LOAD ./Drivers/STM32F4xx_HAL_Driver/Src/stm32f4xx_hal_flash.o
LOAD ./Drivers/STM32F4xx_HAL_Driver/Src/stm32f4xx_hal_flash_ex.o
LOAD ./Drivers/STM32F4xx_HAL_Driver/Src/stm32f4xx_hal_flash_ramfunc.o
LOAD ./Drivers/STM32F4xx_HAL_Driver/Src/stm32f4xx_hal_gpio.o
LOAD ./Drivers/STM32F4xx_HAL_Driver/Src/stm32f4xx_hal_i2c.o
LOAD ./Drivers/STM32F4xx_HAL_Driver/Src/stm32f4xx_hal_i2c_ex.o
LOAD ./Drivers/STM32F4xx_HAL_Driver/Src/stm32f4xx_hal_pwr.o
LOAD ./Drivers/STM32F4xx_HAL_Driver/Src/stm32f4xx_hal_pwr_ex.o
LOAD ./Drivers/STM32F4xx_HAL_Driver/Src/stm32f4xx_hal_rcc.o
LOAD ./Drivers/STM32F4xx_HAL_Driver/Src/stm32f4xx_hal_rcc_ex.o
LOAD ./Drivers/STM32F4xx_HAL_Driver/Src/stm32f4xx_hal_tim.o
LOAD ./Drivers/STM32F4xx_HAL_Driver/Src/stm32f4xx_hal_tim_ex.o
LOAD ./Drivers/STM32F4xx_HAL_Driver/Src/stm32f4xx_hal_uart.o
START GROUP
LOAD c:/st/stm32cubeide_1.11.2/stm32cubeide/plugins/com.st.stm32cube.ide.mcu.externaltools.gnu-tools-for-stm32.10.3-2021.10.win32_1.0.100.202210260954/tools/bin/../lib/gcc/arm-none-eabi/10.3.1/../../../../arm-none-eabi/lib/thumb/v7e-m+fp/hard\libc_nano.a
LOAD c:/st/stm32cubeide_1.11.2/stm32cubeide/plugins/com.st.stm32cube.ide.mcu.externaltools.gnu-tools-for-stm32.10.3-2021.10.win32_1.0.100.202210260954/tools/bin/../lib/gcc/arm-none-eabi/10.3.1/../../../../arm-none-eabi/lib/thumb/v7e-m+fp/hard\libm.a
END GROUP
START GROUP
LOAD c:/st/stm32cubeide_1.11.2/stm32cubeide/plugins/com.st.stm32cube.ide.mcu.externaltools.gnu-tools-for-stm32.10.3-2021.10.win32_1.0.100.202210260954/tools/bin/../lib/gcc/arm-none-eabi/10.3.1/thumb/v7e-m+fp/hard\libgcc.a
LOAD c:/st/stm32cubeide_1.11.2/stm32cubeide/plugins/com.st.stm32cube.ide.mcu.externaltools.gnu-tools-for-stm32.10.3-2021.10.win32_1.0.100.202210260954/tools/bin/../lib/gcc/arm-none-eabi/10.3.1/../../../../arm-none-eabi/lib/thumb/v7e-m+fp/hard\libc_nano.a
END GROUP
START GROUP
LOAD c:/st/stm32cubeide_1.11.2/stm32cubeide/plugins/com.st.stm32cube.ide.mcu.externaltools.gnu-tools-for-stm32.10.3-2021.10.win32_1.0.100.202210260954/tools/bin/../lib/gcc/arm-none-eabi/10.3.1/thumb/v7e-m+fp/hard\libgcc.a
LOAD c:/st/stm32cubeide_1.11.2/stm32cubeide/plugins/com.st.stm32cube.ide.mcu.externaltools.gnu-tools-for-stm32.10.3-2021.10.win32_1.0.100.202210260954/tools/bin/../lib/gcc/arm-none-eabi/10.3.1/../../../../arm-none-eabi/lib/thumb/v7e-m+fp/hard\libc_nano.a
LOAD c:/st/stm32cubeide_1.11.2/stm32cubeide/plugins/com.st.stm32cube.ide.mcu.externaltools.gnu-tools-for-stm32.10.3-2021.10.win32_1.0.100.202210260954/tools/bin/../lib/gcc/arm-none-eabi/10.3.1/../../../../arm-none-eabi/lib/thumb/v7e-m+fp/hard\libnosys.a
END GROUP
START GROUP
LOAD c:/st/stm32cubeide_1.11.2/stm32cubeide/plugins/com.st.stm32cube.ide.mcu.externaltools.gnu-tools-for-stm32.10.3-2021.10.win32_1.0.100.202210260954/tools/bin/../lib/gcc/arm-none-eabi/10.3.1/thumb/v7e-m+fp/hard\libgcc.a
LOAD c:/st/stm32cubeide_1.11.2/stm32cubeide/plugins/com.st.stm32cube.ide.mcu.externaltools.gnu-tools-for-stm32.10.3-2021.10.win32_1.0.100.202210260954/tools/bin/../lib/gcc/arm-none-eabi/10.3.1/../../../../arm-none-eabi/lib/thumb/v7e-m+fp/hard\libc_nano.a
LOAD c:/st/stm32cubeide_1.11.2/stm32cubeide/plugins/com.st.stm32cube.ide.mcu.externaltools.gnu-tools-for-stm32.10.3-2021.10.win32_1.0.100.202210260954/tools/bin/../lib/gcc/arm-none-eabi/10.3.1/../../../../arm-none-eabi/lib/thumb/v7e-m+fp/hard\libnosys.a
END GROUP
LOAD c:/st/stm32cubeide_1.11.2/stm32cubeide/plugins/com.st.stm32cube.ide.mcu.externaltools.gnu-tools-for-stm32.10.3-2021.10.win32_1.0.100.202210260954/tools/bin/../lib/gcc/arm-none-eabi/10.3.1/thumb/v7e-m+fp/hard/crtend.o
LOAD c:/st/stm32cubeide_1.11.2/stm32cubeide/plugins/com.st.stm32cube.ide.mcu.externaltools.gnu-tools-for-stm32.10.3-2021.10.win32_1.0.100.202210260954/tools/bin/../lib/gcc/arm-none-eabi/10.3.1/thumb/v7e-m+fp/hard/crtn.o
                0x0000000020018000                _estack = (ORIGIN (RAM) + LENGTH (RAM))
                0x0000000000000200                _Min_Heap_Size = 0x200
                0x0000000000000400                _Min_Stack_Size = 0x400

.isr_vector     0x0000000008000000      0x194
                0x0000000008000000                . = ALIGN (0x4)
 *(.isr_vector)
 .isr_vector    0x0000000008000000      0x194 ./Core/Startup/startup_stm32f401retx.o
                0x0000000008000000                g_pfnVectors
                0x0000000008000194                . = ALIGN (0x4)

.text           0x00000000080001a0    0x1024c
                0x00000000080001a0                . = ALIGN (0x4)
 *(.text)
 .text          0x00000000080001a0       0x40 c:/st/stm32cubeide_1.11.2/stm32cubeide/plugins/com.st.stm32cube.ide.mcu.externaltools.gnu-tools-for-stm32.10.3-2021.10.win32_1.0.100.202210260954/tools/bin/../lib/gcc/arm-none-eabi/10.3.1/thumb/v7e-m+fp/hard/crtbegin.o
 .text          0x00000000080001e0       0x14 c:/st/stm32cubeide_1.11.2/stm32cubeide/plugins/com.st.stm32cube.ide.mcu.externaltools.gnu-tools-for-stm32.10.3-2021.10.win32_1.0.100.202210260954/tools/bin/../lib/gcc/arm-none-eabi/10.3.1/../../../../arm-none-eabi/lib/thumb/v7e-m+fp/hard\libc_nano.a(lib_a-strcmp.o)
                0x00000000080001e0                strcmp
 .text          0x00000000080001f4       0x10 c:/st/stm32cubeide_1.11.2/stm32cubeide/plugins/com.st.stm32cube.ide.mcu.externaltools.gnu-tools-for-stm32.10.3-2021.10.win32_1.0.100.202210260954/tools/bin/../lib/gcc/arm-none-eabi/10.3.1/../../../../arm-none-eabi/lib/thumb/v7e-m+fp/hard\libc_nano.a(lib_a-strlen.o)
                0x00000000080001f4                strlen
 *fill*         0x0000000008000204        0xc 
 .text          0x0000000008000210       0xa0 c:/st/stm32cubeide_1.11.2/stm32cubeide/plugins/com.st.stm32cube.ide.mcu.externaltools.gnu-tools-for-stm32.10.3-2021.10.win32_1.0.100.202210260954/tools/bin/../lib/gcc/arm-none-eabi/10.3.1/../../../../arm-none-eabi/lib/thumb/v7e-m+fp/hard\libc_nano.a(lib_a-memchr.o)
                0x0000000008000210                memchr
 .text          0x00000000080002b0       0x30 c:/st/stm32cubeide_1.11.2/stm32cubeide/plugins/com.st.stm32cube.ide.mcu.externaltools.gnu-tools-for-stm32.10.3-2021.10.win32_1.0.100.202210260954/tools/bin/../lib/gcc/arm-none-eabi/10.3.1/thumb/v7e-m+fp/hard\libgcc.a(_aeabi_uldivmod.o)
                0x00000000080002b0                __aeabi_uldivmod
 .text          0x00000000080002e0      0x2d0 c:/st/stm32cubeide_1.11.2/stm32cubeide/plugins/com.st.stm32cube.ide.mcu.externaltools.gnu-tools-for-stm32.10.3-2021.10.win32_1.0.100.202210260954/tools/bin/../lib/gcc/arm-none-eabi/10.3.1/thumb/v7e-m+fp/hard\libgcc.a(_udivmoddi4.o)
                0x00000000080002e0                __udivmoddi4
 .text          0x00000000080005b0        0x4 c:/st/stm32cubeide_1.11.2/stm32cubeide/plugins/com.st.stm32cube.ide.mcu.externaltools.gnu-tools-for-stm32.10.3-2021.10.win32_1.0.100.202210260954/tools/bin/../lib/gcc/arm-none-eabi/10.3.1/thumb/v7e-m+fp/hard\libgcc.a(_dvmd_tls.o)
                0x00000000080005b0                __aeabi_idiv0
                0x00000000080005b0                __aeabi_ldiv0
 *(.text*)
 .text.con_putstr
                0x00000000080005b4       0x2a ./Blocks/Src/cmdedit.o
                0x00000000080005b4                con_putstr
 *fill*         0x00000000080005de        0x2 
 .text.con_put_nl
                0x00000000080005e0       0x14 ./Blocks/Src/cmdedit.o
                0x00000000080005e0                con_put_nl
 .text.cursor_set_x
                0x00000000080005f4       0x50 ./Blocks/Src/cmdedit.o
 .text.display_cmdline
                0x0000000008000644       0x28 ./Blocks/Src/cmdedit.o
 .text.process_input
                0x000000000800066c      0x704 ./Blocks/Src/cmdedit.o
                0x000000000800066c                process_input
 .text.is_delim
                0x0000000008000d70       0x40 ./Blocks/Src/cmdparse.o
 .text.is_hex_digit
                0x0000000008000db0       0x46 ./Blocks/Src/cmdparse.o
 .text.ihex_digit
                0x0000000008000df6       0x32 ./Blocks/Src/cmdparse.o
 .text.cmd_interpret
                0x0000000008000e28      0x38c ./Blocks/Src/cmdparse.o
                0x0000000008000e28                cmd_interpret
 .text.stack_get
                0x00000000080011b4       0x34 ./Blocks/Src/cmdproc.o
                0x00000000080011b4                stack_get
 .text.stack_push
                0x00000000080011e8       0x3c ./Blocks/Src/cmdproc.o
                0x00000000080011e8                stack_push
 .text.stack_pop
                0x0000000008001224       0x3c ./Blocks/Src/cmdproc.o
                0x0000000008001224                stack_pop
 .text.cmd_and  0x0000000008001260       0x3c ./Blocks/Src/cmdproc.o
 .text.cmd_mul  0x000000000800129c       0x3c ./Blocks/Src/cmdproc.o
 .text.cmd_plus
                0x00000000080012d8       0x3c ./Blocks/Src/cmdproc.o
 .text.cmd_plusplus
                0x0000000008001314       0x2c ./Blocks/Src/cmdproc.o
 .text.cmd_minus
                0x0000000008001340       0x3c ./Blocks/Src/cmdproc.o
 .text.cmd_minusminus
                0x000000000800137c       0x2c ./Blocks/Src/cmdproc.o
 .text.print_stack
                0x00000000080013a8       0x48 ./Blocks/Src/cmdproc.o
 .text.cmd_dotdot
                0x00000000080013f0       0x14 ./Blocks/Src/cmdproc.o
 .text.cmd_dotdotx
                0x0000000008001404       0x14 ./Blocks/Src/cmdproc.o
 .text.cmd_div  0x0000000008001418       0x3c ./Blocks/Src/cmdproc.o
 .text.cmd_xor  0x0000000008001454       0x3c ./Blocks/Src/cmdproc.o
 .text.cmd_readword
                0x0000000008001490       0x34 ./Blocks/Src/cmdproc.o
 .text.cmd_or   0x00000000080014c4       0x3c ./Blocks/Src/cmdproc.o
 .text.cmd_tlookup
                0x0000000008001500       0x52 ./Blocks/Src/cmdproc.o
                0x0000000008001500                cmd_tlookup
 *fill*         0x0000000008001552        0x2 
 .text.stdcmd_lookup
                0x0000000008001554       0x20 ./Blocks/Src/cmdproc.o
                0x0000000008001554                stdcmd_lookup
 .text.flash_pgsize
                0x0000000008001574       0x36 ./Core/Src/flash.o
 .text.flash_sn
                0x00000000080015aa       0x46 ./Core/Src/flash.o
 .text.flash_isblank
                0x00000000080015f0       0x42 ./Core/Src/flash.o
                0x00000000080015f0                flash_isblank
 *fill*         0x0000000008001632        0x2 
 .text.flash_erase_page
                0x0000000008001634       0x74 ./Core/Src/flash.o
                0x0000000008001634                flash_erase_page
 .text.flash_write32
                0x00000000080016a8       0x68 ./Core/Src/flash.o
                0x00000000080016a8                flash_write32
 .text.flash_write64
                0x0000000008001710       0x30 ./Core/Src/flash.o
                0x0000000008001710                flash_write64
 .text.__NVIC_EnableIRQ
                0x0000000008001740       0x3c ./Core/Src/main.o
 .text.__NVIC_SetPriority
                0x000000000800177c       0x54 ./Core/Src/main.o
 .text.SysTick_Config
                0x00000000080017d0       0x44 ./Core/Src/main.o
 .text.SysTick_Handler
                0x0000000008001814       0x80 ./Core/Src/main.o
                0x0000000008001814                SysTick_Handler
 .text.HAL_Delay
                0x0000000008001894       0x2c ./Core/Src/main.o
                0x0000000008001894                HAL_Delay
 .text.ClockConfig_F401
                0x00000000080018c0       0x74 ./Core/Src/main.o
 .text.hw_init  0x0000000008001934      0x130 ./Core/Src/main.o
                0x0000000008001934                hw_init
 .text.OwnDemo  0x0000000008001a64       0x88 ./Core/Src/main.o
                0x0000000008001a64                OwnDemo
 .text.main     0x0000000008001aec       0xbc ./Core/Src/main.o
                0x0000000008001aec                main
 .text.SystemClock_Config
                0x0000000008001ba8       0xd8 ./Core/Src/main.o
                0x0000000008001ba8                SystemClock_Config
 .text.MX_I2C1_Init
                0x0000000008001c80       0x5c ./Core/Src/main.o
 .text.MX_I2C3_Init
                0x0000000008001cdc       0x5c ./Core/Src/main.o
 .text.MX_TIM5_Init
                0x0000000008001d38       0xb4 ./Core/Src/main.o
 .text.MX_TIM10_Init
                0x0000000008001dec       0x48 ./Core/Src/main.o
 .text.MX_USART2_UART_Init
                0x0000000008001e34       0x54 ./Core/Src/main.o
 .text.MX_DMA_Init
                0x0000000008001e88       0x40 ./Core/Src/main.o
 .text.MX_GPIO_Init
                0x0000000008001ec8      0x12c ./Core/Src/main.o
 .text.HAL_TIM_PeriodElapsedCallback
                0x0000000008001ff4      0x144 ./Core/Src/main.o
                0x0000000008001ff4                HAL_TIM_PeriodElapsedCallback
 .text.con_putchar
                0x0000000008002138       0x70 ./Core/Src/main.o
                0x0000000008002138                con_putchar
 .text.USART2_IRQHandler
                0x00000000080021a8       0xc0 ./Core/Src/main.o
                0x00000000080021a8                USART2_IRQHandler
 .text.pktdump  0x0000000008002268       0x14 ./Core/Src/main.o
                0x0000000008002268                pktdump
 .text.hw_boot  0x000000000800227c        0xe ./Core/Src/main.o
                0x000000000800227c                hw_boot
 .text.adc_process
                0x000000000800228a        0xe ./Core/Src/main.o
                0x000000000800228a                adc_process
 .text.adc_store_csense
                0x0000000008002298        0xe ./Core/Src/main.o
                0x0000000008002298                adc_store_csense
 .text.Error_Handler
                0x00000000080022a6        0xa ./Core/Src/main.o
                0x00000000080022a6                Error_Handler
 .text.SetI2C   0x00000000080022b0       0x44 ./Core/Src/sensor.o
 .text.ResetId  0x00000000080022f4       0x44 ./Core/Src/sensor.o
 .text.SetupSingleShot
                0x0000000008002338      0x2f0 ./Core/Src/sensor.o
 .text.Sensor_SetNewRange
                0x0000000008002628       0x74 ./Core/Src/sensor.o
                0x0000000008002628                Sensor_SetNewRange
 .text.InitSensors
                0x000000000800269c      0x1dc ./Core/Src/sensor.o
                0x000000000800269c                InitSensors
 .text.HAL_MspInit
                0x0000000008002878       0x50 ./Core/Src/stm32f4xx_hal_msp.o
                0x0000000008002878                HAL_MspInit
 .text.HAL_I2C_MspInit
                0x00000000080028c8      0x140 ./Core/Src/stm32f4xx_hal_msp.o
                0x00000000080028c8                HAL_I2C_MspInit
 .text.HAL_TIM_OC_MspInit
                0x0000000008002a08       0x44 ./Core/Src/stm32f4xx_hal_msp.o
                0x0000000008002a08                HAL_TIM_OC_MspInit
 .text.HAL_TIM_Base_MspInit
                0x0000000008002a4c       0x50 ./Core/Src/stm32f4xx_hal_msp.o
                0x0000000008002a4c                HAL_TIM_Base_MspInit
 .text.HAL_TIM_MspPostInit
                0x0000000008002a9c       0x74 ./Core/Src/stm32f4xx_hal_msp.o
                0x0000000008002a9c                HAL_TIM_MspPostInit
 .text.HAL_UART_MspInit
                0x0000000008002b10      0x104 ./Core/Src/stm32f4xx_hal_msp.o
                0x0000000008002b10                HAL_UART_MspInit
 .text.NMI_Handler
                0x0000000008002c14        0x6 ./Core/Src/stm32f4xx_it.o
                0x0000000008002c14                NMI_Handler
 .text.HardFault_Handler
                0x0000000008002c1a        0x6 ./Core/Src/stm32f4xx_it.o
                0x0000000008002c1a                HardFault_Handler
 .text.MemManage_Handler
                0x0000000008002c20        0x6 ./Core/Src/stm32f4xx_it.o
                0x0000000008002c20                MemManage_Handler
 .text.BusFault_Handler
                0x0000000008002c26        0x6 ./Core/Src/stm32f4xx_it.o
                0x0000000008002c26                BusFault_Handler
 .text.UsageFault_Handler
                0x0000000008002c2c        0x6 ./Core/Src/stm32f4xx_it.o
                0x0000000008002c2c                UsageFault_Handler
 .text.SVC_Handler
                0x0000000008002c32        0xe ./Core/Src/stm32f4xx_it.o
                0x0000000008002c32                SVC_Handler
 .text.DebugMon_Handler
                0x0000000008002c40        0xe ./Core/Src/stm32f4xx_it.o
                0x0000000008002c40                DebugMon_Handler
 .text.PendSV_Handler
                0x0000000008002c4e        0xe ./Core/Src/stm32f4xx_it.o
                0x0000000008002c4e                PendSV_Handler
 .text.EXTI4_IRQHandler
                0x0000000008002c5c        0xe ./Core/Src/stm32f4xx_it.o
                0x0000000008002c5c                EXTI4_IRQHandler
 *fill*         0x0000000008002c6a        0x2 
 .text.DMA1_Stream6_IRQHandler
                0x0000000008002c6c       0x14 ./Core/Src/stm32f4xx_it.o
                0x0000000008002c6c                DMA1_Stream6_IRQHandler
 .text.TIM1_UP_TIM10_IRQHandler
                0x0000000008002c80       0x14 ./Core/Src/stm32f4xx_it.o
                0x0000000008002c80                TIM1_UP_TIM10_IRQHandler
 .text._sbrk    0x0000000008002c94       0x6c ./Core/Src/sysmem.o
                0x0000000008002c94                _sbrk
 .text.SystemInit
                0x0000000008002d00       0x24 ./Core/Src/system_stm32f4xx.o
                0x0000000008002d00                SystemInit
 .text.Reset_Handler
                0x0000000008002d24       0x50 ./Core/Startup/startup_stm32f401retx.o
                0x0000000008002d24                Reset_Handler
 .text.Default_Handler
                0x0000000008002d74        0x2 ./Core/Startup/startup_stm32f401retx.o
                0x0000000008002d74                RTC_Alarm_IRQHandler
                0x0000000008002d74                EXTI2_IRQHandler
                0x0000000008002d74                SPI4_IRQHandler
                0x0000000008002d74                DMA2_Stream5_IRQHandler
                0x0000000008002d74                DMA1_Stream5_IRQHandler
                0x0000000008002d74                PVD_IRQHandler
                0x0000000008002d74                SDIO_IRQHandler
                0x0000000008002d74                TAMP_STAMP_IRQHandler
                0x0000000008002d74                EXTI3_IRQHandler
                0x0000000008002d74                I2C3_ER_IRQHandler
                0x0000000008002d74                EXTI0_IRQHandler
                0x0000000008002d74                I2C2_EV_IRQHandler
                0x0000000008002d74                DMA1_Stream2_IRQHandler
                0x0000000008002d74                FPU_IRQHandler
                0x0000000008002d74                DMA2_Stream2_IRQHandler
                0x0000000008002d74                SPI1_IRQHandler
                0x0000000008002d74                TIM1_BRK_TIM9_IRQHandler
                0x0000000008002d74                DMA2_Stream3_IRQHandler
                0x0000000008002d74                DMA2_Stream0_IRQHandler
                0x0000000008002d74                TIM4_IRQHandler
                0x0000000008002d74                I2C1_EV_IRQHandler
                0x0000000008002d74                DMA1_Stream1_IRQHandler
                0x0000000008002d74                Default_Handler
                0x0000000008002d74                ADC_IRQHandler
                0x0000000008002d74                DMA1_Stream7_IRQHandler
                0x0000000008002d74                TIM5_IRQHandler
                0x0000000008002d74                DMA2_Stream7_IRQHandler
                0x0000000008002d74                I2C3_EV_IRQHandler
                0x0000000008002d74                RTC_WKUP_IRQHandler
                0x0000000008002d74                SPI2_IRQHandler
                0x0000000008002d74                DMA1_Stream0_IRQHandler
                0x0000000008002d74                WWDG_IRQHandler
                0x0000000008002d74                TIM2_IRQHandler
                0x0000000008002d74                OTG_FS_WKUP_IRQHandler
                0x0000000008002d74                TIM1_TRG_COM_TIM11_IRQHandler
                0x0000000008002d74                EXTI1_IRQHandler
                0x0000000008002d74                I2C2_ER_IRQHandler
                0x0000000008002d74                DMA2_Stream1_IRQHandler
                0x0000000008002d74                FLASH_IRQHandler
                0x0000000008002d74                DMA2_Stream4_IRQHandler
                0x0000000008002d74                USART1_IRQHandler
                0x0000000008002d74                OTG_FS_IRQHandler
                0x0000000008002d74                SPI3_IRQHandler
                0x0000000008002d74                DMA1_Stream4_IRQHandler
                0x0000000008002d74                I2C1_ER_IRQHandler
                0x0000000008002d74                DMA2_Stream6_IRQHandler
                0x0000000008002d74                DMA1_Stream3_IRQHandler
 *fill*         0x0000000008002d76        0x2 
 .text.autorun_exec
                0x0000000008002d78       0x80 ./DCCCctrl/Src/dcc_auto.o
 .text.autorun_start
                0x0000000008002df8       0x2c ./DCCCctrl/Src/dcc_auto.o
                0x0000000008002df8                autorun_start
 .text.autorun_stop
                0x0000000008002e24       0x18 ./DCCCctrl/Src/dcc_auto.o
                0x0000000008002e24                autorun_stop
 .text.autorun  0x0000000008002e3c       0x88 ./DCCCctrl/Src/dcc_auto.o
                0x0000000008002e3c                autorun
 .text.__NVIC_SetPendingIRQ
                0x0000000008002ec4       0x3c ./DCCCctrl/Src/dcc_tx.o
 .text.prepare_idle_packet
                0x0000000008002f00       0x2c ./DCCCctrl/Src/dcc_tx.o
 .text.prepare_reset_packet
                0x0000000008002f2c       0x2c ./DCCCctrl/Src/dcc_tx.o
 .text.storeld  0x0000000008002f58       0x40 ./DCCCctrl/Src/dcc_tx.o
 .text.add2pkt  0x0000000008002f98       0x30 ./DCCCctrl/Src/dcc_tx.o
 .text.mkspeed128
                0x0000000008002fc8       0x84 ./DCCCctrl/Src/dcc_tx.o
 .text.mkspeed28pkt
                0x000000000800304c       0x98 ./DCCCctrl/Src/dcc_tx.o
 .text.mkf14pkt
                0x00000000080030e4       0x58 ./DCCCctrl/Src/dcc_tx.o
 .text.USART6_IRQHandler
                0x000000000800313c      0x7d0 ./DCCCctrl/Src/dcc_tx.o
                0x000000000800313c                USART6_IRQHandler
 .text.dcc_tx_next_bit
                0x000000000800390c      0x198 ./DCCCctrl/Src/dcc_tx.o
                0x000000000800390c                dcc_tx_next_bit
 .text.__NVIC_EnableIRQ
                0x0000000008003aa4       0x3c ./DCCCctrl/Src/dcc_tx_hw.o
 .text.__NVIC_DisableIRQ
                0x0000000008003ae0       0x48 ./DCCCctrl/Src/dcc_tx_hw.o
 .text.prepare_DCC_bit
                0x0000000008003b28       0x30 ./DCCCctrl/Src/dcc_tx_hw.o
                0x0000000008003b28                prepare_DCC_bit
 .text.prepare_SX_bit
                0x0000000008003b58       0x2c ./DCCCctrl/Src/dcc_tx_hw.o
                0x0000000008003b58                prepare_SX_bit
 .text.TIM3_IRQHandler
                0x0000000008003b84       0x1c ./DCCCctrl/Src/dcc_tx_hw.o
                0x0000000008003b84                TIM3_IRQHandler
 .text.br_init_analog
                0x0000000008003ba0       0x68 ./DCCCctrl/Src/dcc_tx_hw.o
 .text.br_set_mode
                0x0000000008003c08      0x204 ./DCCCctrl/Src/dcc_tx_hw.o
                0x0000000008003c08                br_set_mode
 .text.br_set_andir
                0x0000000008003e0c       0x3c ./DCCCctrl/Src/dcc_tx_hw.o
                0x0000000008003e0c                br_set_andir
 .text.br_set_anduty
                0x0000000008003e48       0x80 ./DCCCctrl/Src/dcc_tx_hw.o
                0x0000000008003e48                br_set_anduty
 .text.br_cutout_start
                0x0000000008003ec8        0xe ./DCCCctrl/Src/dcc_tx_hw.o
                0x0000000008003ec8                br_cutout_start
 .text.br_cutout_end
                0x0000000008003ed6        0xe ./DCCCctrl/Src/dcc_tx_hw.o
                0x0000000008003ed6                br_cutout_end
 .text.TIM1_CC_IRQHandler
                0x0000000008003ee4       0x30 ./DCCCctrl/Src/dcc_tx_hw.o
                0x0000000008003ee4                TIM1_CC_IRQHandler
 .text.cmd_estopa
                0x0000000008003f14        0xe ./DCCCctrl/Src/dccctrl_cmdi.o
                0x0000000008003f14                cmd_estopa
 *fill*         0x0000000008003f22        0x2 
 .text.cmd_vdisp
                0x0000000008003f24       0x24 ./DCCCctrl/Src/dccctrl_cmdi.o
                0x0000000008003f24                cmd_vdisp
 .text.cmd_statusdisp
                0x0000000008003f48       0x90 ./DCCCctrl/Src/dccctrl_cmdi.o
                0x0000000008003f48                cmd_statusdisp
 .text.cmd_andisp
                0x0000000008003fd8       0x4c ./DCCCctrl/Src/dccctrl_cmdi.o
                0x0000000008003fd8                cmd_andisp
 .text.cmd_hbridge
                0x0000000008004024       0x54 ./DCCCctrl/Src/dccctrl_cmdi.o
                0x0000000008004024                cmd_hbridge
 .text.cmd_isenseconst
                0x0000000008004078       0x3c ./DCCCctrl/Src/dccctrl_cmdi.o
                0x0000000008004078                cmd_isenseconst
 .text.cmd_mode
                0x00000000080040b4       0x78 ./DCCCctrl/Src/dccctrl_cmdi.o
                0x00000000080040b4                cmd_mode
 .text.cmd_ctrlif
                0x000000000800412c       0x20 ./DCCCctrl/Src/dccctrl_cmdi.o
                0x000000000800412c                cmd_ctrlif
 .text.cmd_encctrl
                0x000000000800414c       0x20 ./DCCCctrl/Src/dccctrl_cmdi.o
 .text.cmd_potctrl
                0x000000000800416c       0x20 ./DCCCctrl/Src/dccctrl_cmdi.o
 .text.andisp   0x000000000800418c       0x80 ./DCCCctrl/Src/dccctrl_cmdi.o
 .text.cmd_aparms
                0x000000000800420c       0x40 ./DCCCctrl/Src/dccctrl_cmdi.o
 .text.pgmode_check
                0x000000000800424c       0x2c ./DCCCctrl/Src/dccctrl_cmdi.o
 .text.pgm_cmdstart
                0x0000000008004278       0x78 ./DCCCctrl/Src/dccctrl_cmdi.o
 .text.pgm_verify_bit
                0x00000000080042f0       0x38 ./DCCCctrl/Src/dccctrl_cmdi.o
 .text.pgm_write_byte
                0x0000000008004328       0x26 ./DCCCctrl/Src/dccctrl_cmdi.o
 .text.pgm_verify_byte
                0x000000000800434e       0x26 ./DCCCctrl/Src/dccctrl_cmdi.o
 .text.cv_write
                0x0000000008004374       0x40 ./DCCCctrl/Src/dccctrl_cmdi.o
 .text.cv_read  0x00000000080043b4      0x12c ./DCCCctrl/Src/dccctrl_cmdi.o
 .text.cv_verify
                0x00000000080044e0       0x48 ./DCCCctrl/Src/dccctrl_cmdi.o
 .text.cv_readv
                0x0000000008004528       0x3a ./DCCCctrl/Src/dccctrl_cmdi.o
 .text.cmd_cvrd
                0x0000000008004562       0x22 ./DCCCctrl/Src/dccctrl_cmdi.o
 .text.cmd_cvrdm
                0x0000000008004584       0x4e ./DCCCctrl/Src/dccctrl_cmdi.o
 .text.cmd_cvrda
                0x00000000080045d2       0x10 ./DCCCctrl/Src/dccctrl_cmdi.o
 .text.cmd_cvwr
                0x00000000080045e2       0x30 ./DCCCctrl/Src/dccctrl_cmdi.o
 .text.cmd_cvwra
                0x0000000008004612       0x26 ./DCCCctrl/Src/dccctrl_cmdi.o
 .text.cmd_cvwrxa
                0x0000000008004638       0x3c ./DCCCctrl/Src/dccctrl_cmdi.o
 .text.cmd_cvbwr
                0x0000000008004674       0x58 ./DCCCctrl/Src/dccctrl_cmdi.o
 .text.cmd_cvvf
                0x00000000080046cc       0x30 ./DCCCctrl/Src/dccctrl_cmdi.o
 .text.cmd_cvwrv
                0x00000000080046fc       0x12 ./DCCCctrl/Src/dccctrl_cmdi.o
 *fill*         0x000000000800470e        0x2 
 .text.pom_cv_write
                0x0000000008004710       0xc0 ./DCCCctrl/Src/dccctrl_cmdi.o
 .text.cmd_pomcvwr
                0x00000000080047d0       0x54 ./DCCCctrl/Src/dccctrl_cmdi.o
 .text.cmd_addrdisp
                0x0000000008004824       0x34 ./DCCCctrl/Src/dccctrl_cmdi.o
 .text.cmd_addr
                0x0000000008004858       0x1c ./DCCCctrl/Src/dccctrl_cmdi.o
 .text.get_devidx
                0x0000000008004874       0x16 ./DCCCctrl/Src/dccctrl_cmdi.o
 *fill*         0x000000000800488a        0x2 
 .text.devdisp  0x000000000800488c       0xd0 ./DCCCctrl/Src/dccctrl_cmdi.o
 .text.cmd_devdisp
                0x000000000800495c       0x20 ./DCCCctrl/Src/dccctrl_cmdi.o
 .text.cmd_devdef
                0x000000000800497c       0xa0 ./DCCCctrl/Src/dccctrl_cmdi.o
 .text.cmd_speedgroup
                0x0000000008004a1c       0x5c ./DCCCctrl/Src/dccctrl_cmdi.o
 .text.cmd_devdelgroup
                0x0000000008004a78       0x88 ./DCCCctrl/Src/dccctrl_cmdi.o
 .text.cmd_devlist
                0x0000000008004b00       0x4c ./DCCCctrl/Src/dccctrl_cmdi.o
 .text.cmd_devoff
                0x0000000008004b4c       0x28 ./DCCCctrl/Src/dccctrl_cmdi.o
 .text.cmd_funbitfield
                0x0000000008004b74      0x118 ./DCCCctrl/Src/dccctrl_cmdi.o
 .text.cmd_fun  0x0000000008004c8c       0x3c ./DCCCctrl/Src/dccctrl_cmdi.o
 .text.cmd_fun32
                0x0000000008004cc8       0x3c ./DCCCctrl/Src/dccctrl_cmdi.o
 .text.cmd_fun64
                0x0000000008004d04       0x3c ./DCCCctrl/Src/dccctrl_cmdi.o
 .text.cmd_fdly
                0x0000000008004d40       0xe8 ./DCCCctrl/Src/dccctrl_cmdi.o
 .text.cmd_ftoggle
                0x0000000008004e28       0xb0 ./DCCCctrl/Src/dccctrl_cmdi.o
 .text.cmd_fx   0x0000000008004ed8      0x13c ./DCCCctrl/Src/dccctrl_cmdi.o
 .text.cmd_opmode
                0x0000000008005014       0x1c ./DCCCctrl/Src/dccctrl_cmdi.o
 .text.cmd_pgmmode
                0x0000000008005030       0x1c ./DCCCctrl/Src/dccctrl_cmdi.o
 .text.cmd_pktdump
                0x000000000800504c       0x1c ./DCCCctrl/Src/dccctrl_cmdi.o
 .text.cmd_start
                0x0000000008005068       0x10 ./DCCCctrl/Src/dccctrl_cmdi.o
 .text.cmd_stop
                0x0000000008005078       0x10 ./DCCCctrl/Src/dccctrl_cmdi.o
 .text.cmd_bidi
                0x0000000008005088       0x24 ./DCCCctrl/Src/dccctrl_cmdi.o
 .text.cmd_bemf
                0x00000000080050ac       0x24 ./DCCCctrl/Src/dccctrl_cmdi.o
 .text.cmd_dir  0x00000000080050d0       0x48 ./DCCCctrl/Src/dccctrl_cmdi.o
 .text.cmd_estop
                0x0000000008005118       0x54 ./DCCCctrl/Src/dccctrl_cmdi.o
 .text.cmd_fwd  0x000000000800516c       0x4c ./DCCCctrl/Src/dccctrl_cmdi.o
 .text.cmd_rev  0x00000000080051b8       0x4c ./DCCCctrl/Src/dccctrl_cmdi.o
 .text.cmd_speed
                0x0000000008005204       0x88 ./DCCCctrl/Src/dccctrl_cmdi.o
 .text.cmd_vol  0x000000000800528c       0x40 ./DCCCctrl/Src/dccctrl_cmdi.o
 .text.cmd_arctrl
                0x00000000080052cc       0x1e ./DCCCctrl/Src/dccctrl_cmdi.o
 *fill*         0x00000000080052ea        0x2 
 .text.print_ar
                0x00000000080052ec       0x84 ./DCCCctrl/Src/dccctrl_cmdi.o
 .text.cmd_ardef
                0x0000000008005370       0x98 ./DCCCctrl/Src/dccctrl_cmdi.o
 .text.cmd_arsave
                0x0000000008005408       0x10 ./DCCCctrl/Src/dccctrl_cmdi.o
 .text.cmd_arshuttle
                0x0000000008005418      0x110 ./DCCCctrl/Src/dccctrl_cmdi.o
 .text.cmd_arlist
                0x0000000008005528       0x70 ./DCCCctrl/Src/dccctrl_cmdi.o
 .text.cmd_save
                0x0000000008005598        0xe ./DCCCctrl/Src/dccctrl_cmdi.o
 .text.cmd_rstcfg
                0x00000000080055a6        0xe ./DCCCctrl/Src/dccctrl_cmdi.o
 .text.cmd_boot
                0x00000000080055b4        0xe ./DCCCctrl/Src/dccctrl_cmdi.o
 *fill*         0x00000000080055c2        0x2 
 .text.cmd_casesens
                0x00000000080055c4       0x24 ./DCCCctrl/Src/dccctrl_cmdi.o
 .text.cmd_help
                0x00000000080055e8       0x2c ./DCCCctrl/Src/dccctrl_cmdi.o
 .text.cmd_lookup
                0x0000000008005614       0xd0 ./DCCCctrl/Src/dccctrl_cmdi.o
                0x0000000008005614                cmd_lookup
 .text.cmd_repeat
                0x00000000080056e4       0x1c ./DCCCctrl/Src/dccctrl_cmdi.o
                0x00000000080056e4                cmd_repeat
 .text.display_prompt
                0x0000000008005700       0x20 ./DCCCctrl/Src/dccctrl_cmdi.o
                0x0000000008005700                display_prompt
 .text.display_signon
                0x0000000008005720       0x20 ./DCCCctrl/Src/dccctrl_cmdi.o
                0x0000000008005720                display_signon
 .text.rstcfg   0x0000000008005740      0x110 ./DCCCctrl/Src/dccctrl_config.o
                0x0000000008005740                rstcfg
 .text.loadcfg  0x0000000008005850      0x28c ./DCCCctrl/Src/dccctrl_config.o
                0x0000000008005850                loadcfg
 .text.storecfg
                0x0000000008005adc       0x80 ./DCCCctrl/Src/dccctrl_config.o
                0x0000000008005adc                storecfg
 .text.led_control
                0x0000000008005b5c       0x74 ./DCCCctrl/Src/dccctrl_timing.o
 .text.run_every_10ms
                0x0000000008005bd0       0x40 ./DCCCctrl/Src/dccctrl_timing.o
 .text.run_every_ms
                0x0000000008005c10       0x68 ./DCCCctrl/Src/dccctrl_timing.o
                0x0000000008005c10                run_every_ms
 .text.__NVIC_SetPendingIRQ
                0x0000000008005c78       0x3c ./DCCCctrl/Src/sx_tx.o
 .text.write8sync
                0x0000000008005cb4       0x5c ./DCCCctrl/Src/sx_tx.o
 .text.sxidx    0x0000000008005d10       0x3c ./DCCCctrl/Src/sx_tx.o
 .text.sx_preparedata
                0x0000000008005d4c      0x14c ./DCCCctrl/Src/sx_tx.o
                0x0000000008005d4c                sx_preparedata
 .text.RCC_IRQHandler
                0x0000000008005e98       0x28 ./DCCCctrl/Src/sx_tx.o
                0x0000000008005e98                RCC_IRQHandler
 .text.sx_tx_next_bit
                0x0000000008005ec0       0x80 ./DCCCctrl/Src/sx_tx.o
                0x0000000008005ec0                sx_tx_next_bit
 .text.sx_start
                0x0000000008005f40       0x14 ./DCCCctrl/Src/sx_tx.o
                0x0000000008005f40                sx_start
 .text.HAL_UART_TxCpltCallback
                0x0000000008005f54       0x30 ./Drivers/BSP/X-NUCLEO-53L0A1/uart_trace.o
                0x0000000008005f54                HAL_UART_TxCpltCallback
 .text.uart_vprintf
                0x0000000008005f84       0x74 ./Drivers/BSP/X-NUCLEO-53L0A1/uart_trace.o
                0x0000000008005f84                uart_vprintf
 .text.uart_printf
                0x0000000008005ff8       0x38 ./Drivers/BSP/X-NUCLEO-53L0A1/uart_trace.o
                0x0000000008005ff8                uart_printf
 .text.VL53L0A1_EXTI_Callback
                0x0000000008006030       0x16 ./Drivers/BSP/X-NUCLEO-53L0A1/vl53l0a1-l053msp.o
                0x0000000008006030                VL53L0A1_EXTI_Callback
 .text.HAL_GPIO_EXTI_Callback
                0x0000000008006046       0x50 ./Drivers/BSP/X-NUCLEO-53L0A1/vl53l0a1-x4msp.o
                0x0000000008006046                HAL_GPIO_EXTI_Callback
 .text.EXTI9_5_IRQHandler
                0x0000000008006096        0xe ./Drivers/BSP/X-NUCLEO-53L0A1/vl53l0a1-x4msp.o
                0x0000000008006096                EXTI9_5_IRQHandler
 .text.EXTI15_10_IRQHandler
                0x00000000080060a4       0x10 ./Drivers/BSP/X-NUCLEO-53L0A1/vl53l0a1-x4msp.o
                0x00000000080060a4                EXTI15_10_IRQHandler
 .text._I2CWrite
                0x00000000080060b4       0x3e ./Drivers/BSP/X-NUCLEO-53L0A1/vl53l0x_platform.o
                0x00000000080060b4                _I2CWrite
 .text._I2CRead
                0x00000000080060f2       0x44 ./Drivers/BSP/X-NUCLEO-53L0A1/vl53l0x_platform.o
                0x00000000080060f2                _I2CRead
 *fill*         0x0000000008006136        0x2 
 .text.VL53L0X_WriteMulti
                0x0000000008006138       0x60 ./Drivers/BSP/X-NUCLEO-53L0A1/vl53l0x_platform.o
                0x0000000008006138                VL53L0X_WriteMulti
 .text.VL53L0X_ReadMulti
                0x0000000008006198       0x56 ./Drivers/BSP/X-NUCLEO-53L0A1/vl53l0x_platform.o
                0x0000000008006198                VL53L0X_ReadMulti
 *fill*         0x00000000080061ee        0x2 
 .text.VL53L0X_WrByte
                0x00000000080061f0       0x48 ./Drivers/BSP/X-NUCLEO-53L0A1/vl53l0x_platform.o
                0x00000000080061f0                VL53L0X_WrByte
 .text.VL53L0X_WrWord
                0x0000000008006238       0x54 ./Drivers/BSP/X-NUCLEO-53L0A1/vl53l0x_platform.o
                0x0000000008006238                VL53L0X_WrWord
 .text.VL53L0X_UpdateByte
                0x000000000800628c       0x68 ./Drivers/BSP/X-NUCLEO-53L0A1/vl53l0x_platform.o
                0x000000000800628c                VL53L0X_UpdateByte
 .text.VL53L0X_RdByte
                0x00000000080062f4       0x54 ./Drivers/BSP/X-NUCLEO-53L0A1/vl53l0x_platform.o
                0x00000000080062f4                VL53L0X_RdByte
 .text.VL53L0X_RdWord
                0x0000000008006348       0x70 ./Drivers/BSP/X-NUCLEO-53L0A1/vl53l0x_platform.o
                0x0000000008006348                VL53L0X_RdWord
 .text.VL53L0X_RdDWord
                0x00000000080063b8       0x78 ./Drivers/BSP/X-NUCLEO-53L0A1/vl53l0x_platform.o
                0x00000000080063b8                VL53L0X_RdDWord
 .text.VL53L0X_PollingDelay
                0x0000000008006430       0x32 ./Drivers/BSP/X-NUCLEO-53L0A1/vl53l0x_platform.o
                0x0000000008006430                VL53L0X_PollingDelay
 *fill*         0x0000000008006462        0x2 
 .text.VL53L0X_GetOffsetCalibrationDataMicroMeter
                0x0000000008006464       0x7c ./Drivers/BSP/vl53l0x/vl53l0x_api.o
                0x0000000008006464                VL53L0X_GetOffsetCalibrationDataMicroMeter
 .text.VL53L0X_SetDeviceAddress
                0x00000000080064e0       0x88 ./Drivers/BSP/vl53l0x/vl53l0x_api.o
                0x00000000080064e0                VL53L0X_SetDeviceAddress
 .text.VL53L0X_DataInit
                0x0000000008006568      0x31c ./Drivers/BSP/vl53l0x/vl53l0x_api.o
                0x0000000008006568                VL53L0X_DataInit
 .text.VL53L0X_StaticInit
                0x0000000008006884      0x364 ./Drivers/BSP/vl53l0x/vl53l0x_api.o
                0x0000000008006884                VL53L0X_StaticInit
 .text.VL53L0X_GetDeviceParameters
                0x0000000008006be8      0x178 ./Drivers/BSP/vl53l0x/vl53l0x_api.o
                0x0000000008006be8                VL53L0X_GetDeviceParameters
 .text.VL53L0X_SetDeviceMode
                0x0000000008006d60       0xac ./Drivers/BSP/vl53l0x/vl53l0x_api.o
                0x0000000008006d60                VL53L0X_SetDeviceMode
 .text.VL53L0X_GetDeviceMode
                0x0000000008006e0c       0x78 ./Drivers/BSP/vl53l0x/vl53l0x_api.o
                0x0000000008006e0c                VL53L0X_GetDeviceMode
 .text.VL53L0X_GetFractionEnable
                0x0000000008006e84       0x94 ./Drivers/BSP/vl53l0x/vl53l0x_api.o
                0x0000000008006e84                VL53L0X_GetFractionEnable
 .text.VL53L0X_SetMeasurementTimingBudgetMicroSeconds
                0x0000000008006f18       0x7c ./Drivers/BSP/vl53l0x/vl53l0x_api.o
                0x0000000008006f18                VL53L0X_SetMeasurementTimingBudgetMicroSeconds
 .text.VL53L0X_GetMeasurementTimingBudgetMicroSeconds
                0x0000000008006f94       0x7c ./Drivers/BSP/vl53l0x/vl53l0x_api.o
                0x0000000008006f94                VL53L0X_GetMeasurementTimingBudgetMicroSeconds
 .text.VL53L0X_SetVcselPulsePeriod
                0x0000000008007010       0x88 ./Drivers/BSP/vl53l0x/vl53l0x_api.o
                0x0000000008007010                VL53L0X_SetVcselPulsePeriod
 .text.VL53L0X_GetVcselPulsePeriod
                0x0000000008007098       0x84 ./Drivers/BSP/vl53l0x/vl53l0x_api.o
                0x0000000008007098                VL53L0X_GetVcselPulsePeriod
 .text.VL53L0X_SetSequenceStepEnable
                0x000000000800711c      0x19c ./Drivers/BSP/vl53l0x/vl53l0x_api.o
                0x000000000800711c                VL53L0X_SetSequenceStepEnable
 .text.sequence_step_enabled
                0x00000000080072b8       0xf8 ./Drivers/BSP/vl53l0x/vl53l0x_api.o
                0x00000000080072b8                sequence_step_enabled
 .text.VL53L0X_GetSequenceStepEnables
                0x00000000080073b0      0x108 ./Drivers/BSP/vl53l0x/vl53l0x_api.o
                0x00000000080073b0                VL53L0X_GetSequenceStepEnables
 .text.VL53L0X_GetInterMeasurementPeriodMilliSeconds
                0x00000000080074b8       0xc0 ./Drivers/BSP/vl53l0x/vl53l0x_api.o
                0x00000000080074b8                VL53L0X_GetInterMeasurementPeriodMilliSeconds
 .text.VL53L0X_GetXTalkCompensationEnable
                0x0000000008007578       0x7c ./Drivers/BSP/vl53l0x/vl53l0x_api.o
                0x0000000008007578                VL53L0X_GetXTalkCompensationEnable
 .text.VL53L0X_GetXTalkCompensationRateMegaCps
                0x00000000080075f4       0xbc ./Drivers/BSP/vl53l0x/vl53l0x_api.o
                0x00000000080075f4                VL53L0X_GetXTalkCompensationRateMegaCps
 .text.VL53L0X_SetLimitCheckEnable
                0x00000000080076b0      0x170 ./Drivers/BSP/vl53l0x/vl53l0x_api.o
                0x00000000080076b0                VL53L0X_SetLimitCheckEnable
 .text.VL53L0X_GetLimitCheckEnable
                0x0000000008007820       0x98 ./Drivers/BSP/vl53l0x/vl53l0x_api.o
                0x0000000008007820                VL53L0X_GetLimitCheckEnable
 .text.VL53L0X_SetLimitCheckValue
                0x00000000080078b8      0x118 ./Drivers/BSP/vl53l0x/vl53l0x_api.o
                0x00000000080078b8                VL53L0X_SetLimitCheckValue
 .text.VL53L0X_GetLimitCheckValue
                0x00000000080079d0      0x170 ./Drivers/BSP/vl53l0x/vl53l0x_api.o
                0x00000000080079d0                VL53L0X_GetLimitCheckValue
 .text.VL53L0X_GetWrapAroundCheckEnable
                0x0000000008007b40       0xbc ./Drivers/BSP/vl53l0x/vl53l0x_api.o
                0x0000000008007b40                VL53L0X_GetWrapAroundCheckEnable
 .text.VL53L0X_PerformSingleMeasurement
                0x0000000008007bfc       0xc0 ./Drivers/BSP/vl53l0x/vl53l0x_api.o
                0x0000000008007bfc                VL53L0X_PerformSingleMeasurement
 .text.VL53L0X_PerformRefCalibration
                0x0000000008007cbc       0x84 ./Drivers/BSP/vl53l0x/vl53l0x_api.o
                0x0000000008007cbc                VL53L0X_PerformRefCalibration
 .text.VL53L0X_CheckAndLoadInterruptSettings
                0x0000000008007d40       0xcc ./Drivers/BSP/vl53l0x/vl53l0x_api.o
                0x0000000008007d40                VL53L0X_CheckAndLoadInterruptSettings
 .text.VL53L0X_StartMeasurement
                0x0000000008007e0c      0x1dc ./Drivers/BSP/vl53l0x/vl53l0x_api.o
                0x0000000008007e0c                VL53L0X_StartMeasurement
 .text.VL53L0X_GetMeasurementDataReady
                0x0000000008007fe8       0xd8 ./Drivers/BSP/vl53l0x/vl53l0x_api.o
                0x0000000008007fe8                VL53L0X_GetMeasurementDataReady
 .text.VL53L0X_GetRangingMeasurementData
                0x00000000080080c0      0x2a0 ./Drivers/BSP/vl53l0x/vl53l0x_api.o
                0x00000000080080c0                VL53L0X_GetRangingMeasurementData
 .text.VL53L0X_PerformSingleRangingMeasurement
                0x0000000008008360       0xb8 ./Drivers/BSP/vl53l0x/vl53l0x_api.o
                0x0000000008008360                VL53L0X_PerformSingleRangingMeasurement
 .text.VL53L0X_SetGpioConfig
                0x0000000008008418      0x2a4 ./Drivers/BSP/vl53l0x/vl53l0x_api.o
                0x0000000008008418                VL53L0X_SetGpioConfig
 .text.VL53L0X_GetInterruptThresholds
                0x00000000080086bc       0xc4 ./Drivers/BSP/vl53l0x/vl53l0x_api.o
                0x00000000080086bc                VL53L0X_GetInterruptThresholds
 .text.VL53L0X_ClearInterruptMask
                0x0000000008008780       0xd8 ./Drivers/BSP/vl53l0x/vl53l0x_api.o
                0x0000000008008780                VL53L0X_ClearInterruptMask
 .text.VL53L0X_GetInterruptMaskStatus
                0x0000000008008858       0x9c ./Drivers/BSP/vl53l0x/vl53l0x_api.o
                0x0000000008008858                VL53L0X_GetInterruptMaskStatus
 .text.VL53L0X_PerformRefSpadManagement
                0x00000000080088f4       0x80 ./Drivers/BSP/vl53l0x/vl53l0x_api.o
                0x00000000080088f4                VL53L0X_PerformRefSpadManagement
 .text.VL53L0X_get_offset_calibration_data_micro_meter
                0x0000000008008974       0x7e ./Drivers/BSP/vl53l0x/vl53l0x_api_calibration.o
                0x0000000008008974                VL53L0X_get_offset_calibration_data_micro_meter
 .text.get_next_good_spad
                0x00000000080089f2       0xbc ./Drivers/BSP/vl53l0x/vl53l0x_api_calibration.o
                0x00000000080089f2                get_next_good_spad
 *fill*         0x0000000008008aae        0x2 
 .text.is_aperture
                0x0000000008008ab0       0x34 ./Drivers/BSP/vl53l0x/vl53l0x_api_calibration.o
                0x0000000008008ab0                is_aperture
 .text.enable_spad_bit
                0x0000000008008ae4       0x70 ./Drivers/BSP/vl53l0x/vl53l0x_api_calibration.o
                0x0000000008008ae4                enable_spad_bit
 .text.set_ref_spad_map
                0x0000000008008b54       0x26 ./Drivers/BSP/vl53l0x/vl53l0x_api_calibration.o
                0x0000000008008b54                set_ref_spad_map
 .text.get_ref_spad_map
                0x0000000008008b7a       0x26 ./Drivers/BSP/vl53l0x/vl53l0x_api_calibration.o
                0x0000000008008b7a                get_ref_spad_map
 .text.enable_ref_spads
                0x0000000008008ba0       0xf8 ./Drivers/BSP/vl53l0x/vl53l0x_api_calibration.o
                0x0000000008008ba0                enable_ref_spads
 .text.perform_ref_signal_measurement
                0x0000000008008c98       0xd4 ./Drivers/BSP/vl53l0x/vl53l0x_api_calibration.o
                0x0000000008008c98                perform_ref_signal_measurement
 .text.VL53L0X_perform_ref_spad_management
                0x0000000008008d6c      0x418 ./Drivers/BSP/vl53l0x/vl53l0x_api_calibration.o
                0x0000000008008d6c                VL53L0X_perform_ref_spad_management
 .text.VL53L0X_set_reference_spads
                0x0000000008009184      0x14a ./Drivers/BSP/vl53l0x/vl53l0x_api_calibration.o
                0x0000000008009184                VL53L0X_set_reference_spads
 .text.VL53L0X_perform_single_ref_calibration
                0x00000000080092ce       0x76 ./Drivers/BSP/vl53l0x/vl53l0x_api_calibration.o
                0x00000000080092ce                VL53L0X_perform_single_ref_calibration
 .text.VL53L0X_ref_calibration_io
                0x0000000008009344      0x132 ./Drivers/BSP/vl53l0x/vl53l0x_api_calibration.o
                0x0000000008009344                VL53L0X_ref_calibration_io
 .text.VL53L0X_perform_vhv_calibration
                0x0000000008009476       0xce ./Drivers/BSP/vl53l0x/vl53l0x_api_calibration.o
                0x0000000008009476                VL53L0X_perform_vhv_calibration
 .text.VL53L0X_perform_phase_calibration
                0x0000000008009544       0xca ./Drivers/BSP/vl53l0x/vl53l0x_api_calibration.o
                0x0000000008009544                VL53L0X_perform_phase_calibration
 .text.VL53L0X_perform_ref_calibration
                0x000000000800960e       0x7a ./Drivers/BSP/vl53l0x/vl53l0x_api_calibration.o
                0x000000000800960e                VL53L0X_perform_ref_calibration
 .text.VL53L0X_measurement_poll_for_completion
                0x0000000008009688       0xb8 ./Drivers/BSP/vl53l0x/vl53l0x_api_core.o
                0x0000000008009688                VL53L0X_measurement_poll_for_completion
 .text.VL53L0X_decode_vcsel_period
                0x0000000008009740       0x26 ./Drivers/BSP/vl53l0x/vl53l0x_api_core.o
                0x0000000008009740                VL53L0X_decode_vcsel_period
 .text.VL53L0X_encode_vcsel_period
                0x0000000008009766       0x26 ./Drivers/BSP/vl53l0x/vl53l0x_api_core.o
                0x0000000008009766                VL53L0X_encode_vcsel_period
 .text.VL53L0X_isqrt
                0x000000000800978c       0x68 ./Drivers/BSP/vl53l0x/vl53l0x_api_core.o
                0x000000000800978c                VL53L0X_isqrt
 .text.VL53L0X_device_read_strobe
                0x00000000080097f4       0xdc ./Drivers/BSP/vl53l0x/vl53l0x_api_core.o
                0x00000000080097f4                VL53L0X_device_read_strobe
 .text.VL53L0X_get_info_from_device
                0x00000000080098d0      0x9fc ./Drivers/BSP/vl53l0x/vl53l0x_api_core.o
                0x00000000080098d0                VL53L0X_get_info_from_device
 .text.VL53L0X_calc_macro_period_ps
                0x000000000800a2cc       0x90 ./Drivers/BSP/vl53l0x/vl53l0x_api_core.o
                0x000000000800a2cc                VL53L0X_calc_macro_period_ps
 .text.VL53L0X_encode_timeout
                0x000000000800a35c       0x58 ./Drivers/BSP/vl53l0x/vl53l0x_api_core.o
                0x000000000800a35c                VL53L0X_encode_timeout
 .text.VL53L0X_decode_timeout
                0x000000000800a3b4       0x2c ./Drivers/BSP/vl53l0x/vl53l0x_api_core.o
                0x000000000800a3b4                VL53L0X_decode_timeout
 .text.VL53L0X_calc_timeout_mclks
                0x000000000800a3e0       0x54 ./Drivers/BSP/vl53l0x/vl53l0x_api_core.o
                0x000000000800a3e0                VL53L0X_calc_timeout_mclks
 .text.VL53L0X_calc_timeout_us
                0x000000000800a434       0x54 ./Drivers/BSP/vl53l0x/vl53l0x_api_core.o
                0x000000000800a434                VL53L0X_calc_timeout_us
 .text.get_sequence_step_timeout
                0x000000000800a488      0x1c2 ./Drivers/BSP/vl53l0x/vl53l0x_api_core.o
                0x000000000800a488                get_sequence_step_timeout
 .text.set_sequence_step_timeout
                0x000000000800a64a      0x1e4 ./Drivers/BSP/vl53l0x/vl53l0x_api_core.o
                0x000000000800a64a                set_sequence_step_timeout
 .text.VL53L0X_set_vcsel_pulse_period
                0x000000000800a82e      0x512 ./Drivers/BSP/vl53l0x/vl53l0x_api_core.o
                0x000000000800a82e                VL53L0X_set_vcsel_pulse_period
 .text.VL53L0X_get_vcsel_pulse_period
                0x000000000800ad40       0x6e ./Drivers/BSP/vl53l0x/vl53l0x_api_core.o
                0x000000000800ad40                VL53L0X_get_vcsel_pulse_period
 *fill*         0x000000000800adae        0x2 
 .text.VL53L0X_set_measurement_timing_budget_micro_seconds
                0x000000000800adb0      0x264 ./Drivers/BSP/vl53l0x/vl53l0x_api_core.o
                0x000000000800adb0                VL53L0X_set_measurement_timing_budget_micro_seconds
 .text.VL53L0X_get_measurement_timing_budget_micro_seconds
                0x000000000800b014      0x1e0 ./Drivers/BSP/vl53l0x/vl53l0x_api_core.o
                0x000000000800b014                VL53L0X_get_measurement_timing_budget_micro_seconds
 .text.VL53L0X_load_tuning_settings
                0x000000000800b1f4      0x21c ./Drivers/BSP/vl53l0x/vl53l0x_api_core.o
                0x000000000800b1f4                VL53L0X_load_tuning_settings
 .text.VL53L0X_get_total_xtalk_rate
                0x000000000800b410       0x5e ./Drivers/BSP/vl53l0x/vl53l0x_api_core.o
                0x000000000800b410                VL53L0X_get_total_xtalk_rate
 *fill*         0x000000000800b46e        0x2 
 .text.VL53L0X_get_total_signal_rate
                0x000000000800b470       0x78 ./Drivers/BSP/vl53l0x/vl53l0x_api_core.o
                0x000000000800b470                VL53L0X_get_total_signal_rate
 .text.VL53L0X_calc_dmax
                0x000000000800b4e8      0x294 ./Drivers/BSP/vl53l0x/vl53l0x_api_core.o
                0x000000000800b4e8                VL53L0X_calc_dmax
 .text.VL53L0X_calc_sigma_estimate
                0x000000000800b77c      0x51c ./Drivers/BSP/vl53l0x/vl53l0x_api_core.o
                0x000000000800b77c                VL53L0X_calc_sigma_estimate
 .text.VL53L0X_get_pal_range_status
                0x000000000800bc98      0x418 ./Drivers/BSP/vl53l0x/vl53l0x_api_core.o
                0x000000000800bc98                VL53L0X_get_pal_range_status
 .text.VL53L0X_trace_config
                0x000000000800c0b0       0x40 ./Drivers/BSP/vl53l0x/vl53l0x_platform_log.o
                0x000000000800c0b0                VL53L0X_trace_config
 .text.trace_print_module_function
                0x000000000800c0f0       0x58 ./Drivers/BSP/vl53l0x/vl53l0x_platform_log.o
                0x000000000800c0f0                trace_print_module_function
 .text.HAL_Init
                0x000000000800c148       0x44 ./Drivers/STM32F4xx_HAL_Driver/Src/stm32f4xx_hal.o
                0x000000000800c148                HAL_Init
 .text.HAL_InitTick
                0x000000000800c18c       0x60 ./Drivers/STM32F4xx_HAL_Driver/Src/stm32f4xx_hal.o
                0x000000000800c18c                HAL_InitTick
 .text.HAL_GetTick
                0x000000000800c1ec       0x18 ./Drivers/STM32F4xx_HAL_Driver/Src/stm32f4xx_hal.o
                0x000000000800c1ec                HAL_GetTick
 .text.__NVIC_SetPriorityGrouping
                0x000000000800c204       0x48 ./Drivers/STM32F4xx_HAL_Driver/Src/stm32f4xx_hal_cortex.o
 .text.__NVIC_GetPriorityGrouping
                0x000000000800c24c       0x1c ./Drivers/STM32F4xx_HAL_Driver/Src/stm32f4xx_hal_cortex.o
 .text.__NVIC_EnableIRQ
                0x000000000800c268       0x3c ./Drivers/STM32F4xx_HAL_Driver/Src/stm32f4xx_hal_cortex.o
 .text.__NVIC_SetPriority
                0x000000000800c2a4       0x54 ./Drivers/STM32F4xx_HAL_Driver/Src/stm32f4xx_hal_cortex.o
 .text.NVIC_EncodePriority
                0x000000000800c2f8       0x66 ./Drivers/STM32F4xx_HAL_Driver/Src/stm32f4xx_hal_cortex.o
 *fill*         0x000000000800c35e        0x2 
 .text.SysTick_Config
                0x000000000800c360       0x44 ./Drivers/STM32F4xx_HAL_Driver/Src/stm32f4xx_hal_cortex.o
 .text.HAL_NVIC_SetPriorityGrouping
                0x000000000800c3a4       0x16 ./Drivers/STM32F4xx_HAL_Driver/Src/stm32f4xx_hal_cortex.o
                0x000000000800c3a4                HAL_NVIC_SetPriorityGrouping
 .text.HAL_NVIC_SetPriority
                0x000000000800c3ba       0x38 ./Drivers/STM32F4xx_HAL_Driver/Src/stm32f4xx_hal_cortex.o
                0x000000000800c3ba                HAL_NVIC_SetPriority
 .text.HAL_NVIC_EnableIRQ
                0x000000000800c3f2       0x1c ./Drivers/STM32F4xx_HAL_Driver/Src/stm32f4xx_hal_cortex.o
                0x000000000800c3f2                HAL_NVIC_EnableIRQ
 .text.HAL_SYSTICK_Config
                0x000000000800c40e       0x18 ./Drivers/STM32F4xx_HAL_Driver/Src/stm32f4xx_hal_cortex.o
                0x000000000800c40e                HAL_SYSTICK_Config
 *fill*         0x000000000800c426        0x2 
 .text.HAL_DMA_Init
                0x000000000800c428      0x15c ./Drivers/STM32F4xx_HAL_Driver/Src/stm32f4xx_hal_dma.o
                0x000000000800c428                HAL_DMA_Init
 .text.HAL_DMA_Start_IT
                0x000000000800c584       0xb0 ./Drivers/STM32F4xx_HAL_Driver/Src/stm32f4xx_hal_dma.o
                0x000000000800c584                HAL_DMA_Start_IT
 .text.HAL_DMA_IRQHandler
                0x000000000800c634      0x314 ./Drivers/STM32F4xx_HAL_Driver/Src/stm32f4xx_hal_dma.o
                0x000000000800c634                HAL_DMA_IRQHandler
 .text.DMA_SetConfig
                0x000000000800c948       0x5c ./Drivers/STM32F4xx_HAL_Driver/Src/stm32f4xx_hal_dma.o
 .text.DMA_CalcBaseAndBitshift
                0x000000000800c9a4       0x6c ./Drivers/STM32F4xx_HAL_Driver/Src/stm32f4xx_hal_dma.o
 .text.DMA_CheckFifoParam
                0x000000000800ca10       0xf8 ./Drivers/STM32F4xx_HAL_Driver/Src/stm32f4xx_hal_dma.o
 .text.HAL_GPIO_Init
                0x000000000800cb08      0x308 ./Drivers/STM32F4xx_HAL_Driver/Src/stm32f4xx_hal_gpio.o
                0x000000000800cb08                HAL_GPIO_Init
 .text.HAL_GPIO_WritePin
                0x000000000800ce10       0x32 ./Drivers/STM32F4xx_HAL_Driver/Src/stm32f4xx_hal_gpio.o
                0x000000000800ce10                HAL_GPIO_WritePin
 *fill*         0x000000000800ce42        0x2 
 .text.HAL_GPIO_EXTI_IRQHandler
                0x000000000800ce44       0x30 ./Drivers/STM32F4xx_HAL_Driver/Src/stm32f4xx_hal_gpio.o
                0x000000000800ce44                HAL_GPIO_EXTI_IRQHandler
 .text.HAL_I2C_Init
                0x000000000800ce74      0x288 ./Drivers/STM32F4xx_HAL_Driver/Src/stm32f4xx_hal_i2c.o
                0x000000000800ce74                HAL_I2C_Init
 .text.HAL_I2C_Master_Transmit
                0x000000000800d0fc      0x1fc ./Drivers/STM32F4xx_HAL_Driver/Src/stm32f4xx_hal_i2c.o
                0x000000000800d0fc                HAL_I2C_Master_Transmit
 .text.HAL_I2C_Master_Receive
                0x000000000800d2f8      0x44c ./Drivers/STM32F4xx_HAL_Driver/Src/stm32f4xx_hal_i2c.o
                0x000000000800d2f8                HAL_I2C_Master_Receive
 .text.I2C_MasterRequestWrite
                0x000000000800d744      0x104 ./Drivers/STM32F4xx_HAL_Driver/Src/stm32f4xx_hal_i2c.o
 .text.I2C_MasterRequestRead
                0x000000000800d848      0x19c ./Drivers/STM32F4xx_HAL_Driver/Src/stm32f4xx_hal_i2c.o
 .text.I2C_WaitOnFlagUntilTimeout
                0x000000000800d9e4       0xae ./Drivers/STM32F4xx_HAL_Driver/Src/stm32f4xx_hal_i2c.o
 .text.I2C_WaitOnMasterAddressFlagUntilTimeout
                0x000000000800da92       0xfe ./Drivers/STM32F4xx_HAL_Driver/Src/stm32f4xx_hal_i2c.o
 .text.I2C_WaitOnTXEFlagUntilTimeout
                0x000000000800db90       0x82 ./Drivers/STM32F4xx_HAL_Driver/Src/stm32f4xx_hal_i2c.o
 .text.I2C_WaitOnBTFFlagUntilTimeout
                0x000000000800dc12       0x82 ./Drivers/STM32F4xx_HAL_Driver/Src/stm32f4xx_hal_i2c.o
 .text.I2C_WaitOnRXNEFlagUntilTimeout
                0x000000000800dc94       0xac ./Drivers/STM32F4xx_HAL_Driver/Src/stm32f4xx_hal_i2c.o
 .text.I2C_IsAcknowledgeFailed
                0x000000000800dd40       0x5e ./Drivers/STM32F4xx_HAL_Driver/Src/stm32f4xx_hal_i2c.o
 *fill*         0x000000000800dd9e        0x2 
 .text.HAL_RCC_OscConfig
                0x000000000800dda0      0x4f0 ./Drivers/STM32F4xx_HAL_Driver/Src/stm32f4xx_hal_rcc.o
                0x000000000800dda0                HAL_RCC_OscConfig
 .text.HAL_RCC_ClockConfig
                0x000000000800e290      0x1cc ./Drivers/STM32F4xx_HAL_Driver/Src/stm32f4xx_hal_rcc.o
                0x000000000800e290                HAL_RCC_ClockConfig
 .text.HAL_RCC_GetSysClockFreq
                0x000000000800e45c      0x20c ./Drivers/STM32F4xx_HAL_Driver/Src/stm32f4xx_hal_rcc.o
                0x000000000800e45c                HAL_RCC_GetSysClockFreq
 .text.HAL_RCC_GetHCLKFreq
                0x000000000800e668       0x18 ./Drivers/STM32F4xx_HAL_Driver/Src/stm32f4xx_hal_rcc.o
                0x000000000800e668                HAL_RCC_GetHCLKFreq
 .text.HAL_RCC_GetPCLK1Freq
                0x000000000800e680       0x28 ./Drivers/STM32F4xx_HAL_Driver/Src/stm32f4xx_hal_rcc.o
                0x000000000800e680                HAL_RCC_GetPCLK1Freq
 .text.HAL_RCC_GetPCLK2Freq
                0x000000000800e6a8       0x28 ./Drivers/STM32F4xx_HAL_Driver/Src/stm32f4xx_hal_rcc.o
                0x000000000800e6a8                HAL_RCC_GetPCLK2Freq
 .text.HAL_TIM_Base_Init
                0x000000000800e6d0       0x9e ./Drivers/STM32F4xx_HAL_Driver/Src/stm32f4xx_hal_tim.o
                0x000000000800e6d0                HAL_TIM_Base_Init
 *fill*         0x000000000800e76e        0x2 
 .text.HAL_TIM_Base_Start_IT
                0x000000000800e770       0xc4 ./Drivers/STM32F4xx_HAL_Driver/Src/stm32f4xx_hal_tim.o
                0x000000000800e770                HAL_TIM_Base_Start_IT
 .text.HAL_TIM_OC_Init
                0x000000000800e834       0x9e ./Drivers/STM32F4xx_HAL_Driver/Src/stm32f4xx_hal_tim.o
                0x000000000800e834                HAL_TIM_OC_Init
 .text.HAL_TIM_IRQHandler
                0x000000000800e8d2      0x210 ./Drivers/STM32F4xx_HAL_Driver/Src/stm32f4xx_hal_tim.o
                0x000000000800e8d2                HAL_TIM_IRQHandler
 *fill*         0x000000000800eae2        0x2 
 .text.HAL_TIM_OC_ConfigChannel
                0x000000000800eae4       0xb8 ./Drivers/STM32F4xx_HAL_Driver/Src/stm32f4xx_hal_tim.o
                0x000000000800eae4                HAL_TIM_OC_ConfigChannel
 .text.HAL_TIM_OC_DelayElapsedCallback
                0x000000000800eb9c       0x14 ./Drivers/STM32F4xx_HAL_Driver/Src/stm32f4xx_hal_tim.o
                0x000000000800eb9c                HAL_TIM_OC_DelayElapsedCallback
 .text.HAL_TIM_IC_CaptureCallback
                0x000000000800ebb0       0x14 ./Drivers/STM32F4xx_HAL_Driver/Src/stm32f4xx_hal_tim.o
                0x000000000800ebb0                HAL_TIM_IC_CaptureCallback
 .text.HAL_TIM_PWM_PulseFinishedCallback
                0x000000000800ebc4       0x14 ./Drivers/STM32F4xx_HAL_Driver/Src/stm32f4xx_hal_tim.o
                0x000000000800ebc4                HAL_TIM_PWM_PulseFinishedCallback
 .text.HAL_TIM_TriggerCallback
                0x000000000800ebd8       0x14 ./Drivers/STM32F4xx_HAL_Driver/Src/stm32f4xx_hal_tim.o
                0x000000000800ebd8                HAL_TIM_TriggerCallback
 .text.TIM_Base_SetConfig
                0x000000000800ebec      0x100 ./Drivers/STM32F4xx_HAL_Driver/Src/stm32f4xx_hal_tim.o
                0x000000000800ebec                TIM_Base_SetConfig
 .text.TIM_OC1_SetConfig
                0x000000000800ecec       0xcc ./Drivers/STM32F4xx_HAL_Driver/Src/stm32f4xx_hal_tim.o
 .text.TIM_OC2_SetConfig
                0x000000000800edb8       0xd8 ./Drivers/STM32F4xx_HAL_Driver/Src/stm32f4xx_hal_tim.o
                0x000000000800edb8                TIM_OC2_SetConfig
 .text.TIM_OC3_SetConfig
                0x000000000800ee90       0xd4 ./Drivers/STM32F4xx_HAL_Driver/Src/stm32f4xx_hal_tim.o
 .text.TIM_OC4_SetConfig
                0x000000000800ef64       0xa0 ./Drivers/STM32F4xx_HAL_Driver/Src/stm32f4xx_hal_tim.o
 .text.HAL_TIMEx_MasterConfigSynchronization
                0x000000000800f004       0xdc ./Drivers/STM32F4xx_HAL_Driver/Src/stm32f4xx_hal_tim_ex.o
                0x000000000800f004                HAL_TIMEx_MasterConfigSynchronization
 .text.HAL_TIMEx_CommutCallback
                0x000000000800f0e0       0x14 ./Drivers/STM32F4xx_HAL_Driver/Src/stm32f4xx_hal_tim_ex.o
                0x000000000800f0e0                HAL_TIMEx_CommutCallback
 .text.HAL_TIMEx_BreakCallback
                0x000000000800f0f4       0x14 ./Drivers/STM32F4xx_HAL_Driver/Src/stm32f4xx_hal_tim_ex.o
                0x000000000800f0f4                HAL_TIMEx_BreakCallback
 .text.HAL_UART_Init
                0x000000000800f108       0x9a ./Drivers/STM32F4xx_HAL_Driver/Src/stm32f4xx_hal_uart.o
                0x000000000800f108                HAL_UART_Init
 *fill*         0x000000000800f1a2        0x2 
 .text.HAL_UART_Transmit_DMA
                0x000000000800f1a4       0xfc ./Drivers/STM32F4xx_HAL_Driver/Src/stm32f4xx_hal_uart.o
                0x000000000800f1a4                HAL_UART_Transmit_DMA
 .text.HAL_UART_TxHalfCpltCallback
                0x000000000800f2a0       0x14 ./Drivers/STM32F4xx_HAL_Driver/Src/stm32f4xx_hal_uart.o
                0x000000000800f2a0                HAL_UART_TxHalfCpltCallback
 .text.HAL_UART_ErrorCallback
                0x000000000800f2b4       0x14 ./Drivers/STM32F4xx_HAL_Driver/Src/stm32f4xx_hal_uart.o
                0x000000000800f2b4                HAL_UART_ErrorCallback
 .text.UART_DMATransmitCplt
                0x000000000800f2c8       0x9a ./Drivers/STM32F4xx_HAL_Driver/Src/stm32f4xx_hal_uart.o
 .text.UART_DMATxHalfCplt
                0x000000000800f362       0x1c ./Drivers/STM32F4xx_HAL_Driver/Src/stm32f4xx_hal_uart.o
 .text.UART_DMAError
                0x000000000800f37e       0x94 ./Drivers/STM32F4xx_HAL_Driver/Src/stm32f4xx_hal_uart.o
 .text.UART_EndTxTransfer
                0x000000000800f412       0x50 ./Drivers/STM32F4xx_HAL_Driver/Src/stm32f4xx_hal_uart.o
 .text.UART_EndRxTransfer
                0x000000000800f462       0xc6 ./Drivers/STM32F4xx_HAL_Driver/Src/stm32f4xx_hal_uart.o
 .text.UART_SetConfig
                0x000000000800f528      0x4e8 ./Drivers/STM32F4xx_HAL_Driver/Src/stm32f4xx_hal_uart.o
 .text.__errno  0x000000000800fa10        0xc c:/st/stm32cubeide_1.11.2/stm32cubeide/plugins/com.st.stm32cube.ide.mcu.externaltools.gnu-tools-for-stm32.10.3-2021.10.win32_1.0.100.202210260954/tools/bin/../lib/gcc/arm-none-eabi/10.3.1/../../../../arm-none-eabi/lib/thumb/v7e-m+fp/hard\libc_nano.a(lib_a-errno.o)
                0x000000000800fa10                __errno
 .text.__libc_init_array
                0x000000000800fa1c       0x48 c:/st/stm32cubeide_1.11.2/stm32cubeide/plugins/com.st.stm32cube.ide.mcu.externaltools.gnu-tools-for-stm32.10.3-2021.10.win32_1.0.100.202210260954/tools/bin/../lib/gcc/arm-none-eabi/10.3.1/../../../../arm-none-eabi/lib/thumb/v7e-m+fp/hard\libc_nano.a(lib_a-init.o)
                0x000000000800fa1c                __libc_init_array
 .text.memcpy   0x000000000800fa64       0x1c c:/st/stm32cubeide_1.11.2/stm32cubeide/plugins/com.st.stm32cube.ide.mcu.externaltools.gnu-tools-for-stm32.10.3-2021.10.win32_1.0.100.202210260954/tools/bin/../lib/gcc/arm-none-eabi/10.3.1/../../../../arm-none-eabi/lib/thumb/v7e-m+fp/hard\libc_nano.a(lib_a-memcpy-stub.o)
                0x000000000800fa64                memcpy
 .text.memmove  0x000000000800fa80       0x34 c:/st/stm32cubeide_1.11.2/stm32cubeide/plugins/com.st.stm32cube.ide.mcu.externaltools.gnu-tools-for-stm32.10.3-2021.10.win32_1.0.100.202210260954/tools/bin/../lib/gcc/arm-none-eabi/10.3.1/../../../../arm-none-eabi/lib/thumb/v7e-m+fp/hard\libc_nano.a(lib_a-memmove.o)
                0x000000000800fa80                memmove
 .text.memset   0x000000000800fab4       0x10 c:/st/stm32cubeide_1.11.2/stm32cubeide/plugins/com.st.stm32cube.ide.mcu.externaltools.gnu-tools-for-stm32.10.3-2021.10.win32_1.0.100.202210260954/tools/bin/../lib/gcc/arm-none-eabi/10.3.1/../../../../arm-none-eabi/lib/thumb/v7e-m+fp/hard\libc_nano.a(lib_a-memset.o)
                0x000000000800fab4                memset
 .text.sprintf  0x000000000800fac4       0x40 c:/st/stm32cubeide_1.11.2/stm32cubeide/plugins/com.st.stm32cube.ide.mcu.externaltools.gnu-tools-for-stm32.10.3-2021.10.win32_1.0.100.202210260954/tools/bin/../lib/gcc/arm-none-eabi/10.3.1/../../../../arm-none-eabi/lib/thumb/v7e-m+fp/hard\libc_nano.a(lib_a-sprintf.o)
                0x000000000800fac4                siprintf
                0x000000000800fac4                sprintf
 .text.strcpy   0x000000000800fb04       0x10 c:/st/stm32cubeide_1.11.2/stm32cubeide/plugins/com.st.stm32cube.ide.mcu.externaltools.gnu-tools-for-stm32.10.3-2021.10.win32_1.0.100.202210260954/tools/bin/../lib/gcc/arm-none-eabi/10.3.1/../../../../arm-none-eabi/lib/thumb/v7e-m+fp/hard\libc_nano.a(lib_a-strcpy.o)
                0x000000000800fb04                strcpy
 .text._vsnprintf_r
                0x000000000800fb14       0x56 c:/st/stm32cubeide_1.11.2/stm32cubeide/plugins/com.st.stm32cube.ide.mcu.externaltools.gnu-tools-for-stm32.10.3-2021.10.win32_1.0.100.202210260954/tools/bin/../lib/gcc/arm-none-eabi/10.3.1/../../../../arm-none-eabi/lib/thumb/v7e-m+fp/hard\libc_nano.a(lib_a-vsnprintf.o)
                0x000000000800fb14                _vsniprintf_r
                0x000000000800fb14                _vsnprintf_r
 *fill*         0x000000000800fb6a        0x2 
 .text.vsnprintf
                0x000000000800fb6c       0x1c c:/st/stm32cubeide_1.11.2/stm32cubeide/plugins/com.st.stm32cube.ide.mcu.externaltools.gnu-tools-for-stm32.10.3-2021.10.win32_1.0.100.202210260954/tools/bin/../lib/gcc/arm-none-eabi/10.3.1/../../../../arm-none-eabi/lib/thumb/v7e-m+fp/hard\libc_nano.a(lib_a-vsnprintf.o)
                0x000000000800fb6c                vsniprintf
                0x000000000800fb6c                vsnprintf
 .text.__ssputs_r
                0x000000000800fb88       0xb6 c:/st/stm32cubeide_1.11.2/stm32cubeide/plugins/com.st.stm32cube.ide.mcu.externaltools.gnu-tools-for-stm32.10.3-2021.10.win32_1.0.100.202210260954/tools/bin/../lib/gcc/arm-none-eabi/10.3.1/../../../../arm-none-eabi/lib/thumb/v7e-m+fp/hard\libc_nano.a(lib_a-nano-svfprintf.o)
                0x000000000800fb88                __ssputs_r
 *fill*         0x000000000800fc3e        0x2 
 .text._svfprintf_r
                0x000000000800fc40      0x200 c:/st/stm32cubeide_1.11.2/stm32cubeide/plugins/com.st.stm32cube.ide.mcu.externaltools.gnu-tools-for-stm32.10.3-2021.10.win32_1.0.100.202210260954/tools/bin/../lib/gcc/arm-none-eabi/10.3.1/../../../../arm-none-eabi/lib/thumb/v7e-m+fp/hard\libc_nano.a(lib_a-nano-svfprintf.o)
                0x000000000800fc40                _svfiprintf_r
                0x000000000800fc40                _svfprintf_r
 .text._printf_common
                0x000000000800fe40       0xda c:/st/stm32cubeide_1.11.2/stm32cubeide/plugins/com.st.stm32cube.ide.mcu.externaltools.gnu-tools-for-stm32.10.3-2021.10.win32_1.0.100.202210260954/tools/bin/../lib/gcc/arm-none-eabi/10.3.1/../../../../arm-none-eabi/lib/thumb/v7e-m+fp/hard\libc_nano.a(lib_a-nano-vfprintf_i.o)
                0x000000000800fe40                _printf_common
 *fill*         0x000000000800ff1a        0x2 
 .text._printf_i
                0x000000000800ff1c      0x24c c:/st/stm32cubeide_1.11.2/stm32cubeide/plugins/com.st.stm32cube.ide.mcu.externaltools.gnu-tools-for-stm32.10.3-2021.10.win32_1.0.100.202210260954/tools/bin/../lib/gcc/arm-none-eabi/10.3.1/../../../../arm-none-eabi/lib/thumb/v7e-m+fp/hard\libc_nano.a(lib_a-nano-vfprintf_i.o)
                0x000000000800ff1c                _printf_i
 .text._free_r  0x0000000008010168       0x98 c:/st/stm32cubeide_1.11.2/stm32cubeide/plugins/com.st.stm32cube.ide.mcu.externaltools.gnu-tools-for-stm32.10.3-2021.10.win32_1.0.100.202210260954/tools/bin/../lib/gcc/arm-none-eabi/10.3.1/../../../../arm-none-eabi/lib/thumb/v7e-m+fp/hard\libc_nano.a(lib_a-nano-freer.o)
                0x0000000008010168                _free_r
 .text.sbrk_aligned
                0x0000000008010200       0x40 c:/st/stm32cubeide_1.11.2/stm32cubeide/plugins/com.st.stm32cube.ide.mcu.externaltools.gnu-tools-for-stm32.10.3-2021.10.win32_1.0.100.202210260954/tools/bin/../lib/gcc/arm-none-eabi/10.3.1/../../../../arm-none-eabi/lib/thumb/v7e-m+fp/hard\libc_nano.a(lib_a-nano-mallocr.o)
 .text._malloc_r
                0x0000000008010240       0xe8 c:/st/stm32cubeide_1.11.2/stm32cubeide/plugins/com.st.stm32cube.ide.mcu.externaltools.gnu-tools-for-stm32.10.3-2021.10.win32_1.0.100.202210260954/tools/bin/../lib/gcc/arm-none-eabi/10.3.1/../../../../arm-none-eabi/lib/thumb/v7e-m+fp/hard\libc_nano.a(lib_a-nano-mallocr.o)
                0x0000000008010240                _malloc_r
 .text._realloc_r
                0x0000000008010328       0x5e c:/st/stm32cubeide_1.11.2/stm32cubeide/plugins/com.st.stm32cube.ide.mcu.externaltools.gnu-tools-for-stm32.10.3-2021.10.win32_1.0.100.202210260954/tools/bin/../lib/gcc/arm-none-eabi/10.3.1/../../../../arm-none-eabi/lib/thumb/v7e-m+fp/hard\libc_nano.a(lib_a-nano-reallocr.o)
                0x0000000008010328                _realloc_r
 *fill*         0x0000000008010386        0x2 
 .text._sbrk_r  0x0000000008010388       0x20 c:/st/stm32cubeide_1.11.2/stm32cubeide/plugins/com.st.stm32cube.ide.mcu.externaltools.gnu-tools-for-stm32.10.3-2021.10.win32_1.0.100.202210260954/tools/bin/../lib/gcc/arm-none-eabi/10.3.1/../../../../arm-none-eabi/lib/thumb/v7e-m+fp/hard\libc_nano.a(lib_a-sbrkr.o)
                0x0000000008010388                _sbrk_r
 .text.__malloc_lock
                0x00000000080103a8        0xc c:/st/stm32cubeide_1.11.2/stm32cubeide/plugins/com.st.stm32cube.ide.mcu.externaltools.gnu-tools-for-stm32.10.3-2021.10.win32_1.0.100.202210260954/tools/bin/../lib/gcc/arm-none-eabi/10.3.1/../../../../arm-none-eabi/lib/thumb/v7e-m+fp/hard\libc_nano.a(lib_a-mlock.o)
                0x00000000080103a8                __malloc_lock
 .text.__malloc_unlock
                0x00000000080103b4        0xc c:/st/stm32cubeide_1.11.2/stm32cubeide/plugins/com.st.stm32cube.ide.mcu.externaltools.gnu-tools-for-stm32.10.3-2021.10.win32_1.0.100.202210260954/tools/bin/../lib/gcc/arm-none-eabi/10.3.1/../../../../arm-none-eabi/lib/thumb/v7e-m+fp/hard\libc_nano.a(lib_a-mlock.o)
                0x00000000080103b4                __malloc_unlock
 .text._malloc_usable_size_r
                0x00000000080103c0       0x10 c:/st/stm32cubeide_1.11.2/stm32cubeide/plugins/com.st.stm32cube.ide.mcu.externaltools.gnu-tools-for-stm32.10.3-2021.10.win32_1.0.100.202210260954/tools/bin/../lib/gcc/arm-none-eabi/10.3.1/../../../../arm-none-eabi/lib/thumb/v7e-m+fp/hard\libc_nano.a(lib_a-nano-msizer.o)
                0x00000000080103c0                _malloc_usable_size_r
 .text.__retarget_lock_acquire_recursive
                0x00000000080103d0        0x2 c:/st/stm32cubeide_1.11.2/stm32cubeide/plugins/com.st.stm32cube.ide.mcu.externaltools.gnu-tools-for-stm32.10.3-2021.10.win32_1.0.100.202210260954/tools/bin/../lib/gcc/arm-none-eabi/10.3.1/../../../../arm-none-eabi/lib/thumb/v7e-m+fp/hard\libc_nano.a(lib_a-lock.o)
                0x00000000080103d0                __retarget_lock_acquire_recursive
 .text.__retarget_lock_release_recursive
                0x00000000080103d2        0x2 c:/st/stm32cubeide_1.11.2/stm32cubeide/plugins/com.st.stm32cube.ide.mcu.externaltools.gnu-tools-for-stm32.10.3-2021.10.win32_1.0.100.202210260954/tools/bin/../lib/gcc/arm-none-eabi/10.3.1/../../../../arm-none-eabi/lib/thumb/v7e-m+fp/hard\libc_nano.a(lib_a-lock.o)
                0x00000000080103d2                __retarget_lock_release_recursive
 *(.glue_7)
 .glue_7        0x00000000080103d4        0x0 linker stubs
 *(.glue_7t)
 .glue_7t       0x00000000080103d4        0x0 linker stubs
 *(.eh_frame)
 .eh_frame      0x00000000080103d4        0x0 c:/st/stm32cubeide_1.11.2/stm32cubeide/plugins/com.st.stm32cube.ide.mcu.externaltools.gnu-tools-for-stm32.10.3-2021.10.win32_1.0.100.202210260954/tools/bin/../lib/gcc/arm-none-eabi/10.3.1/thumb/v7e-m+fp/hard/crtbegin.o
 *(.init)
 .init          0x00000000080103d4        0x4 c:/st/stm32cubeide_1.11.2/stm32cubeide/plugins/com.st.stm32cube.ide.mcu.externaltools.gnu-tools-for-stm32.10.3-2021.10.win32_1.0.100.202210260954/tools/bin/../lib/gcc/arm-none-eabi/10.3.1/thumb/v7e-m+fp/hard/crti.o
                0x00000000080103d4                _init
 .init          0x00000000080103d8        0x8 c:/st/stm32cubeide_1.11.2/stm32cubeide/plugins/com.st.stm32cube.ide.mcu.externaltools.gnu-tools-for-stm32.10.3-2021.10.win32_1.0.100.202210260954/tools/bin/../lib/gcc/arm-none-eabi/10.3.1/thumb/v7e-m+fp/hard/crtn.o
 *(.fini)
 .fini          0x00000000080103e0        0x4 c:/st/stm32cubeide_1.11.2/stm32cubeide/plugins/com.st.stm32cube.ide.mcu.externaltools.gnu-tools-for-stm32.10.3-2021.10.win32_1.0.100.202210260954/tools/bin/../lib/gcc/arm-none-eabi/10.3.1/thumb/v7e-m+fp/hard/crti.o
                0x00000000080103e0                _fini
 .fini          0x00000000080103e4        0x8 c:/st/stm32cubeide_1.11.2/stm32cubeide/plugins/com.st.stm32cube.ide.mcu.externaltools.gnu-tools-for-stm32.10.3-2021.10.win32_1.0.100.202210260954/tools/bin/../lib/gcc/arm-none-eabi/10.3.1/thumb/v7e-m+fp/hard/crtn.o
                0x00000000080103ec                . = ALIGN (0x4)
                0x00000000080103ec                _etext = .

.vfp11_veneer   0x00000000080103ec        0x0
 .vfp11_veneer  0x00000000080103ec        0x0 linker stubs

.v4_bx          0x00000000080103ec        0x0
 .v4_bx         0x00000000080103ec        0x0 linker stubs

.iplt           0x00000000080103ec        0x0
 .iplt          0x00000000080103ec        0x0 c:/st/stm32cubeide_1.11.2/stm32cubeide/plugins/com.st.stm32cube.ide.mcu.externaltools.gnu-tools-for-stm32.10.3-2021.10.win32_1.0.100.202210260954/tools/bin/../lib/gcc/arm-none-eabi/10.3.1/thumb/v7e-m+fp/hard/crtbegin.o

.rodata         0x00000000080103ec     0x14f8
                0x00000000080103ec                . = ALIGN (0x4)
 *(.rodata)
 .rodata        0x00000000080103ec       0x22 ./Blocks/Src/cmdedit.o
 *fill*         0x000000000801040e        0x2 
 .rodata        0x0000000008010410       0x28 ./Blocks/Src/cmdparse.o
 .rodata        0x0000000008010438       0x46 ./Blocks/Src/cmdproc.o
 *fill*         0x000000000801047e        0x2 
 .rodata        0x0000000008010480       0x12 ./Core/Src/main.o
 *fill*         0x0000000008010492        0x2 
 .rodata        0x0000000008010494      0x1f7 ./Core/Src/sensor.o
 *fill*         0x000000000801068b        0x1 
 .rodata        0x000000000801068c       0x1e ./DCCCctrl/Src/dcc_tx_hw.o
 *fill*         0x00000000080106aa        0x2 
 .rodata        0x00000000080106ac      0x8b0 ./DCCCctrl/Src/dccctrl_cmdi.o
 .rodata        0x0000000008010f5c       0x37 ./Drivers/BSP/vl53l0x/vl53l0x_api.o
 *fill*         0x0000000008010f93        0x1 
 .rodata        0x0000000008010f94       0x25 ./Drivers/BSP/vl53l0x/vl53l0x_api_core.o
 *(.rodata*)
 *fill*         0x0000000008010fb9        0x3 
 .rodata.stdcmdtab
                0x0000000008010fbc       0x68 ./Blocks/Src/cmdproc.o
 .rodata.AHBPrescTable
                0x0000000008011024       0x10 ./Core/Src/system_stm32f4xx.o
                0x0000000008011024                AHBPrescTable
 .rodata.APBPrescTable
                0x0000000008011034        0x8 ./Core/Src/system_stm32f4xx.o
                0x0000000008011034                APBPrescTable
 .rodata.phaseflags.8
                0x000000000801103c        0xe ./DCCCctrl/Src/dcc_tx.o
 *fill*         0x000000000801104a        0x2 
 .rodata.hbname
                0x000000000801104c       0x10 ./DCCCctrl/Src/dcc_tx_hw.o
                0x000000000801104c                hbname
 .rodata.modename
                0x000000000801105c       0x14 ./DCCCctrl/Src/dccctrl_cmdi.o
 .rodata.cmdifname
                0x0000000008011070        0xc ./DCCCctrl/Src/dccctrl_cmdi.o
 .rodata.cvname
                0x000000000801107c       0x74 ./DCCCctrl/Src/dccctrl_cmdi.o
 .rodata.cmdtab
                0x00000000080110f0      0x1f0 ./DCCCctrl/Src/dccctrl_cmdi.o
                0x00000000080110f0                cmdtab
 .rodata.baddr  0x00000000080112e0       0x10 ./DCCCctrl/Src/sx_tx.o
 .rodata.__FUNCTION__.84
                0x00000000080112f0       0x2b ./Drivers/BSP/vl53l0x/vl53l0x_api.o
 *fill*         0x000000000801131b        0x1 
 .rodata.__FUNCTION__.78
                0x000000000801131c       0x19 ./Drivers/BSP/vl53l0x/vl53l0x_api.o
 *fill*         0x0000000008011335        0x3 
 .rodata.__FUNCTION__.77
                0x0000000008011338       0x11 ./Drivers/BSP/vl53l0x/vl53l0x_api.o
 *fill*         0x0000000008011349        0x3 
 .rodata.__FUNCTION__.74
                0x000000000801134c       0x13 ./Drivers/BSP/vl53l0x/vl53l0x_api.o
 *fill*         0x000000000801135f        0x1 
 .rodata.__FUNCTION__.70
                0x0000000008011360       0x1c ./Drivers/BSP/vl53l0x/vl53l0x_api.o
 .rodata.__FUNCTION__.69
                0x000000000801137c       0x16 ./Drivers/BSP/vl53l0x/vl53l0x_api.o
 *fill*         0x0000000008011392        0x2 
 .rodata.__FUNCTION__.68
                0x0000000008011394       0x16 ./Drivers/BSP/vl53l0x/vl53l0x_api.o
 *fill*         0x00000000080113aa        0x2 
 .rodata.__FUNCTION__.66
                0x00000000080113ac       0x1a ./Drivers/BSP/vl53l0x/vl53l0x_api.o
 *fill*         0x00000000080113c6        0x2 
 .rodata.__FUNCTION__.63
                0x00000000080113c8       0x2f ./Drivers/BSP/vl53l0x/vl53l0x_api.o
 *fill*         0x00000000080113f7        0x1 
 .rodata.__FUNCTION__.62
                0x00000000080113f8       0x2f ./Drivers/BSP/vl53l0x/vl53l0x_api.o
 *fill*         0x0000000008011427        0x1 
 .rodata.__FUNCTION__.61
                0x0000000008011428       0x1c ./Drivers/BSP/vl53l0x/vl53l0x_api.o
 .rodata.__FUNCTION__.60
                0x0000000008011444       0x1c ./Drivers/BSP/vl53l0x/vl53l0x_api.o
 .rodata.__FUNCTION__.59
                0x0000000008011460       0x1e ./Drivers/BSP/vl53l0x/vl53l0x_api.o
 *fill*         0x000000000801147e        0x2 
 .rodata.__FUNCTION__.58
                0x0000000008011480       0x16 ./Drivers/BSP/vl53l0x/vl53l0x_api.o
 *fill*         0x0000000008011496        0x2 
 .rodata.__FUNCTION__.56
                0x0000000008011498       0x1f ./Drivers/BSP/vl53l0x/vl53l0x_api.o
 *fill*         0x00000000080114b7        0x1 
 .rodata.__FUNCTION__.50
                0x00000000080114b8       0x2e ./Drivers/BSP/vl53l0x/vl53l0x_api.o
 *fill*         0x00000000080114e6        0x2 
 .rodata.__FUNCTION__.48
                0x00000000080114e8       0x23 ./Drivers/BSP/vl53l0x/vl53l0x_api.o
 *fill*         0x000000000801150b        0x1 
 .rodata.__FUNCTION__.46
                0x000000000801150c       0x28 ./Drivers/BSP/vl53l0x/vl53l0x_api.o
 .rodata.__FUNCTION__.40
                0x0000000008011534       0x1c ./Drivers/BSP/vl53l0x/vl53l0x_api.o
 .rodata.__FUNCTION__.39
                0x0000000008011550       0x1c ./Drivers/BSP/vl53l0x/vl53l0x_api.o
 .rodata.__FUNCTION__.38
                0x000000000801156c       0x1b ./Drivers/BSP/vl53l0x/vl53l0x_api.o
 *fill*         0x0000000008011587        0x1 
 .rodata.__FUNCTION__.37
                0x0000000008011588       0x1b ./Drivers/BSP/vl53l0x/vl53l0x_api.o
 *fill*         0x00000000080115a3        0x1 
 .rodata.__FUNCTION__.34
                0x00000000080115a4       0x21 ./Drivers/BSP/vl53l0x/vl53l0x_api.o
 *fill*         0x00000000080115c5        0x3 
 .rodata.__FUNCTION__.31
                0x00000000080115c8       0x21 ./Drivers/BSP/vl53l0x/vl53l0x_api.o
 *fill*         0x00000000080115e9        0x3 
 .rodata.__FUNCTION__.29
                0x00000000080115ec       0x1e ./Drivers/BSP/vl53l0x/vl53l0x_api.o
 *fill*         0x000000000801160a        0x2 
 .rodata.__FUNCTION__.25
                0x000000000801160c       0x19 ./Drivers/BSP/vl53l0x/vl53l0x_api.o
 *fill*         0x0000000008011625        0x3 
 .rodata.__FUNCTION__.23
                0x0000000008011628       0x20 ./Drivers/BSP/vl53l0x/vl53l0x_api.o
 .rodata.__FUNCTION__.21
                0x0000000008011648       0x22 ./Drivers/BSP/vl53l0x/vl53l0x_api.o
 *fill*         0x000000000801166a        0x2 
 .rodata.__FUNCTION__.18
                0x000000000801166c       0x28 ./Drivers/BSP/vl53l0x/vl53l0x_api.o
 .rodata.__FUNCTION__.14
                0x0000000008011694       0x16 ./Drivers/BSP/vl53l0x/vl53l0x_api.o
 *fill*         0x00000000080116aa        0x2 
 .rodata.__FUNCTION__.11
                0x00000000080116ac       0x1f ./Drivers/BSP/vl53l0x/vl53l0x_api.o
 *fill*         0x00000000080116cb        0x1 
 .rodata.__FUNCTION__.9
                0x00000000080116cc       0x1b ./Drivers/BSP/vl53l0x/vl53l0x_api.o
 *fill*         0x00000000080116e7        0x1 
 .rodata.__FUNCTION__.8
                0x00000000080116e8       0x1f ./Drivers/BSP/vl53l0x/vl53l0x_api.o
 *fill*         0x0000000008011707        0x1 
 .rodata.__FUNCTION__.0
                0x0000000008011708       0x21 ./Drivers/BSP/vl53l0x/vl53l0x_api.o
 *fill*         0x0000000008011729        0x3 
 .rodata.__FUNCTION__.10
                0x000000000801172c       0x28 ./Drivers/BSP/vl53l0x/vl53l0x_api_core.o
 .rodata.__FUNCTION__.9
                0x0000000008011754       0x1b ./Drivers/BSP/vl53l0x/vl53l0x_api_core.o
 *fill*         0x000000000801176f        0x1 
 .rodata.__FUNCTION__.8
                0x0000000008011770       0x1d ./Drivers/BSP/vl53l0x/vl53l0x_api_core.o
 *fill*         0x000000000801178d        0x3 
 .rodata.__FUNCTION__.7
                0x0000000008011790       0x1d ./Drivers/BSP/vl53l0x/vl53l0x_api_core.o
 *fill*         0x00000000080117ad        0x3 
 .rodata.__FUNCTION__.6
                0x00000000080117b0       0x34 ./Drivers/BSP/vl53l0x/vl53l0x_api_core.o
 .rodata.__FUNCTION__.5
                0x00000000080117e4       0x34 ./Drivers/BSP/vl53l0x/vl53l0x_api_core.o
 .rodata.__FUNCTION__.4
                0x0000000008011818       0x1d ./Drivers/BSP/vl53l0x/vl53l0x_api_core.o
 *fill*         0x0000000008011835        0x3 
 .rodata.__FUNCTION__.3
                0x0000000008011838       0x1e ./Drivers/BSP/vl53l0x/vl53l0x_api_core.o
 *fill*         0x0000000008011856        0x2 
 .rodata.__FUNCTION__.2
                0x0000000008011858       0x12 ./Drivers/BSP/vl53l0x/vl53l0x_api_core.o
 *fill*         0x000000000801186a        0x2 
 .rodata.__FUNCTION__.1
                0x000000000801186c       0x1c ./Drivers/BSP/vl53l0x/vl53l0x_api_core.o
 .rodata.__FUNCTION__.0
                0x0000000008011888       0x1d ./Drivers/BSP/vl53l0x/vl53l0x_api_core.o
 *fill*         0x00000000080118a5        0x3 
 .rodata.flagBitshiftOffset.0
                0x00000000080118a8        0x8 ./Drivers/STM32F4xx_HAL_Driver/Src/stm32f4xx_hal_dma.o
 .rodata._svfprintf_r.str1.1
                0x00000000080118b0       0x11 c:/st/stm32cubeide_1.11.2/stm32cubeide/plugins/com.st.stm32cube.ide.mcu.externaltools.gnu-tools-for-stm32.10.3-2021.10.win32_1.0.100.202210260954/tools/bin/../lib/gcc/arm-none-eabi/10.3.1/../../../../arm-none-eabi/lib/thumb/v7e-m+fp/hard\libc_nano.a(lib_a-nano-svfprintf.o)
 .rodata._printf_i.str1.1
                0x00000000080118c1       0x22 c:/st/stm32cubeide_1.11.2/stm32cubeide/plugins/com.st.stm32cube.ide.mcu.externaltools.gnu-tools-for-stm32.10.3-2021.10.win32_1.0.100.202210260954/tools/bin/../lib/gcc/arm-none-eabi/10.3.1/../../../../arm-none-eabi/lib/thumb/v7e-m+fp/hard\libc_nano.a(lib_a-nano-vfprintf_i.o)
                0x00000000080118e4                . = ALIGN (0x4)
 *fill*         0x00000000080118e3        0x1 

.ARM.extab      0x00000000080118e4        0x0
                0x00000000080118e4                . = ALIGN (0x4)
 *(.ARM.extab* .gnu.linkonce.armextab.*)
                0x00000000080118e4                . = ALIGN (0x4)

.ARM            0x00000000080118e4        0x8
                0x00000000080118e4                . = ALIGN (0x4)
                0x00000000080118e4                __exidx_start = .
 *(.ARM.exidx*)
 .ARM.exidx     0x00000000080118e4        0x8 c:/st/stm32cubeide_1.11.2/stm32cubeide/plugins/com.st.stm32cube.ide.mcu.externaltools.gnu-tools-for-stm32.10.3-2021.10.win32_1.0.100.202210260954/tools/bin/../lib/gcc/arm-none-eabi/10.3.1/thumb/v7e-m+fp/hard\libgcc.a(_udivmoddi4.o)
                0x00000000080118ec                __exidx_end = .
                0x00000000080118ec                . = ALIGN (0x4)

.rel.dyn        0x00000000080118ec        0x0
 .rel.iplt      0x00000000080118ec        0x0 c:/st/stm32cubeide_1.11.2/stm32cubeide/plugins/com.st.stm32cube.ide.mcu.externaltools.gnu-tools-for-stm32.10.3-2021.10.win32_1.0.100.202210260954/tools/bin/../lib/gcc/arm-none-eabi/10.3.1/thumb/v7e-m+fp/hard/crtbegin.o

.preinit_array  0x00000000080118ec        0x0
                0x00000000080118ec                . = ALIGN (0x4)
                0x00000000080118ec                PROVIDE (__preinit_array_start = .)
 *(.preinit_array*)
                0x00000000080118ec                PROVIDE (__preinit_array_end = .)
                0x00000000080118ec                . = ALIGN (0x4)

.init_array     0x00000000080118ec        0x4
                0x00000000080118ec                . = ALIGN (0x4)
                0x00000000080118ec                PROVIDE (__init_array_start = .)
 *(SORT_BY_NAME(.init_array.*))
 *(.init_array*)
 .init_array    0x00000000080118ec        0x4 c:/st/stm32cubeide_1.11.2/stm32cubeide/plugins/com.st.stm32cube.ide.mcu.externaltools.gnu-tools-for-stm32.10.3-2021.10.win32_1.0.100.202210260954/tools/bin/../lib/gcc/arm-none-eabi/10.3.1/thumb/v7e-m+fp/hard/crtbegin.o
                0x00000000080118f0                PROVIDE (__init_array_end = .)
                0x00000000080118f0                . = ALIGN (0x4)

.fini_array     0x00000000080118f0        0x4
                0x00000000080118f0                . = ALIGN (0x4)
                [!provide]                        PROVIDE (__fini_array_start = .)
 *(SORT_BY_NAME(.fini_array.*))
 *(.fini_array*)
 .fini_array    0x00000000080118f0        0x4 c:/st/stm32cubeide_1.11.2/stm32cubeide/plugins/com.st.stm32cube.ide.mcu.externaltools.gnu-tools-for-stm32.10.3-2021.10.win32_1.0.100.202210260954/tools/bin/../lib/gcc/arm-none-eabi/10.3.1/thumb/v7e-m+fp/hard/crtbegin.o
                [!provide]                        PROVIDE (__fini_array_end = .)
                0x00000000080118f4                . = ALIGN (0x4)
                0x00000000080118f4                _sidata = LOADADDR (.data)

.data           0x0000000020000000      0x6a4 load address 0x00000000080118f4
                0x0000000020000000                . = ALIGN (0x4)
                0x0000000020000000                _sdata = .
 *(.data)
 *(.data*)
 .data.echo_on  0x0000000020000000        0x1 ./Blocks/Src/cmdproc.o
                0x0000000020000000                echo_on
 *fill*         0x0000000020000001        0x3 
 .data.UseSensorsMask
                0x0000000020000004        0x4 ./Core/Src/main.o
                0x0000000020000004                UseSensorsMask
 .data.WelcomeMsg
                0x0000000020000008       0x29 ./Core/Src/main.o
                0x0000000020000008                WelcomeMsg
 *fill*         0x0000000020000031        0x3 
 .data.LeakyFactorFix8
                0x0000000020000034        0x4 ./Core/Src/sensor.o
                0x0000000020000034                LeakyFactorFix8
 .data.VL53L0XDevs
                0x0000000020000038      0x320 ./Core/Src/sensor.o
                0x0000000020000038                VL53L0XDevs
 .data.SystemCoreClock
                0x0000000020000358        0x4 ./Core/Src/system_stm32f4xx.o
                0x0000000020000358                SystemCoreClock
 .data.sendpkt  0x000000002000035c        0xa ./DCCCctrl/Src/dcc_tx.o
 *fill*         0x0000000020000366        0x2 
 .data.ans      0x0000000020000368        0xe ./DCCCctrl/Src/dcc_tx_hw.o
                0x0000000020000368                ans
 .data.led_target.2
                0x0000000020000376        0x1 ./DCCCctrl/Src/dccctrl_timing.o
 *fill*         0x0000000020000377        0x1 
 .data.DefaultTuningSettings
                0x0000000020000378       0xf3 ./Drivers/BSP/vl53l0x/vl53l0x_api.o
                0x0000000020000378                DefaultTuningSettings
 *fill*         0x000000002000046b        0x1 
 .data.InterruptThresholdSettings
                0x000000002000046c      0x1b6 ./Drivers/BSP/vl53l0x/vl53l0x_api.o
                0x000000002000046c                InterruptThresholdSettings
 *fill*         0x0000000020000622        0x2 
 .data.refArrayQuadrants
                0x0000000020000624       0x10 ./Drivers/BSP/vl53l0x/vl53l0x_api_calibration.o
                0x0000000020000624                refArrayQuadrants
 .data._trace_level
                0x0000000020000634        0x4 ./Drivers/BSP/vl53l0x/vl53l0x_platform_log.o
                0x0000000020000634                _trace_level
 .data.uwTickPrio
                0x0000000020000638        0x4 ./Drivers/STM32F4xx_HAL_Driver/Src/stm32f4xx_hal.o
                0x0000000020000638                uwTickPrio
 .data.uwTickFreq
                0x000000002000063c        0x1 ./Drivers/STM32F4xx_HAL_Driver/Src/stm32f4xx_hal.o
                0x000000002000063c                uwTickFreq
 *fill*         0x000000002000063d        0x3 
 .data._impure_ptr
                0x0000000020000640        0x4 c:/st/stm32cubeide_1.11.2/stm32cubeide/plugins/com.st.stm32cube.ide.mcu.externaltools.gnu-tools-for-stm32.10.3-2021.10.win32_1.0.100.202210260954/tools/bin/../lib/gcc/arm-none-eabi/10.3.1/../../../../arm-none-eabi/lib/thumb/v7e-m+fp/hard\libc_nano.a(lib_a-impure.o)
                0x0000000020000640                _impure_ptr
 .data.impure_data
                0x0000000020000644       0x60 c:/st/stm32cubeide_1.11.2/stm32cubeide/plugins/com.st.stm32cube.ide.mcu.externaltools.gnu-tools-for-stm32.10.3-2021.10.win32_1.0.100.202210260954/tools/bin/../lib/gcc/arm-none-eabi/10.3.1/../../../../arm-none-eabi/lib/thumb/v7e-m+fp/hard\libc_nano.a(lib_a-impure.o)
 *(.RamFunc)
 *(.RamFunc*)
                0x00000000200006a4                . = ALIGN (0x4)
                0x00000000200006a4                _edata = .

.igot.plt       0x00000000200006a4        0x0 load address 0x0000000008011f98