../Blocks/Src/cmdproc.c:32:10:stack_get	16	static
../Blocks/Src/cmdproc.c:37:6:stack_push	16	static
../Blocks/Src/cmdproc.c:43:10:stack_pop	16	static
../Blocks/Src/cmdproc.c:55:16:cmd_and	16	static
../Blocks/Src/cmdproc.c:63:16:cmd_mul	16	static
../Blocks/Src/cmdproc.c:71:16:cmd_plus	16	static
../Blocks/Src/cmdproc.c:79:16:cmd_plusplus	4	static
../Blocks/Src/cmdproc.c:85:16:cmd_minus	16	static
../Blocks/Src/cmdproc.c:93:16:cmd_minusminus	4	static
../Blocks/Src/cmdproc.c:99:16:print_stack	32	static
../Blocks/Src/cmdproc.c:113:16:cmd_dotdot	8	static
../Blocks/Src/cmdproc.c:118:16:cmd_dotdotx	8	static
../Blocks/Src/cmdproc.c:123:16:cmd_div	16	static
../Blocks/Src/cmdproc.c:131:16:cmd_xor	16	static
../Blocks/Src/cmdproc.c:139:16:cmd_readword	24	static
../Blocks/Src/cmdproc.c:150:16:cmd_or	16	static
../Blocks/Src/cmdproc.c:175:7:cmd_tlookup	24	static
../Blocks/Src/cmdproc.c:185:7:stdcmd_lookup	16	static
