../Drivers/CMSIS/Include/core_cm4.h:1688:22:__NVIC_EnableIRQ	16	static
../Drivers/CMSIS/Include/core_cm4.h:1816:22:__NVIC_SetPriority	16	static
../Drivers/CMSIS/Include/core_cm4.h:2022:26:SysTick_Config	16	static
../Core/Src/main.c:147:6:SysTick_Handler	8	static
../Core/Src/main.c:169:6:HAL_Delay	16	static
../Core/Src/main.c:178:13:ClockConfig_F401	4	static
../Core/Src/main.c:202:6:hw_init	8	static
../Core/Src/main.c:263:6:TimeStamp_Reset	8	static
../Core/Src/main.c:269:10:TimeStamp_Get	4	static
../Core/Src/main.c:274:5:BSP_GetPushButton	16	static
../Core/Src/main.c:291:5:PusbButton_WaitUnPress	16	static
../Core/Src/main.c:307:6:OwnDemo	24	static
../Core/Src/main.c:332:5:main	16	static,ignoring_inline_asm
../Core/Src/main.c:411:6:SystemClock_Config	88	static
../Core/Src/main.c:458:13:MX_I2C1_Init	8	static
../Core/Src/main.c:492:13:MX_I2C3_Init	8	static
../Core/Src/main.c:526:13:MX_TIM5_Init	48	static
../Core/Src/main.c:575:13:MX_TIM10_Init	8	static
../Core/Src/main.c:606:13:MX_USART2_UART_Init	8	static
../Core/Src/main.c:637:13:MX_DMA_Init	16	static
../Core/Src/main.c:655:13:MX_GPIO_Init	48	static
../Core/Src/main.c:704:6:HAL_TIM_PeriodElapsedCallback	32	static,ignoring_inline_asm
../Core/Src/main.c:753:6:con_putchar	24	static,ignoring_inline_asm
../Core/Src/main.c:767:6:putstr	16	static
../Core/Src/main.c:775:6:USART2_IRQHandler	16	static
../Core/Src/main.c:803:6:pktdump	16	static
../Core/Src/main.c:808:6:hw_boot	4	static
../Core/Src/main.c:813:6:adc_control	4	static
../Core/Src/main.c:818:6:adc_process	4	static
../Core/Src/main.c:823:6:adc_store_csense	4	static
../Core/Src/main.c:834:6:Error_Handler	4	static,ignoring_inline_asm
