../Core/Src/main.c:196:6:TimeStamp_Reset	8	static
../Core/Src/main.c:201:10:TimeStamp_Get	4	static
../Core/Src/main.c:236:5:BSP_GetPushButton	16	static
../Core/Src/main.c:252:5:PusbButton_WaitUnPress	16	static
../Core/Src/main.c:287:6:HandleError	32	static
../Core/Src/main.c:300:5:DetectSensors	40	static
../Core/Src/main.c:389:6:SetupSingleShot	56	static
../Core/Src/main.c:495:6:RangeToLetter	24	static
../Core/Src/main.c:516:6:Sensor_SetNewRange	16	static
../Core/Src/main.c:537:5:RangeDemo	64	static
../Core/Src/main.c:734:6:ResetAndDetectSensor	24	static
../Core/Src/main.c:742:12:ResetId	16	static
../Core/Src/main.c:799:5:main	40	static
../Core/Src/main.c:990:6:SystemClock_Config	88	static
../Core/Src/main.c:1037:13:MX_I2C1_Init	8	static
../Core/Src/main.c:1071:13:MX_I2C3_Init	8	static
../Core/Src/main.c:1105:13:MX_TIM5_Init	48	static
../Core/Src/main.c:1154:13:MX_TIM10_Init	8	static
../Core/Src/main.c:1185:13:MX_USART2_UART_Init	8	static
../Core/Src/main.c:1216:13:MX_DMA_Init	16	static
../Core/Src/main.c:1234:13:MX_GPIO_Init	48	static
../Core/Src/main.c:1283:6:HAL_TIM_PeriodElapsedCallback	16	static
../Core/Src/main.c:1298:6:Error_Handler	4	static,ignoring_inline_asm
